Archive member included to satisfy reference by file (symbol)

C:/devkitPro/libnx/lib\libnx.a(thread.o)
                              build/main.o (threadCreate)
C:/devkitPro/libnx/lib\libnx.a(virtmem.o)
                              C:/devkitPro/libnx/lib\libnx.a(thread.o) (virtmemLock)
C:/devkitPro/libnx/lib\libnx.a(wait.o)
                              C:/devkitPro/libnx/lib\libnx.a(thread.o) (waitHandles)
C:/devkitPro/libnx/lib\libnx.a(acc.o)
                              build/main.o (accountInitialize)
C:/devkitPro/libnx/lib\libnx.a(applet.o)
                              C:/devkitPro/libnx/lib\libnx.a(acc.o) (appletStorageClose)
C:/devkitPro/libnx/lib\libnx.a(clkrst.o)
                              build/main.o (clkrstInitialize)
C:/devkitPro/libnx/lib\libnx.a(fs.o)
                              build/main.o (fsOpenBisFileSystem)
C:/devkitPro/libnx/lib\libnx.a(lbl.o)
                              build/main.o (lblInitialize)
C:/devkitPro/libnx/lib\libnx.a(nifm.o)
                              build/main.o (nifmInitialize)
C:/devkitPro/libnx/lib\libnx.a(psm.o)
                              build/main.o (psmInitialize)
C:/devkitPro/libnx/lib\libnx.a(set.o)
                              build/main.o (setsysInitialize)
C:/devkitPro/libnx/lib\libnx.a(sm.o)
                              C:/devkitPro/libnx/lib\libnx.a(acc.o) (smGetServiceWrapper)
C:/devkitPro/libnx/lib\libnx.a(tc.o)
                              build/main.o (tcInitialize)
C:/devkitPro/libnx/lib\libnx.a(wlaninf.o)
                              build/main.o (wlaninfInitialize)
C:/devkitPro/libnx/lib\libnx.a(alloc.o)
                              C:/devkitPro/libnx/lib\libnx.a(virtmem.o) (__libnx_alloc)
C:/devkitPro/libnx/lib\libnx.a(diag.o)
                              C:/devkitPro/libnx/lib\libnx.a(thread.o) (diagAbortWithResult)
C:/devkitPro/libnx/lib\libnx.a(env.o)
                              C:/devkitPro/libnx/lib\libnx.a(thread.o) (envGetMainThreadHandle)
C:/devkitPro/libnx/lib\libnx.a(hosversion.o)
                              C:/devkitPro/libnx/lib\libnx.a(acc.o) (hosversionGet)
C:/devkitPro/libnx/lib\libnx.a(pad.o)
                              build/main.o (padConfigureInput)
C:/devkitPro/libnx/lib\libnx.a(console.o)
                              build/main.o (consoleInit)
C:/devkitPro/libnx/lib\libnx.a(console_sw.o)
                              C:/devkitPro/libnx/lib\libnx.a(console.o) (getDefaultConsoleRenderer)
C:/devkitPro/libnx/lib\libnx.a(socket.o)
                              build/main.o (socketExit)
C:/devkitPro/libnx/lib\libnx.a(svc.o)
                              C:/devkitPro/libnx/lib\libnx.a(thread.o) (svcMapMemory)
C:/devkitPro/libnx/lib\libnx.a(readtp.o)
                              C:/devkitPro/libnx/lib\libnx.a(fs.o) (__aarch64_read_tp)
C:/devkitPro/libnx/lib\libnx.a(switch_crt0.o)
                              (_start)
C:/devkitPro/libnx/lib\libnx.a(default_font.bin.o)
                              C:/devkitPro/libnx/lib\libnx.a(console.o) (default_font_bin)
C:/devkitPro/libnx/lib\libnx.a(event.o)
                              C:/devkitPro/libnx/lib\libnx.a(applet.o) (eventLoadRemote)
C:/devkitPro/libnx/lib\libnx.a(mutex.o)
                              C:/devkitPro/libnx/lib\libnx.a(thread.o) (mutexLock)
C:/devkitPro/libnx/lib\libnx.a(random.o)
                              C:/devkitPro/libnx/lib\libnx.a(virtmem.o) (randomGet64)
C:/devkitPro/libnx/lib\libnx.a(tmem.o)
                              C:/devkitPro/libnx/lib\libnx.a(applet.o) (tmemCreate)
C:/devkitPro/libnx/lib\libnx.a(sessionmgr.o)
                              C:/devkitPro/libnx/lib\libnx.a(fs.o) (sessionmgrCreate)
C:/devkitPro/libnx/lib\libnx.a(apm.o)
                              C:/devkitPro/libnx/lib\libnx.a(applet.o) (apmInitialize)
C:/devkitPro/libnx/lib\libnx.a(bsd.o)
                              C:/devkitPro/libnx/lib\libnx.a(socket.o) (g_bsdResult)
C:/devkitPro/libnx/lib\libnx.a(hid.o)
                              C:/devkitPro/libnx/lib\libnx.a(pad.o) (hidGetNpadStyleSet)
C:/devkitPro/libnx/lib\libnx.a(ssl.o)
                              C:/devkitPro/libnx/lib\libnx.a(socket.o) (sslConnectionSetSocketDescriptor)
C:/devkitPro/libnx/lib\libnx.a(default_window.o)
                              C:/devkitPro/libnx/lib\libnx.a(console_sw.o) (nwindowGetDefault)
C:/devkitPro/libnx/lib\libnx.a(framebuffer.o)
                              C:/devkitPro/libnx/lib\libnx.a(console_sw.o) (framebufferMakeLinear)
C:/devkitPro/libnx/lib\libnx.a(native_window.o)
                              C:/devkitPro/libnx/lib\libnx.a(framebuffer.o) (nwindowIsValid)
C:/devkitPro/libnx/lib\libnx.a(argv.o)
                              C:/devkitPro/libnx/lib\libnx.a(switch_crt0.o) (__system_argc)
C:/devkitPro/libnx/lib\libnx.a(dynamic.o)
                              C:/devkitPro/libnx/lib\libnx.a(switch_crt0.o) (__nx_dynamic)
C:/devkitPro/libnx/lib\libnx.a(init.o)
                              C:/devkitPro/libnx/lib\libnx.a(switch_crt0.o) (__libnx_init)
[...]
Memory Configuration

Name             Origin             Length             Attributes
*default*        0x0000000000000000 0xffffffffffffffff

Linker script and memory map

                0x0000000000000000                PROVIDE (__start__ = 0x0)
                0x0000000000000000                . = __start__
                [!provide]                        PROVIDE (__code_start = .)

.text           0x0000000000000000    0x34f08
 *(.crt0)
 .crt0          0x0000000000000000      0x130 C:/devkitPro/libnx/lib\libnx.a(switch_crt0.o)
                0x0000000000000000                _start
                0x00000000000000e0                __nx_exit
                0x00000000000000f0                __nx_mod0
 *(.text.unlikely .text.*_unlikely .text.unlikely.*)
 *(.text.exit .text.exit.*)
 *fill*         0x0000000000000130       0x10 
 .text.exit     0x0000000000000140       0x34 C:/devkitPro/devkitA64/bin/../lib/gcc/aarch64-none-elf/15.2.0/../../../../aarch64-none-elf/lib/pic\libc.a(libc_a-exit.o)
                0x0000000000000140                exit
 *(.text.startup .text.startup.*)
 *fill*         0x0000000000000174        0xc 
 .text.startup.main
                0x0000000000000180      0x398 build/main.o
                0x0000000000000180                main
 *(.text.hot .text.hot.*)
 *(.text .stub .text.* .gnu.linkonce.t.*)
 *fill*         0x0000000000000518        0x8 
 .text.__do_global_dtors_aux
                0x0000000000000520       0x50 C:/devkitPro/devkitA64/bin/../lib/gcc/aarch64-none-elf/15.2.0/pic/crtbegin.o
 *fill*         0x0000000000000570       0x10 
 .text.frame_dummy
                0x0000000000000580       0x24 C:/devkitPro/devkitA64/bin/../lib/gcc/aarch64-none-elf/15.2.0/pic/crtbegin.o
 *fill*         0x00000000000005a4        0xc 
 .text.tabs     0x00000000000005b0      0x168 build/main.o
 *fill*         0x0000000000000718        0x8 
 .text.ftp_stop.part.0
                0x0000000000000720       0x40 build/main.o
 .text.fclean.constprop.0
                0x0000000000000760       0xdc build/main.o
 *fill*         0x000000000000083c        0x4 
 .text.drawbar.constprop.0
                0x0000000000000840       0xd4 build/main.o
 *fill*         0x0000000000000914        0xc 
 .text.pg4      0x0000000000000920      0x230 build/main.o
 .text.pg2      0x0000000000000b50      0x418 build/main.o
 *fill*         0x0000000000000f68        0x8 
 .text.pg1      0x0000000000000f70      0x510 build/main.o
 .text.pg0      0x0000000000001480      0x600 build/main.o
 .text.pg3      0x0000000000001a80      0x400 build/main.o
 .text.fcli     0x0000000000001e80      0x874 build/main.o
 *fill*         0x00000000000026f4        0xc 
 .text.fserve   0x0000000000002700      0x108 build/main.o
 *fill*         0x0000000000002808        0x8 
 .text.__libnx_init_thread
                0x0000000000002810       0xb0 C:/devkitPro/libnx/lib\libnx.a(thread.o)
                0x0000000000002810                __libnx_init_thread
 .text.threadCreate
                0x00000000000028c0      0x34c C:/devkitPro/libnx/lib\libnx.a(thread.o)
                0x00000000000028c0                threadCreate
 *fill*         0x0000000000002c0c        0x4 
 .text.threadExit
                0x0000000000002c10       0xa4 C:/devkitPro/libnx/lib\libnx.a(thread.o)
                0x0000000000002c10                threadExit
 *fill*         0x0000000000002cb4        0xc 
 .text._EntryWrap
                0x0000000000002cc0       0xac C:/devkitPro/libnx/lib\libnx.a(thread.o)
 *fill*         0x0000000000002d6c        0x4 
 .text.threadStart
                0x0000000000002d70        0x8 C:/devkitPro/libnx/lib\libnx.a(thread.o)
                0x0000000000002d70                threadStart
 *fill*         0x0000000000002d78        0x8 
 .text.threadWaitForExit
                0x0000000000002d80       0x2c C:/devkitPro/libnx/lib\libnx.a(thread.o)
                0x0000000000002d80                threadWaitForExit
 *fill*         0x0000000000002dac        0x4 
 .text.threadClose
                0x0000000000002db0       0xa4 C:/devkitPro/libnx/lib\libnx.a(thread.o)
                0x0000000000002db0                threadClose
 *fill*         0x0000000000002e54        0xc 
 .text._memregionInitWithInfo
                0x0000000000002e60       0x64 C:/devkitPro/libnx/lib\libnx.a(virtmem.o)
 *fill*         0x0000000000002ec4        0xc 
 .text.__libnx_virtmem_rng
                0x0000000000002ed0        0x4 C:/devkitPro/libnx/lib\libnx.a(virtmem.o)
                0x0000000000002ed0                __libnx_virtmem_rng
 *fill*         0x0000000000002ed4        0xc 
 .text._memregionFindRandom
                0x0000000000002ee0      0x164 C:/devkitPro/libnx/lib\libnx.a(virtmem.o)
 *fill*         0x0000000000003044        0xc 
 .text.virtmemSetup
                0x0000000000003050      0x140 C:/devkitPro/libnx/lib\libnx.a(virtmem.o)
                0x0000000000003050                virtmemSetup
 .text.virtmemLock
                0x0000000000003190        0xc C:/devkitPro/libnx/lib\libnx.a(virtmem.o)
                0x0000000000003190                virtmemLock
 *fill*         0x000000000000319c        0x4 
 .text.virtmemUnlock
                0x00000000000031a0        0xc C:/devkitPro/libnx/lib\libnx.a(virtmem.o)
                0x00000000000031a0                virtmemUnlock
 *fill*         0x00000000000031ac        0x4 
 .text.virtmemFindAslr
                0x00000000000031b0       0x50 C:/devkitPro/libnx/lib\libnx.a(virtmem.o)
                0x00000000000031b0                virtmemFindAslr
 .text.virtmemFindStack
                0x0000000000003200       0x50 C:/devkitPro/libnx/lib\libnx.a(virtmem.o)
                0x0000000000003200                virtmemFindStack
 .text.waitObjects
                0x0000000000003250      0x57c C:/devkitPro/libnx/lib\libnx.a(wait.o)
                0x0000000000003250                waitObjects
 *fill*         0x00000000000037cc        0x4 
 .text.waitHandles
                0x00000000000037d0      0x118 C:/devkitPro/libnx/lib\libnx.a(wait.o)
                0x00000000000037d0                waitHandles
 *fill*         0x00000000000038e8        0x8 
 .text._accountCleanup
                0x00000000000038f0       0x78 C:/devkitPro/libnx/lib\libnx.a(acc.o)
 *fill*         0x0000000000003968        0x8 
 .text.accountInitialize
                0x0000000000003970      0x2cc C:/devkitPro/libnx/lib\libnx.a(acc.o)
                0x0000000000003970                accountInitialize
 *fill*         0x0000000000003c3c        0x4 
 .text.accountExit
                0x0000000000003c40       0x48 C:/devkitPro/libnx/lib\libnx.a(acc.o)
                0x0000000000003c40                accountExit
 *fill*         0x0000000000003c88        0x8 
 .text.accountGetProfile
                0x0000000000003c90      0x10c C:/devkitPro/libnx/lib\libnx.a(acc.o)
                0x0000000000003c90                accountGetProfile
 *fill*         0x0000000000003d9c        0x4 
 .text.accountProfileClose
                0x0000000000003da0       0x64 C:/devkitPro/libnx/lib\libnx.a(acc.o)
                0x0000000000003da0                accountProfileClose
 *fill*         0x0000000000003e04        0xc 
 .text.accountProfileGet
                0x0000000000003e10      0x1cc C:/devkitPro/libnx/lib\libnx.a(acc.o)
                0x0000000000003e10                accountProfileGet
 *fill*         0x0000000000003fdc        0x4 
 .text.accountGetPreselectedUser
                0x0000000000003fe0       0x2c C:/devkitPro/libnx/lib\libnx.a(acc.o)
                0x0000000000003fe0                accountGetPreselectedUser
 *fill*         0x000000000000400c        0x4 
 .text._appletInfiniteSleepLoop
                0x0000000000004010       0x18 C:/devkitPro/libnx/lib\libnx.a(applet.o)
 *fill*         0x0000000000004028        0x8 
 .text._appletCmdGetSession
                0x0000000000004030      0x108 C:/devkitPro/libnx/lib\libnx.a(applet.o)
 *fill*         0x0000000000004138        0x8 
 .text._appletCmdInU8NoOut
                0x0000000000004140       0xcc C:/devkitPro/libnx/lib\libnx.a(applet.o)
 *fill*         0x000000000000420c        0x4 
 .text._appletCmdInU32NoOut
                0x0000000000004210       0xcc C:/devkitPro/libnx/lib\libnx.a(applet.o)
 *fill*         0x00000000000042dc        0x4 
 .text._appletGetSessionProxy.constprop.0
                0x00000000000042e0      0x12c C:/devkitPro/libnx/lib\libnx.a(applet.o)
 *fill*         0x000000000000440c        0x4 
 .text._appletOpenLibraryAppletProxy.constprop.0
                0x0000000000004410      0x148 C:/devkitPro/libnx/lib\libnx.a(applet.o)
 *fill*         0x0000000000004558        0x8 
 .text._appletCmdGetEvent
                0x0000000000004560       0xf8 C:/devkitPro/libnx/lib\libnx.a(applet.o)
 *fill*         0x0000000000004658        0x8 
 .text._appletStorageRW.part.0
                0x0000000000004660      0x284 C:/devkitPro/libnx/lib\libnx.a(applet.o)
 *fill*         0x00000000000048e4        0xc 
 .text._appletCmdNoInOutU8.isra.0
                0x00000000000048f0       0xd4 C:/devkitPro/libnx/lib\libnx.a(applet.o)
 *fill*         0x00000000000049c4        0xc 
 .text._appletCmdNoInOutU32.isra.0
                0x00000000000049d0       0xd4 C:/devkitPro/libnx/lib\libnx.a(applet.o)
 *fill*         0x0000000000004aa4        0xc 
 .text._appletCmdNoInOutU64.isra.0
                0x0000000000004ab0       0xd4 C:/devkitPro/libnx/lib\libnx.a(applet.o)
 *fill*         0x0000000000004b84        0xc 
 .text._appletCmdNoIO.isra.0
                0x0000000000004b90       0xc0 C:/devkitPro/libnx/lib\libnx.a(applet.o)
 .text.appletGetAppletType
                0x0000000000004c50       0x10 C:/devkitPro/libnx/lib\libnx.a(applet.o)
                0x0000000000004c50                appletGetAppletType
 .text.appletSetFocusHandlingMode
                0x0000000000004c60      0x1b8 C:/devkitPro/libnx/lib\libnx.a(applet.o)
                0x0000000000004c60                appletSetFocusHandlingMode
 *fill*         0x0000000000004e18        0x8 
 .text.appletSetCpuBoostMode
                0x0000000000004e20       0x5c C:/devkitPro/libnx/lib\libnx.a(applet.o)
                0x0000000000004e20                appletSetCpuBoostMode
 *fill*         0x0000000000004e7c        0x4 
 .text.appletCreateManagedDisplayLayer
                0x0000000000004e80       0x2c C:/devkitPro/libnx/lib\libnx.a(applet.o)
                0x0000000000004e80                appletCreateManagedDisplayLayer
 *fill*         0x0000000000004eac        0x4 
 .text.appletGetAppletResourceUserId
                0x0000000000004eb0        0xc C:/devkitPro/libnx/lib\libnx.a(applet.o)
                0x0000000000004eb0                appletGetAppletResourceUserId
 *fill*         0x0000000000004ebc        0x4 
 .text._appletHolderCreateState
                0x0000000000004ec0      0x138 C:/devkitPro/libnx/lib\libnx.a(applet.o)
 *fill*         0x0000000000004ff8        0x8 
 .text.appletHolderClose
                0x0000000000005000       0xb0 C:/devkitPro/libnx/lib\libnx.a(applet.o)
                0x0000000000005000                appletHolderClose
 .text.appletHolderGetLibraryAppletInfo
                0x00000000000050b0       0x24 C:/devkitPro/libnx/lib\libnx.a(applet.o)
                0x00000000000050b0                appletHolderGetLibraryAppletInfo
 *fill*         0x00000000000050d4        0xc 
 .text.appletStorageClose
                0x00000000000050e0       0x90 C:/devkitPro/libnx/lib\libnx.a(applet.o)
                0x00000000000050e0                appletStorageClose
 .text.appletStorageGetSize
                0x0000000000005170       0xe0 C:/devkitPro/libnx/lib\libnx.a(applet.o)
                0x0000000000005170                appletStorageGetSize
 .text.appletStorageRead
                0x0000000000005250       0x18 C:/devkitPro/libnx/lib\libnx.a(applet.o)
                0x0000000000005250                appletStorageRead
 *fill*         0x0000000000005268        0x8 
 .text.appletPopLaunchParameter
                0x0000000000005270      0x154 C:/devkitPro/libnx/lib\libnx.a(applet.o)
                0x0000000000005270                appletPopLaunchParameter
 *fill*         0x00000000000053c4        0xc 
 .text.appletNotifyRunning
                0x00000000000053d0       0x90 C:/devkitPro/libnx/lib\libnx.a(applet.o)
                0x00000000000053d0                appletNotifyRunning
 .text.appletSetGamePlayRecordingState
                0x0000000000005460       0x78 C:/devkitPro/libnx/lib\libnx.a(applet.o)
                0x0000000000005460                appletSetGamePlayRecordingState
 *fill*         0x00000000000054d8        0x8 
 .text._appletCleanup
                0x00000000000054e0      0xad4 C:/devkitPro/libnx/lib\libnx.a(applet.o)
 *fill*         0x0000000000005fb4        0xc 
 .text.appletExit
                0x0000000000005fc0       0x48 C:/devkitPro/libnx/lib\libnx.a(applet.o)
                0x0000000000005fc0                appletExit
 *fill*         0x0000000000006008        0x8 
 .text.appletGetLibraryAppletInfo
                0x0000000000006010       0x40 C:/devkitPro/libnx/lib\libnx.a(applet.o)
                0x0000000000006010                appletGetLibraryAppletInfo
 .text.appletInitialize
                0x0000000000006050      0xc14 C:/devkitPro/libnx/lib\libnx.a(applet.o)
                0x0000000000006050                appletInitialize
 *fill*         0x0000000000006c64        0xc 
 .text._appletExitProcess
                0x0000000000006c70       0x24 C:/devkitPro/libnx/lib\libnx.a(applet.o)
 *fill*         0x0000000000006c94        0xc 
 .text.appletGetOperationMode
                0x0000000000006ca0        0xc C:/devkitPro/libnx/lib\libnx.a(applet.o)
                0x0000000000006ca0                appletGetOperationMode
 *fill*         0x0000000000006cac        0x4 
 .text.appletGetMessage
                0x0000000000006cb0       0x74 C:/devkitPro/libnx/lib\libnx.a(applet.o)
                0x0000000000006cb0                appletGetMessage
 *fill*         0x0000000000006d24        0xc 
 .text.appletProcessMessage
                0x0000000000006d30      0x264 C:/devkitPro/libnx/lib\libnx.a(applet.o)
                0x0000000000006d30                appletProcessMessage
 *fill*         0x0000000000006f94        0xc 
 .text.appletMainLoop
                0x0000000000006fa0       0x34 C:/devkitPro/libnx/lib\libnx.a(applet.o)
                0x0000000000006fa0                appletMainLoop
 *fill*         0x0000000000006fd4        0xc 
 .text._clkrstCleanup
                0x0000000000006fe0       0x78 C:/devkitPro/libnx/lib\libnx.a(clkrst.o)
 *fill*         0x0000000000007058        0x8 
 .text.clkrstInitialize
                0x0000000000007060       0xc0 C:/devkitPro/libnx/lib\libnx.a(clkrst.o)
                0x0000000000007060                clkrstInitialize
 .text.clkrstExit
                0x0000000000007120       0x48 C:/devkitPro/libnx/lib\libnx.a(clkrst.o)
                0x0000000000007120                clkrstExit
 *fill*         0x0000000000007168        0x8 
 .text.clkrstOpenSession
                0x0000000000007170      0x10c C:/devkitPro/libnx/lib\libnx.a(clkrst.o)
                0x0000000000007170                clkrstOpenSession
 *fill*         0x000000000000727c        0x4 
 .text.clkrstCloseSession
                0x0000000000007280       0x64 C:/devkitPro/libnx/lib\libnx.a(clkrst.o)
                0x0000000000007280                clkrstCloseSession
 *fill*         0x00000000000072e4        0xc 
 .text.clkrstGetClockRate
                0x00000000000072f0       0xcc C:/devkitPro/libnx/lib\libnx.a(clkrst.o)
                0x00000000000072f0                clkrstGetClockRate
 *fill*         0x00000000000073bc        0x4 
 .text._fsCleanup
                0x00000000000073c0       0xb4 C:/devkitPro/libnx/lib\libnx.a(fs.o)
 *fill*         0x0000000000007474        0xc 
 .text._fsCmdNoIO
                0x0000000000007480      0x1c0 C:/devkitPro/libnx/lib\libnx.a(fs.o)
 .text._fsFsCmdWithInPath
                0x0000000000007640      0x1e0 C:/devkitPro/libnx/lib\libnx.a(fs.o)
 .text._fsFsCmdWithTwoInPaths
                0x0000000000007820      0x1f8 C:/devkitPro/libnx/lib\libnx.a(fs.o)
 *fill*         0x0000000000007a18        0x8 
 .text._fsFsOpenCommon
                0x0000000000007a20      0x28c C:/devkitPro/libnx/lib\libnx.a(fs.o)
 *fill*         0x0000000000007cac        0x4 
 .text._fsFsCmdWithInPathAndOutU64
                0x0000000000007cb0      0x1fc C:/devkitPro/libnx/lib\libnx.a(fs.o)
 *fill*         0x0000000000007eac        0x4 
 .text._fsObjectClose
                0x0000000000007eb0       0xf8 C:/devkitPro/libnx/lib\libnx.a(fs.o)
 *fill*         0x0000000000007fa8        0x8 
 .text._fsCmdGetSession.constprop.0
                0x0000000000007fb0      0x17c C:/devkitPro/libnx/lib\libnx.a(fs.o)
 *fill*         0x000000000000812c        0x4 
 .text.fsInitialize
                0x0000000000008130      0x2f8 C:/devkitPro/libnx/lib\libnx.a(fs.o)
                0x0000000000008130                fsInitialize
 *fill*         0x0000000000008428        0x8 
 .text.fsExit   0x0000000000008430       0x48 C:/devkitPro/libnx/lib\libnx.a(fs.o)
                0x0000000000008430                fsExit
 *fill*         0x0000000000008478        0x8 
 .text.fsOpenBisFileSystem
                0x0000000000008480      0x1cc C:/devkitPro/libnx/lib\libnx.a(fs.o)
                0x0000000000008480                fsOpenBisFileSystem
 *fill*         0x000000000000864c        0x4 
 .text.fsOpenSdCardFileSystem
                0x0000000000008650        0x8 C:/devkitPro/libnx/lib\libnx.a(fs.o)
                0x0000000000008650                fsOpenSdCardFileSystem
 *fill*         0x0000000000008658        0x8 
 .text.fsFsCreateFile
                0x0000000000008660      0x1ec C:/devkitPro/libnx/lib\libnx.a(fs.o)
                0x0000000000008660                fsFsCreateFile
 *fill*         0x000000000000884c        0x4 
 .text.fsFsDeleteFile
                0x0000000000008850        0x8 C:/devkitPro/libnx/lib\libnx.a(fs.o)
                0x0000000000008850                fsFsDeleteFile
 *fill*         0x0000000000008858        0x8 
 .text.fsFsCreateDirectory
                0x0000000000008860        0x8 C:/devkitPro/libnx/lib\libnx.a(fs.o)
                0x0000000000008860                fsFsCreateDirectory
 *fill*         0x0000000000008868        0x8 
 .text.fsFsDeleteDirectory
                0x0000000000008870        0x8 C:/devkitPro/libnx/lib\libnx.a(fs.o)
                0x0000000000008870                fsFsDeleteDirectory
 *fill*         0x0000000000008878        0x8 
 .text.fsFsRenameFile
                0x0000000000008880        0x8 C:/devkitPro/libnx/lib\libnx.a(fs.o)
                0x0000000000008880                fsFsRenameFile
 *fill*         0x0000000000008888        0x8 
 .text.fsFsRenameDirectory
                0x0000000000008890        0x8 C:/devkitPro/libnx/lib\libnx.a(fs.o)
                0x0000000000008890                fsFsRenameDirectory
 *fill*         0x0000000000008898        0x8 
 .text.fsFsGetEntryType
                0x00000000000088a0      0x1f0 C:/devkitPro/libnx/lib\libnx.a(fs.o)
                0x00000000000088a0                fsFsGetEntryType
 .text.fsFsOpenFile
                0x0000000000008a90        0x8 C:/devkitPro/libnx/lib\libnx.a(fs.o)
                0x0000000000008a90                fsFsOpenFile
 *fill*         0x0000000000008a98        0x8 
 .text.fsFsOpenDirectory
                0x0000000000008aa0        0x8 C:/devkitPro/libnx/lib\libnx.a(fs.o)
                0x0000000000008aa0                fsFsOpenDirectory
 *fill*         0x0000000000008aa8        0x8 
 .text.fsFsGetFreeSpace
                0x0000000000008ab0        0x8 C:/devkitPro/libnx/lib\libnx.a(fs.o)
                0x0000000000008ab0                fsFsGetFreeSpace
 *fill*         0x0000000000008ab8        0x8 
 .text.fsFsGetTotalSpace
                0x0000000000008ac0        0x8 C:/devkitPro/libnx/lib\libnx.a(fs.o)
                0x0000000000008ac0                fsFsGetTotalSpace
 *fill*         0x0000000000008ac8        0x8 
 .text.fsFsGetFileTimeStampRaw
                0x0000000000008ad0      0x230 C:/devkitPro/libnx/lib\libnx.a(fs.o)
                0x0000000000008ad0                fsFsGetFileTimeStampRaw
 .text.fsFsClose
                0x0000000000008d00        0x4 C:/devkitPro/libnx/lib\libnx.a(fs.o)
                0x0000000000008d00                fsFsClose
 *fill*         0x0000000000008d04        0xc 
 .text.fsFileRead
                0x0000000000008d10      0x214 C:/devkitPro/libnx/lib\libnx.a(fs.o)
                0x0000000000008d10                fsFileRead
 *fill*         0x0000000000008f24        0xc 
 .text.fsFileWrite
                0x0000000000008f30      0x1f8 C:/devkitPro/libnx/lib\libnx.a(fs.o)
                0x0000000000008f30                fsFileWrite
 *fill*         0x0000000000009128        0x8 
 .text.fsFileFlush
                0x0000000000009130        0x8 C:/devkitPro/libnx/lib\libnx.a(fs.o)
                0x0000000000009130                fsFileFlush
 *fill*         0x0000000000009138        0x8 
 .text.fsFileSetSize
                0x0000000000009140      0x1c0 C:/devkitPro/libnx/lib\libnx.a(fs.o)
                0x0000000000009140                fsFileSetSize
 .text.fsFileGetSize
                0x0000000000009300      0x1d4 C:/devkitPro/libnx/lib\libnx.a(fs.o)
                0x0000000000009300                fsFileGetSize
 *fill*         0x00000000000094d4        0xc 
 .text.fsFileClose
                0x00000000000094e0        0x4 C:/devkitPro/libnx/lib\libnx.a(fs.o)
                0x00000000000094e0                fsFileClose
 *fill*         0x00000000000094e4        0xc 
 .text.fsDirClose
                0x00000000000094f0        0x4 C:/devkitPro/libnx/lib\libnx.a(fs.o)
                0x00000000000094f0                fsDirClose
 *fill*         0x00000000000094f4        0xc 
 .text.fsDirRead
                0x0000000000009500      0x204 C:/devkitPro/libnx/lib\libnx.a(fs.o)
                0x0000000000009500                fsDirRead
 *fill*         0x0000000000009704        0xc 
 .text._lblCmdNoInOutFloat
                0x0000000000009710       0xd0 C:/devkitPro/libnx/lib\libnx.a(lbl.o)
 .text._lblCleanup
                0x00000000000097e0       0x78 C:/devkitPro/libnx/lib\libnx.a(lbl.o)
 *fill*         0x0000000000009858        0x8 
 .text.lblInitialize
                0x0000000000009860       0x98 C:/devkitPro/libnx/lib\libnx.a(lbl.o)
                0x0000000000009860                lblInitialize
 *fill*         0x00000000000098f8        0x8 
 .text.lblExit  0x0000000000009900       0x48 C:/devkitPro/libnx/lib\libnx.a(lbl.o)
                0x0000000000009900                lblExit
 *fill*         0x0000000000009948        0x8 
 .text.lblGetBrightnessSettingAppliedToBacklight
                0x0000000000009950        0x8 C:/devkitPro/libnx/lib\libnx.a(lbl.o)
                0x0000000000009950                lblGetBrightnessSettingAppliedToBacklight
 *fill*         0x0000000000009958        0x8 
 .text._nifmCleanup
                0x0000000000009960      0x13c C:/devkitPro/libnx/lib\libnx.a(nifm.o)
 *fill*         0x0000000000009a9c        0x4 
 .text.nifmInitialize
                0x0000000000009aa0      0x3c8 C:/devkitPro/libnx/lib\libnx.a(nifm.o)
                0x0000000000009aa0                nifmInitialize
 *fill*         0x0000000000009e68        0x8 
 .text.nifmExit
                0x0000000000009e70       0x48 C:/devkitPro/libnx/lib\libnx.a(nifm.o)
                0x0000000000009e70                nifmExit
 *fill*         0x0000000000009eb8        0x8 
 .text.nifmGetCurrentIpAddress
                0x0000000000009ec0       0xe8 C:/devkitPro/libnx/lib\libnx.a(nifm.o)
                0x0000000000009ec0                nifmGetCurrentIpAddress
 *fill*         0x0000000000009fa8        0x8 
 .text.nifmGetCurrentIpConfigInfo
                0x0000000000009fb0      0x138 C:/devkitPro/libnx/lib\libnx.a(nifm.o)
                0x0000000000009fb0                nifmGetCurrentIpConfigInfo
 *fill*         0x000000000000a0e8        0x8 
 .text.nifmGetInternetConnectionStatus
                0x000000000000a0f0      0x110 C:/devkitPro/libnx/lib\libnx.a(nifm.o)
                0x000000000000a0f0                nifmGetInternetConnectionStatus
 .text._psmCleanup
                0x000000000000a200       0x78 C:/devkitPro/libnx/lib\libnx.a(psm.o)
 *fill*         0x000000000000a278        0x8 
 .text._psmCmdNoInOutU32.constprop.0
                0x000000000000a280       0xd0 C:/devkitPro/libnx/lib\libnx.a(psm.o)
 .text.psmInitialize
                0x000000000000a350       0x98 C:/devkitPro/libnx/lib\libnx.a(psm.o)
                0x000000000000a350                psmInitialize
 *fill*         0x000000000000a3e8        0x8 
 .text.psmExit  0x000000000000a3f0       0x48 C:/devkitPro/libnx/lib\libnx.a(psm.o)
                0x000000000000a3f0                psmExit
 *fill*         0x000000000000a438        0x8 
 .text.psmGetBatteryChargePercentage
                0x000000000000a440        0x8 C:/devkitPro/libnx/lib\libnx.a(psm.o)
                0x000000000000a440                psmGetBatteryChargePercentage
 *fill*         0x000000000000a448        0x8 
 .text.psmGetChargerType
                0x000000000000a450        0x8 C:/devkitPro/libnx/lib\libnx.a(psm.o)
                0x000000000000a450                psmGetChargerType
 *fill*         0x000000000000a458        0x8 
 .text._setsysGetFirmwareVersionImpl
                0x000000000000a460       0xd0 C:/devkitPro/libnx/lib\libnx.a(set.o)
 .text._setsysCleanup
                0x000000000000a530       0x78 C:/devkitPro/libnx/lib\libnx.a(set.o)
 *fill*         0x000000000000a5a8        0x8 
 .text.setsysInitialize
                0x000000000000a5b0       0xa0 C:/devkitPro/libnx/lib\libnx.a(set.o)
                0x000000000000a5b0                setsysInitialize
 .text.setsysExit
                0x000000000000a650       0x48 C:/devkitPro/libnx/lib\libnx.a(set.o)
                0x000000000000a650                setsysExit
 *fill*         0x000000000000a698        0x8 
 .text.setsysGetFirmwareVersion
                0x000000000000a6a0       0x48 C:/devkitPro/libnx/lib\libnx.a(set.o)
                0x000000000000a6a0                setsysGetFirmwareVersion
 *fill*         0x000000000000a6e8        0x8 
 .text.setsysGetSerialNumber
                0x000000000000a6f0       0xd8 C:/devkitPro/libnx/lib\libnx.a(set.o)
                0x000000000000a6f0                setsysGetSerialNumber
 *fill*         0x000000000000a7c8        0x8 
 .text._smCmifCmdInPid
                0x000000000000a7d0       0xcc C:/devkitPro/libnx/lib\libnx.a(sm.o)
 *fill*         0x000000000000a89c        0x4 
 .text._smCleanup
                0x000000000000a8a0       0x78 C:/devkitPro/libnx/lib\libnx.a(sm.o)
 *fill*         0x000000000000a918        0x8 
 .text.smAddOverrideHandle
                0x000000000000a920       0x48 C:/devkitPro/libnx/lib\libnx.a(sm.o)
                0x000000000000a920                smAddOverrideHandle
 *fill*         0x000000000000a968        0x8 
 .text.smGetServiceOverride
                0x000000000000a970       0x54 C:/devkitPro/libnx/lib\libnx.a(sm.o)
                0x000000000000a970                smGetServiceOverride
 *fill*         0x000000000000a9c4        0xc 
 .text.smInitialize
                0x000000000000a9d0      0x1ac C:/devkitPro/libnx/lib\libnx.a(sm.o)
                0x000000000000a9d0                smInitialize
 *fill*         0x000000000000ab7c        0x4 
 .text.smExit   0x000000000000ab80       0x48 C:/devkitPro/libnx/lib\libnx.a(sm.o)
                0x000000000000ab80                smExit
 *fill*         0x000000000000abc8        0x8 
 .text.smGetServiceOriginal
                0x000000000000abd0       0xd0 C:/devkitPro/libnx/lib\libnx.a(sm.o)
                0x000000000000abd0                smGetServiceOriginal
 .text.smGetServiceWrapper
                0x000000000000aca0      0x120 C:/devkitPro/libnx/lib\libnx.a(sm.o)
                0x000000000000aca0                smGetServiceWrapper
 .text._tcCleanup
                0x000000000000adc0       0x78 C:/devkitPro/libnx/lib\libnx.a(tc.o)
 *fill*         0x000000000000ae38        0x8 
 .text.tcInitialize
                0x000000000000ae40       0x94 C:/devkitPro/libnx/lib\libnx.a(tc.o)
                0x000000000000ae40                tcInitialize
 *fill*         0x000000000000aed4        0xc 
 .text.tcExit   0x000000000000aee0       0x48 C:/devkitPro/libnx/lib\libnx.a(tc.o)
                0x000000000000aee0                tcExit
 *fill*         0x000000000000af28        0x8 
 .text.tcGetSkinTemperatureMilliC
                0x000000000000af30       0xf8 C:/devkitPro/libnx/lib\libnx.a(tc.o)
                0x000000000000af30                tcGetSkinTemperatureMilliC
 *fill*         0x000000000000b028        0x8 
 .text._wlaninfCleanup
                0x000000000000b030       0x78 C:/devkitPro/libnx/lib\libnx.a(wlaninf.o)
 *fill*         0x000000000000b0a8        0x8 
 .text._wlaninfCmdNoInOutU32.constprop.0
                0x000000000000b0b0       0xd0 C:/devkitPro/libnx/lib\libnx.a(wlaninf.o)
 .text.wlaninfInitialize
                0x000000000000b180       0xc4 C:/devkitPro/libnx/lib\libnx.a(wlaninf.o)
                0x000000000000b180                wlaninfInitialize
 *fill*         0x000000000000b244        0xc 
 .text.wlaninfExit
                0x000000000000b250       0x48 C:/devkitPro/libnx/lib\libnx.a(wlaninf.o)
                0x000000000000b250                wlaninfExit
 *fill*         0x000000000000b298        0x8 
 .text.wlaninfGetState
                0x000000000000b2a0       0x40 C:/devkitPro/libnx/lib\libnx.a(wlaninf.o)
                0x000000000000b2a0                wlaninfGetState
 .text.wlaninfGetRSSI
                0x000000000000b2e0        0x8 C:/devkitPro/libnx/lib\libnx.a(wlaninf.o)
                0x000000000000b2e0                wlaninfGetRSSI
 *fill*         0x000000000000b2e8        0x8 
 .text.__libnx_alloc
                0x000000000000b2f0        0x4 C:/devkitPro/libnx/lib\libnx.a(alloc.o)
                0x000000000000b2f0                __libnx_alloc
 *fill*         0x000000000000b2f4        0xc 
 .text.__libnx_aligned_alloc
                0x000000000000b300       0x14 C:/devkitPro/libnx/lib\libnx.a(alloc.o)
                0x000000000000b300                __libnx_aligned_alloc
 *fill*         0x000000000000b314        0xc 
 .text.__libnx_free
                0x000000000000b320        0x4 C:/devkitPro/libnx/lib\libnx.a(alloc.o)
                0x000000000000b320                __libnx_free
 *fill*         0x000000000000b324        0xc 
 .text.diagAbortWithResult
                0x000000000000b330       0x1c C:/devkitPro/libnx/lib\libnx.a(diag.o)
                0x000000000000b330                diagAbortWithResult
 *fill*         0x000000000000b34c        0x4 
 .text.envSetup
                0x000000000000b350      0x208 C:/devkitPro/libnx/lib\libnx.a(env.o)
                0x000000000000b350                envSetup
 *fill*         0x000000000000b558        0x8 
 .text.envGetMainThreadHandle
                0x000000000000b560       0x20 C:/devkitPro/libnx/lib\libnx.a(env.o)
                0x000000000000b560                envGetMainThreadHandle
 .text.envIsNso
                0x000000000000b580        0xc C:/devkitPro/libnx/lib\libnx.a(env.o)
                0x000000000000b580                envIsNso
 *fill*         0x000000000000b58c        0x4 
 .text.envHasHeapOverride
                0x000000000000b590       0x14 C:/devkitPro/libnx/lib\libnx.a(env.o)
                0x000000000000b590                envHasHeapOverride
 *fill*         0x000000000000b5a4        0xc 
 .text.envGetHeapOverrideAddr
                0x000000000000b5b0        0xc C:/devkitPro/libnx/lib\libnx.a(env.o)
                0x000000000000b5b0                envGetHeapOverrideAddr
 *fill*         0x000000000000b5bc        0x4 
 .text.envGetHeapOverrideSize
                0x000000000000b5c0        0xc C:/devkitPro/libnx/lib\libnx.a(env.o)
                0x000000000000b5c0                envGetHeapOverrideSize
 *fill*         0x000000000000b5cc        0x4 
 .text.envHasArgv
                0x000000000000b5d0       0x14 C:/devkitPro/libnx/lib\libnx.a(env.o)
                0x000000000000b5d0                envHasArgv
 *fill*         0x000000000000b5e4        0xc 
 .text.envGetArgv
                0x000000000000b5f0        0xc C:/devkitPro/libnx/lib\libnx.a(env.o)
                0x000000000000b5f0                envGetArgv
 *fill*         0x000000000000b5fc        0x4 
 .text.envGetExitFuncPtr
                0x000000000000b600        0xc C:/devkitPro/libnx/lib\libnx.a(env.o)
                0x000000000000b600                envGetExitFuncPtr
 *fill*         0x000000000000b60c        0x4 
 .text.envSetExitFuncPtr
                0x000000000000b610        0xc C:/devkitPro/libnx/lib\libnx.a(env.o)
                0x000000000000b610                envSetExitFuncPtr
 *fill*         0x000000000000b61c        0x4 
 .text.envHasRandomSeed
                0x000000000000b620        0xc C:/devkitPro/libnx/lib\libnx.a(env.o)
                0x000000000000b620                envHasRandomSeed
 *fill*         0x000000000000b62c        0x4 
 .text.envGetRandomSeed
                0x000000000000b630       0x10 C:/devkitPro/libnx/lib\libnx.a(env.o)
                0x000000000000b630                envGetRandomSeed
 .text.envGetUserIdStorage
                0x000000000000b640        0xc C:/devkitPro/libnx/lib\libnx.a(env.o)
                0x000000000000b640                envGetUserIdStorage
 *fill*         0x000000000000b64c        0x4 
 .text.hosversionGet
                0x000000000000b650       0x14 C:/devkitPro/libnx/lib\libnx.a(hosversion.o)
                0x000000000000b650                hosversionGet
 *fill*         0x000000000000b664        0xc 
 .text.hosversionSet
                0x000000000000b670       0x10 C:/devkitPro/libnx/lib\libnx.a(hosversion.o)
                0x000000000000b670                hosversionSet
 .text.padConfigureInput
                0x000000000000b680       0x9c C:/devkitPro/libnx/lib\libnx.a(pad.o)
                0x000000000000b680                padConfigureInput
 *fill*         0x000000000000b71c        0x4 
 .text.padInitializeWithMask
                0x000000000000b720       0x24 C:/devkitPro/libnx/lib\libnx.a(pad.o)
                0x000000000000b720                padInitializeWithMask
 *fill*         0x000000000000b744        0xc 
 .text.padUpdate
                0x000000000000b750      0x29c C:/devkitPro/libnx/lib\libnx.a(pad.o)
                0x000000000000b750                padUpdate
 *fill*         0x000000000000b9ec        0x4 
 .text.consoleDrawChar
                0x000000000000b9f0       0x50 C:/devkitPro/libnx/lib\libnx.a(console.o)
 .text.consoleNewRow
                0x000000000000ba40       0xb8 C:/devkitPro/libnx/lib\libnx.a(console.o)
 *fill*         0x000000000000baf8        0x8 
 .text.consolePrintChar.part.0
                0x000000000000bb00      0x194 C:/devkitPro/libnx/lib\libnx.a(console.o)
 *fill*         0x000000000000bc94        0xc 
 .text.con_write
                0x000000000000bca0      0xdf8 C:/devkitPro/libnx/lib\libnx.a(console.o)
 *fill*         0x000000000000ca98        0x8 
 .text.consoleInit
                0x000000000000caa0      0x160 C:/devkitPro/libnx/lib\libnx.a(console.o)
                0x000000000000caa0                consoleInit
 .text.consoleExit
                0x000000000000cc00       0x44 C:/devkitPro/libnx/lib\libnx.a(console.o)
                0x000000000000cc00                consoleExit
 *fill*         0x000000000000cc44        0xc 
 .text.consoleUpdate
                0x000000000000cc50       0x2c C:/devkitPro/libnx/lib\libnx.a(console.o)
                0x000000000000cc50                consoleUpdate
 *fill*         0x000000000000cc7c        0x4 
 .text.consoleClear
                0x000000000000cc80       0x98 C:/devkitPro/libnx/lib\libnx.a(console.o)
                0x000000000000cc80                consoleClear
 *fill*         0x000000000000cd18        0x8 
 .text.ConsoleSwRenderer_drawChar
                0x000000000000cd20      0x1bc C:/devkitPro/libnx/lib\libnx.a(console_sw.o)
 *fill*         0x000000000000cedc        0x4 
 .text.ConsoleSwRenderer_init
                0x000000000000cee0       0xe8 C:/devkitPro/libnx/lib\libnx.a(console_sw.o)
 *fill*         0x000000000000cfc8        0x8 
 .text.ConsoleSwRenderer_flushAndSwap
                0x000000000000cfd0       0x78 C:/devkitPro/libnx/lib\libnx.a(console_sw.o)
 *fill*         0x000000000000d048        0x8 
 .text.ConsoleSwRenderer_scrollWindow
                0x000000000000d050       0xdc C:/devkitPro/libnx/lib\libnx.a(console_sw.o)
 *fill*         0x000000000000d12c        0x4 
 .text.ConsoleSwRenderer_deinit
                0x000000000000d130       0x50 C:/devkitPro/libnx/lib\libnx.a(console_sw.o)
 .text.getDefaultConsoleRenderer
                0x000000000000d180        0xc C:/devkitPro/libnx/lib\libnx.a(console_sw.o)
                0x000000000000d180                getDefaultConsoleRenderer
 *fill*         0x000000000000d18c        0x4 
 .text._socketGetFd
                0x000000000000d190       0x7c C:/devkitPro/libnx/lib\libnx.a(socket.o)
 *fill*         0x000000000000d20c        0x4 
 .text._socketParseBsdResult.part.0
                0x000000000000d210       0xa4 C:/devkitPro/libnx/lib\libnx.a(socket.o)
 *fill*         0x000000000000d2b4        0xc 
 .text._socketRead
                0x000000000000d2c0       0x50 C:/devkitPro/libnx/lib\libnx.a(socket.o)
 .text._socketWrite
                0x000000000000d310       0x50 C:/devkitPro/libnx/lib\libnx.a(socket.o)
 .text._socketClose
                0x000000000000d360       0x44 C:/devkitPro/libnx/lib\libnx.a(socket.o)
 *fill*         0x000000000000d3a4        0xc 
 .text._socketOpen
                0x000000000000d3b0       0x8c C:/devkitPro/libnx/lib\libnx.a(socket.o)
 *fill*         0x000000000000d43c        0x4 
 .text.socketExit
                0x000000000000d440       0x1c C:/devkitPro/libnx/lib\libnx.a(socket.o)
                0x000000000000d440                socketExit
 *fill*         0x000000000000d45c        0x4 
 .text.socketInitialize
                0x000000000000d460      0x1b4 C:/devkitPro/libnx/lib\libnx.a(socket.o)
                0x000000000000d460                socketInitialize
 *fill*         0x000000000000d614        0xc 
 .text.socket   0x000000000000d620       0x98 C:/devkitPro/libnx/lib\libnx.a(socket.o)
                0x000000000000d620                socket
 *fill*         0x000000000000d6b8        0x8 
 .text.recv     0x000000000000d6c0       0x5c C:/devkitPro/libnx/lib\libnx.a(socket.o)
                0x000000000000d6c0                recv
 *fill*         0x000000000000d71c        0x4 
 .text.send     0x000000000000d720       0x5c C:/devkitPro/libnx/lib\libnx.a(socket.o)
                0x000000000000d720                send
 *fill*         0x000000000000d77c        0x4 
 .text.accept   0x000000000000d780       0xa0 C:/devkitPro/libnx/lib\libnx.a(socket.o)
                0x000000000000d780                accept
 .text.bind     0x000000000000d820       0x60 C:/devkitPro/libnx/lib\libnx.a(socket.o)
                0x000000000000d820                bind
 .text.getsockname
                0x000000000000d880       0x58 C:/devkitPro/libnx/lib\libnx.a(socket.o)
                0x000000000000d880                getsockname
 *fill*         0x000000000000d8d8        0x8 
 .text.listen   0x000000000000d8e0       0x58 C:/devkitPro/libnx/lib\libnx.a(socket.o)
                0x000000000000d8e0                listen
 *fill*         0x000000000000d938        0x8 
 .text.setsockopt
                0x000000000000d940       0x68 C:/devkitPro/libnx/lib\libnx.a(socket.o)
                0x000000000000d940                setsockopt
 *fill*         0x000000000000d9a8        0x8 
 .text.shutdown
                0x000000000000d9b0       0x58 C:/devkitPro/libnx/lib\libnx.a(socket.o)
                0x000000000000d9b0                shutdown
 .text.svcSetHeapSize
                0x000000000000da08       0x14 C:/devkitPro/libnx/lib\libnx.a(svc.o)
                0x000000000000da08                svcSetHeapSize
 .text.svcSetMemoryPermission
                0x000000000000da1c        0x8 C:/devkitPro/libnx/lib\libnx.a(svc.o)
                0x000000000000da1c                svcSetMemoryPermission
 .text.svcSetMemoryAttribute
                0x000000000000da24        0x8 C:/devkitPro/libnx/lib\libnx.a(svc.o)
                0x000000000000da24                svcSetMemoryAttribute
 .text.svcMapMemory
                0x000000000000da2c        0x8 C:/devkitPro/libnx/lib\libnx.a(svc.o)
                0x000000000000da2c                svcMapMemory
 .text.svcUnmapMemory
                0x000000000000da34        0x8 C:/devkitPro/libnx/lib\libnx.a(svc.o)
                0x000000000000da34                svcUnmapMemory
 .text.svcQueryMemory
                0x000000000000da3c       0x14 C:/devkitPro/libnx/lib\libnx.a(svc.o)
                0x000000000000da3c                svcQueryMemory
 .text.svcExitProcess
                0x000000000000da50        0x8 C:/devkitPro/libnx/lib\libnx.a(svc.o)
                0x000000000000da50                svcExitProcess
 .text.svcCreateThread
                0x000000000000da58       0x14 C:/devkitPro/libnx/lib\libnx.a(svc.o)
                0x000000000000da58                svcCreateThread
 .text.svcStartThread
                0x000000000000da6c        0x8 C:/devkitPro/libnx/lib\libnx.a(svc.o)
                0x000000000000da6c                svcStartThread
 .text.svcExitThread
                0x000000000000da74        0x8 C:/devkitPro/libnx/lib\libnx.a(svc.o)
                0x000000000000da74                svcExitThread
 .text.svcSleepThread
                0x000000000000da7c        0x8 C:/devkitPro/libnx/lib\libnx.a(svc.o)
                0x000000000000da7c                svcSleepThread
 .text.svcMapSharedMemory
                0x000000000000da84        0x8 C:/devkitPro/libnx/lib\libnx.a(svc.o)
                0x000000000000da84                svcMapSharedMemory
 .text.svcUnmapSharedMemory
                0x000000000000da8c        0x8 C:/devkitPro/libnx/lib\libnx.a(svc.o)
                0x000000000000da8c                svcUnmapSharedMemory
 .text.svcCreateTransferMemory
                0x000000000000da94       0x14 C:/devkitPro/libnx/lib\libnx.a(svc.o)
                0x000000000000da94                svcCreateTransferMemory
 .text.svcCloseHandle
                0x000000000000daa8        0x8 C:/devkitPro/libnx/lib\libnx.a(svc.o)
                0x000000000000daa8                svcCloseHandle
 .text.svcResetSignal
                0x000000000000dab0        0x8 C:/devkitPro/libnx/lib\libnx.a(svc.o)
                0x000000000000dab0                svcResetSignal
 .text.svcWaitSynchronization
                0x000000000000dab8       0x14 C:/devkitPro/libnx/lib\libnx.a(svc.o)
                0x000000000000dab8                svcWaitSynchronization
 .text.svcArbitrateLock
                0x000000000000dacc        0x8 C:/devkitPro/libnx/lib\libnx.a(svc.o)
                0x000000000000dacc                svcArbitrateLock
 .text.svcArbitrateUnlock
                0x000000000000dad4        0x8 C:/devkitPro/libnx/lib\libnx.a(svc.o)
                0x000000000000dad4                svcArbitrateUnlock
 .text.svcWaitProcessWideKeyAtomic
                0x000000000000dadc        0x8 C:/devkitPro/libnx/lib\libnx.a(svc.o)
                0x000000000000dadc                svcWaitProcessWideKeyAtomic
 .text.svcSignalProcessWideKey
                0x000000000000dae4        0x8 C:/devkitPro/libnx/lib\libnx.a(svc.o)
                0x000000000000dae4                svcSignalProcessWideKey
 .text.svcConnectToNamedPort
                0x000000000000daec       0x14 C:/devkitPro/libnx/lib\libnx.a(svc.o)
                0x000000000000daec                svcConnectToNamedPort
 .text.svcSendSyncRequest
                0x000000000000db00        0x8 C:/devkitPro/libnx/lib\libnx.a(svc.o)
                0x000000000000db00                svcSendSyncRequest
 .text.svcBreak
                0x000000000000db08        0x8 C:/devkitPro/libnx/lib\libnx.a(svc.o)
                0x000000000000db08                svcBreak
 .text.svcReturnFromException
                0x000000000000db10        0x8 C:/devkitPro/libnx/lib\libnx.a(svc.o)
                0x000000000000db10                svcReturnFromException
 .text.svcGetInfo
                0x000000000000db18       0x14 C:/devkitPro/libnx/lib\libnx.a(svc.o)
                0x000000000000db18                svcGetInfo
 .text.svcUnmapTransferMemory
                0x000000000000db2c        0x8 C:/devkitPro/libnx/lib\libnx.a(svc.o)
                0x000000000000db2c                svcUnmapTransferMemory
 .text.__aarch64_read_tp
                0x000000000000db34        0xc C:/devkitPro/libnx/lib\libnx.a(readtp.o)
                0x000000000000db34                __aarch64_read_tp
 .text.eventLoadRemote
                0x000000000000db40        0xc C:/devkitPro/libnx/lib\libnx.a(event.o)
                0x000000000000db40                eventLoadRemote
 *fill*         0x000000000000db4c        0x4 
 .text.eventWait
                0x000000000000db50       0x34 C:/devkitPro/libnx/lib\libnx.a(event.o)
                0x000000000000db50                eventWait
 *fill*         0x000000000000db84        0xc 
 .text.eventClose
                0x000000000000db90       0x54 C:/devkitPro/libnx/lib\libnx.a(event.o)
                0x000000000000db90                eventClose
 *fill*         0x000000000000dbe4        0xc 
 .text.mutexLock
                0x000000000000dbf0       0xc8 C:/devkitPro/libnx/lib\libnx.a(mutex.o)
                0x000000000000dbf0                mutexLock
 *fill*         0x000000000000dcb8        0x8 
 .text.mutexUnlock
                0x000000000000dcc0       0x68 C:/devkitPro/libnx/lib\libnx.a(mutex.o)
                0x000000000000dcc0                mutexUnlock
 *fill*         0x000000000000dd28        0x8 
 .text.mutexIsLockedByCurrentThread
                0x000000000000dd30       0x1c C:/devkitPro/libnx/lib\libnx.a(mutex.o)
                0x000000000000dd30                mutexIsLockedByCurrentThread
 *fill*         0x000000000000dd4c        0x4 
 .text.rmutexLock
                0x000000000000dd50       0x50 C:/devkitPro/libnx/lib\libnx.a(mutex.o)
                0x000000000000dd50                rmutexLock
 .text.rmutexUnlock
                0x000000000000dda0       0x18 C:/devkitPro/libnx/lib\libnx.a(mutex.o)
                0x000000000000dda0                rmutexUnlock
 *fill*         0x000000000000ddb8        0x8 
 .text.randomGet
                0x000000000000ddc0      0x410 C:/devkitPro/libnx/lib\libnx.a(random.o)
                0x000000000000ddc0                randomGet
 .text.randomGet64
                0x000000000000e1d0       0x20 C:/devkitPro/libnx/lib\libnx.a(random.o)
                0x000000000000e1d0                randomGet64
 .text.tmemCreate
                0x000000000000e1f0       0xa8 C:/devkitPro/libnx/lib\libnx.a(tmem.o)
                0x000000000000e1f0                tmemCreate
 *fill*         0x000000000000e298        0x8 
 .text.tmemCreateFromMemory
                0x000000000000e2a0       0x2c C:/devkitPro/libnx/lib\libnx.a(tmem.o)
                0x000000000000e2a0                tmemCreateFromMemory
 *fill*         0x000000000000e2cc        0x4 
 .text.tmemUnmap
                0x000000000000e2d0       0x34 C:/devkitPro/libnx/lib\libnx.a(tmem.o)
                0x000000000000e2d0                tmemUnmap
 *fill*         0x000000000000e304        0xc 
 .text.tmemCloseHandle
                0x000000000000e310       0x30 C:/devkitPro/libnx/lib\libnx.a(tmem.o)
                0x000000000000e310                tmemCloseHandle
 .text.tmemWaitForPermission
                0x000000000000e340       0x9c C:/devkitPro/libnx/lib\libnx.a(tmem.o)
                0x000000000000e340                tmemWaitForPermission
 *fill*         0x000000000000e3dc        0x4 
 .text.tmemClose
                0x000000000000e3e0       0x50 C:/devkitPro/libnx/lib\libnx.a(tmem.o)
                0x000000000000e3e0                tmemClose
 .text.sessionmgrCreate
                0x000000000000e430      0x184 C:/devkitPro/libnx/lib\libnx.a(sessionmgr.o)
                0x000000000000e430                sessionmgrCreate
 *fill*         0x000000000000e5b4        0xc 
 .text.sessionmgrClose
                0x000000000000e5c0       0x84 C:/devkitPro/libnx/lib\libnx.a(sessionmgr.o)
                0x000000000000e5c0                sessionmgrClose
 *fill*         0x000000000000e644        0xc 
 .text.sessionmgrAttachClient
                0x000000000000e650       0xa8 C:/devkitPro/libnx/lib\libnx.a(sessionmgr.o)
                0x000000000000e650                sessionmgrAttachClient
 *fill*         0x000000000000e6f8        0x8 
 .text.sessionmgrDetachClient
                0x000000000000e700       0x60 C:/devkitPro/libnx/lib\libnx.a(sessionmgr.o)
                0x000000000000e700                sessionmgrDetachClient
 .text._apmCleanup
                0x000000000000e760       0xd4 C:/devkitPro/libnx/lib\libnx.a(apm.o)
 *fill*         0x000000000000e834        0xc 
 .text.apmInitialize
                0x000000000000e840      0x194 C:/devkitPro/libnx/lib\libnx.a(apm.o)
                0x000000000000e840                apmInitialize
 *fill*         0x000000000000e9d4        0xc 
 .text.apmExit  0x000000000000e9e0       0x48 C:/devkitPro/libnx/lib\libnx.a(apm.o)
                0x000000000000e9e0                apmExit
 *fill*         0x000000000000ea28        0x8 
 .text.apmSetPerformanceConfiguration
                0x000000000000ea30       0xc8 C:/devkitPro/libnx/lib\libnx.a(apm.o)
                0x000000000000ea30                apmSetPerformanceConfiguration
 *fill*         0x000000000000eaf8        0x8 
 .text._bsdCleanup
                0x000000000000eb00       0xf4 C:/devkitPro/libnx/lib\libnx.a(bsd.o)
 *fill*         0x000000000000ebf4        0xc 
 .text._bsdCmdInDomainTypeProtocol
                0x000000000000ec00      0x144 C:/devkitPro/libnx/lib\libnx.a(bsd.o)
 *fill*         0x000000000000ed44        0xc 
 .text._bsdCmdInSockfdOutSockaddr
                0x000000000000ed50      0x1ec C:/devkitPro/libnx/lib\libnx.a(bsd.o)
 *fill*         0x000000000000ef3c        0x4 
 .text._bsdCmdInSockfdSockaddr
                0x000000000000ef40      0x1ac C:/devkitPro/libnx/lib\libnx.a(bsd.o)
 *fill*         0x000000000000f0ec        0x4 
 .text._bsdRegisterClient.constprop.0
                0x000000000000f0f0      0x124 C:/devkitPro/libnx/lib\libnx.a(bsd.o)
 *fill*         0x000000000000f214        0xc 
 .text.bsdInitialize
                0x000000000000f220      0x358 C:/devkitPro/libnx/lib\libnx.a(bsd.o)
                0x000000000000f220                bsdInitialize
 *fill*         0x000000000000f578        0x8 
 .text.bsdExit  0x000000000000f580       0x48 C:/devkitPro/libnx/lib\libnx.a(bsd.o)
                0x000000000000f580                bsdExit
 *fill*         0x000000000000f5c8        0x8 
 .text.bsdSocket
                0x000000000000f5d0        0x8 C:/devkitPro/libnx/lib\libnx.a(bsd.o)
                0x000000000000f5d0                bsdSocket
 *fill*         0x000000000000f5d8        0x8 
 .text.bsdOpen  0x000000000000f5e0      0x1c8 C:/devkitPro/libnx/lib\libnx.a(bsd.o)
                0x000000000000f5e0                bsdOpen
 *fill*         0x000000000000f7a8        0x8 
 .text.bsdRecv  0x000000000000f7b0      0x1bc C:/devkitPro/libnx/lib\libnx.a(bsd.o)
                0x000000000000f7b0                bsdRecv
 *fill*         0x000000000000f96c        0x4 
 .text.bsdSend  0x000000000000f970      0x1c8 C:/devkitPro/libnx/lib\libnx.a(bsd.o)
                0x000000000000f970                bsdSend
 *fill*         0x000000000000fb38        0x8 
 .text.bsdAccept
                0x000000000000fb40        0x8 C:/devkitPro/libnx/lib\libnx.a(bsd.o)
                0x000000000000fb40                bsdAccept
 *fill*         0x000000000000fb48        0x8 
 .text.bsdBind  0x000000000000fb50        0x8 C:/devkitPro/libnx/lib\libnx.a(bsd.o)
                0x000000000000fb50                bsdBind
 *fill*         0x000000000000fb58        0x8 
 .text.bsdGetSockName
                0x000000000000fb60        0x8 C:/devkitPro/libnx/lib\libnx.a(bsd.o)
                0x000000000000fb60                bsdGetSockName
 *fill*         0x000000000000fb68        0x8 
 .text.bsdListen
                0x000000000000fb70      0x140 C:/devkitPro/libnx/lib\libnx.a(bsd.o)
                0x000000000000fb70                bsdListen
 .text.bsdSetSockOpt
                0x000000000000fcb0      0x1c4 C:/devkitPro/libnx/lib\libnx.a(bsd.o)
                0x000000000000fcb0                bsdSetSockOpt
 *fill*         0x000000000000fe74        0xc 
 .text.bsdShutdown
                0x000000000000fe80      0x140 C:/devkitPro/libnx/lib\libnx.a(bsd.o)
                0x000000000000fe80                bsdShutdown
 .text.bsdWrite
                0x000000000000ffc0      0x1bc C:/devkitPro/libnx/lib\libnx.a(bsd.o)
                0x000000000000ffc0                bsdWrite
 *fill*         0x000000000001017c        0x4 
 .text.bsdRead  0x0000000000010180      0x1b0 C:/devkitPro/libnx/lib\libnx.a(bsd.o)
                0x0000000000010180                bsdRead
 .text.bsdClose
                0x0000000000010330      0x134 C:/devkitPro/libnx/lib\libnx.a(bsd.o)
                0x0000000000010330                bsdClose
 *fill*         0x0000000000010464        0xc 
 .text._hidCleanup
                0x0000000000010470      0x12c C:/devkitPro/libnx/lib\libnx.a(hid.o)
 *fill*         0x000000000001059c        0x4 
 .text._hidCmdInAruidNoOut
                0x00000000000105a0       0xd4 C:/devkitPro/libnx/lib\libnx.a(hid.o)
 *fill*         0x0000000000010674        0xc 
 .text._hidCmdInU32AruidNoOut
                0x0000000000010680       0xe0 C:/devkitPro/libnx/lib\libnx.a(hid.o)
 .text._hidGetStates
                0x0000000000010760      0x194 C:/devkitPro/libnx/lib\libnx.a(hid.o)
 *fill*         0x00000000000108f4        0xc 
 .text.hidInitialize
                0x0000000000010900      0x26c C:/devkitPro/libnx/lib\libnx.a(hid.o)
                0x0000000000010900                hidInitialize
 *fill*         0x0000000000010b6c        0x4 
 .text.hidExit  0x0000000000010b70       0x48 C:/devkitPro/libnx/lib\libnx.a(hid.o)
                0x0000000000010b70                hidExit
 *fill*         0x0000000000010bb8        0x8 
 .text.hidGetSharedmemAddr
                0x0000000000010bc0        0xc C:/devkitPro/libnx/lib\libnx.a(hid.o)
                0x0000000000010bc0                hidGetSharedmemAddr
 *fill*         0x0000000000010bcc        0x4 
 .text.hidGetNpadStyleSet
                0x0000000000010bd0       0x90 C:/devkitPro/libnx/lib\libnx.a(hid.o)
                0x0000000000010bd0                hidGetNpadStyleSet
 .text.hidInitializeNpad
                0x0000000000010c60       0x84 C:/devkitPro/libnx/lib\libnx.a(hid.o)
                0x0000000000010c60                hidInitializeNpad
 *fill*         0x0000000000010ce4        0xc 
 .text.hidGetNpadStatesFullKey
                0x0000000000010cf0       0xa4 C:/devkitPro/libnx/lib\libnx.a(hid.o)
                0x0000000000010cf0                hidGetNpadStatesFullKey
 *fill*         0x0000000000010d94        0xc 
 .text.hidGetNpadStatesHandheld
                0x0000000000010da0       0xa4 C:/devkitPro/libnx/lib\libnx.a(hid.o)
                0x0000000000010da0                hidGetNpadStatesHandheld
 *fill*         0x0000000000010e44        0xc 
 .text.hidGetNpadStatesJoyDual
                0x0000000000010e50       0xa4 C:/devkitPro/libnx/lib\libnx.a(hid.o)
                0x0000000000010e50                hidGetNpadStatesJoyDual
 *fill*         0x0000000000010ef4        0xc 
 .text.hidGetNpadStatesJoyLeft
                0x0000000000010f00       0xa4 C:/devkitPro/libnx/lib\libnx.a(hid.o)
                0x0000000000010f00                hidGetNpadStatesJoyLeft
 *fill*         0x0000000000010fa4        0xc 
 .text.hidGetNpadStatesJoyRight
                0x0000000000010fb0       0xa4 C:/devkitPro/libnx/lib\libnx.a(hid.o)
                0x0000000000010fb0                hidGetNpadStatesJoyRight
 *fill*         0x0000000000011054        0xc 
 .text.hidGetNpadStatesGc
                0x0000000000011060      0x144 C:/devkitPro/libnx/lib\libnx.a(hid.o)
                0x0000000000011060                hidGetNpadStatesGc
 *fill*         0x00000000000111a4        0xc 
 .text.hidGetNpadStatesSystemExt
                0x00000000000111b0       0xa8 C:/devkitPro/libnx/lib\libnx.a(hid.o)
                0x00000000000111b0                hidGetNpadStatesSystemExt
 *fill*         0x0000000000011258        0x8 
 .text.hidSetSupportedNpadStyleSet
                0x0000000000011260        0x8 C:/devkitPro/libnx/lib\libnx.a(hid.o)
                0x0000000000011260                hidSetSupportedNpadStyleSet
 *fill*         0x0000000000011268        0x8 
 .text.hidSetSupportedNpadIdType
                0x0000000000011270      0x100 C:/devkitPro/libnx/lib\libnx.a(hid.o)
                0x0000000000011270                hidSetSupportedNpadIdType
 .text.nwindowGetDefault
                0x0000000000011370        0xc C:/devkitPro/libnx/lib\libnx.a(default_window.o)
                0x0000000000011370                nwindowGetDefault
 *fill*         0x000000000001137c        0x4 
 .text.__nx_win_init
                0x0000000000011380       0xa4 C:/devkitPro/libnx/lib\libnx.a(default_window.o)
                0x0000000000011380                __nx_win_init
 *fill*         0x0000000000011424        0xc 
 .text.__nx_win_exit
                0x0000000000011430       0x34 C:/devkitPro/libnx/lib\libnx.a(default_window.o)
                0x0000000000011430                __nx_win_exit
 *fill*         0x0000000000011464        0xc 
 .text.framebufferMakeLinear
                0x0000000000011470       0x8c C:/devkitPro/libnx/lib\libnx.a(framebuffer.o)
                0x0000000000011470                framebufferMakeLinear
 *fill*         0x00000000000114fc        0x4 
 .text.framebufferClose
                0x0000000000011500       0x84 C:/devkitPro/libnx/lib\libnx.a(framebuffer.o)
                0x0000000000011500                framebufferClose
 *fill*         0x0000000000011584        0xc 
 .text.framebufferCreate
                0x0000000000011590      0x290 C:/devkitPro/libnx/lib\libnx.a(framebuffer.o)
                0x0000000000011590                framebufferCreate
 .text.framebufferBegin
                0x0000000000011820       0x7c C:/devkitPro/libnx/lib\libnx.a(framebuffer.o)
                0x0000000000011820                framebufferBegin
 *fill*         0x000000000001189c        0x4 
 .text.framebufferEnd
                0x00000000000118a0      0x198 C:/devkitPro/libnx/lib\libnx.a(framebuffer.o)
                0x00000000000118a0                framebufferEnd
 *fill*         0x0000000000011a38        0x8 
 .text.nwindowIsValid
                0x0000000000011a40       0x24 C:/devkitPro/libnx/lib\libnx.a(native_window.o)
                0x0000000000011a40                nwindowIsValid
 *fill*         0x0000000000011a64        0xc 
 .text.nwindowClose
                0x0000000000011a70       0x7c C:/devkitPro/libnx/lib\libnx.a(native_window.o)
                0x0000000000011a70                nwindowClose
 *fill*         0x0000000000011aec        0x4 
 .text.nwindowCreate
                0x0000000000011af0       0xf8 C:/devkitPro/libnx/lib\libnx.a(native_window.o)
                0x0000000000011af0                nwindowCreate
 *fill*         0x0000000000011be8        0x8 
 .text.nwindowCreateFromLayer
                0x0000000000011bf0       0x38 C:/devkitPro/libnx/lib\libnx.a(native_window.o)
                0x0000000000011bf0                nwindowCreateFromLayer
 *fill*         0x0000000000011c28        0x8 
 .text.nwindowSetDimensions
                0x0000000000011c30       0x84 C:/devkitPro/libnx/lib\libnx.a(native_window.o)
                0x0000000000011c30                nwindowSetDimensions
 *fill*         0x0000000000011cb4        0xc 
 .text.nwindowConfigureBuffer
                0x0000000000011cc0      0x180 C:/devkitPro/libnx/lib\libnx.a(native_window.o)
                0x0000000000011cc0                nwindowConfigureBuffer
 .text.nwindowDequeueBuffer
                0x0000000000011e40      0x1cc C:/devkitPro/libnx/lib\libnx.a(native_window.o)
                0x0000000000011e40                nwindowDequeueBuffer
 *fill*         0x000000000001200c        0x4 
 .text.nwindowQueueBuffer
                0x0000000000012010      0x12c C:/devkitPro/libnx/lib\libnx.a(native_window.o)
                0x0000000000012010                nwindowQueueBuffer
 *fill*         0x000000000001213c        0x4 
 .text.nwindowReleaseBuffers
                0x0000000000012140       0xbc C:/devkitPro/libnx/lib\libnx.a(native_window.o)
                0x0000000000012140                nwindowReleaseBuffers
 *fill*         0x00000000000121fc        0x4 
 .text.argvSetup
                0x0000000000012200      0x314 C:/devkitPro/libnx/lib\libnx.a(argv.o)
                0x0000000000012200                argvSetup
 *fill*         0x0000000000012514        0xc 
 .text.__nx_dynamic
                0x0000000000012520      0x1fc C:/devkitPro/libnx/lib\libnx.a(dynamic.o)
                0x0000000000012520                __nx_dynamic
 *fill*         0x000000000001271c        0x4 
 .text.__libnx_initheap
                0x0000000000012720       0xd0 C:/devkitPro/libnx/lib\libnx.a(init.o)
                0x0000000000012720                __libnx_initheap
 .text.__appInit
                0x00000000000127f0       0xec C:/devkitPro/libnx/lib\libnx.a(init.o)
                0x00000000000127f0                __appInit
 *fill*         0x00000000000128dc        0x4 
 .text.__appExit
                0x00000000000128e0       0x44 C:/devkitPro/libnx/lib\libnx.a(init.o)
                0x00000000000128e0                __appExit
 *fill*         0x0000000000012924        0xc 
 .text.__libnx_init
                0x0000000000012930       0x2c C:/devkitPro/libnx/lib\libnx.a(init.o)
                0x0000000000012930                __libnx_init
 *fill*         0x000000000001295c        0x4 
 .text.__libnx_exit
                0x0000000000012960       0x1c C:/devkitPro/libnx/lib\libnx.a(init.o)
                0x0000000000012960                __libnx_exit
 *fill*         0x000000000001297c        0x4 
 .text.__syscall_exit
                0x0000000000012980       0x1c C:/devkitPro/libnx/lib\libnx.a(newlib.o)
                0x0000000000012980                __syscall_exit
 *fill*         0x000000000001299c        0x4 
 .text.__syscall_getreent
                0x00000000000129a0       0x34 C:/devkitPro/libnx/lib\libnx.a(newlib.o)
                0x00000000000129a0                __syscall_getreent
 *fill*         0x00000000000129d4        0xc 
 .text.__syscall_lock_acquire
                0x00000000000129e0        0x4 C:/devkitPro/libnx/lib\libnx.a(newlib.o)
                0x00000000000129e0                __syscall_lock_acquire
 *fill*         0x00000000000129e4        0xc 
 .text.__syscall_lock_release
                0x00000000000129f0        0x4 C:/devkitPro/libnx/lib\libnx.a(newlib.o)
                0x00000000000129f0                __syscall_lock_release
 *fill*         0x00000000000129f4        0xc 
 .text.__syscall_lock_acquire_recursive
                0x0000000000012a00        0x4 C:/devkitPro/libnx/lib\libnx.a(newlib.o)
                0x0000000000012a00                __syscall_lock_acquire_recursive
 *fill*         0x0000000000012a04        0xc 
 .text.__syscall_lock_release_recursive
                0x0000000000012a10        0x4 C:/devkitPro/libnx/lib\libnx.a(newlib.o)
                0x0000000000012a10                __syscall_lock_release_recursive
 *fill*         0x0000000000012a14        0xc 
 .text.__libnx_init_time
                0x0000000000012a20      0x25c C:/devkitPro/libnx/lib\libnx.a(newlib.o)
                0x0000000000012a20                __libnx_init_time
 *fill*         0x0000000000012c7c        0x4 
 .text.newlibSetup
                0x0000000000012c80       0x98 C:/devkitPro/libnx/lib\libnx.a(newlib.o)
                0x0000000000012c80                newlibSetup
 *fill*         0x0000000000012d18        0x8 
 .text.nxlinkSetup
                0x0000000000012d20       0xe8 C:/devkitPro/libnx/lib\libnx.a(nxlink.o)
                0x0000000000012d20                nxlinkSetup
 *fill*         0x0000000000012e08        0x8 
 .text._convert_errno
                0x0000000000012e10       0x30 C:/devkitPro/libnx/lib\libnx.a(convert_errno.o)
                0x0000000000012e10                _convert_errno
 .text.fsdev_link
                0x0000000000012e40       0x10 C:/devkitPro/libnx/lib\libnx.a(fs_dev.o)
 .text.fsdev_dirreset
                0x0000000000012e50       0x10 C:/devkitPro/libnx/lib\libnx.a(fs_dev.o)
 .text.fsdev_chmod
                0x0000000000012e60       0x10 C:/devkitPro/libnx/lib\libnx.a(fs_dev.o)
 .text.error_cmp
                0x0000000000012e70       0x18 C:/devkitPro/libnx/lib\libnx.a(fs_dev.o)
 *fill*         0x0000000000012e88        0x8 
 .text.fsdev_dirclose
                0x0000000000012e90       0x20 C:/devkitPro/libnx/lib\libnx.a(fs_dev.o)
 .text.fsdev_close
                0x0000000000012eb0       0x1c C:/devkitPro/libnx/lib\libnx.a(fs_dev.o)
 *fill*         0x0000000000012ecc        0x4 
 .text.fsdev_converttimetoutc
                0x0000000000012ed0       0x74 C:/devkitPro/libnx/lib\libnx.a(fs_dev.o)
 *fill*         0x0000000000012f44        0xc 
 .text.fsdevFindDevice.part.0
                0x0000000000012f50       0xf8 C:/devkitPro/libnx/lib\libnx.a(fs_dev.o)
 *fill*         0x0000000000013048        0x8 
 .text.fsdev_fixpath
                0x0000000000013050      0x1cc C:/devkitPro/libnx/lib\libnx.a(fs_dev.o)
 *fill*         0x000000000001321c        0x4 
 .text._fsdevUnmountDeviceStruct.part.0
                0x0000000000013220       0x9c C:/devkitPro/libnx/lib\libnx.a(fs_dev.o)
 *fill*         0x00000000000132bc        0x4 
 .text.fsdev_fchmod
                0x00000000000132c0       0x10 C:/devkitPro/libnx/lib\libnx.a(fs_dev.o)
 .text.fsdev_diropen
                0x00000000000132d0      0x100 C:/devkitPro/libnx/lib\libnx.a(fs_dev.o)
 .text.fsdev_statvfs
                0x00000000000133d0       0xf8 C:/devkitPro/libnx/lib\libnx.a(fs_dev.o)
 *fill*         0x00000000000134c8        0x8 
 .text.fsdev_fsync
                0x00000000000134d0       0x7c C:/devkitPro/libnx/lib\libnx.a(fs_dev.o)
 *fill*         0x000000000001354c        0x4 
 .text.fsdev_fstat
                0x0000000000013550       0xec C:/devkitPro/libnx/lib\libnx.a(fs_dev.o)
 *fill*         0x000000000001363c        0x4 
 .text.fsdev_ftruncate
                0x0000000000013640       0x94 C:/devkitPro/libnx/lib\libnx.a(fs_dev.o)
 *fill*         0x00000000000136d4        0xc 
 .text.fsdev_stat
                0x00000000000136e0      0x1d8 C:/devkitPro/libnx/lib\libnx.a(fs_dev.o)
 *fill*         0x00000000000138b8        0x8 
 .text.fsdev_rename
                0x00000000000138c0      0x14c C:/devkitPro/libnx/lib\libnx.a(fs_dev.o)
 *fill*         0x0000000000013a0c        0x4 
 .text.fsdev_chdir
                0x0000000000013a10      0x13c C:/devkitPro/libnx/lib\libnx.a(fs_dev.o)
 *fill*         0x0000000000013b4c        0x4 
 .text.fsdev_rmdir
                0x0000000000013b50       0xa4 C:/devkitPro/libnx/lib\libnx.a(fs_dev.o)
 *fill*         0x0000000000013bf4        0xc 
 .text.fsdev_mkdir
                0x0000000000013c00       0xa4 C:/devkitPro/libnx/lib\libnx.a(fs_dev.o)
 *fill*         0x0000000000013ca4        0xc 
 .text.fsdev_unlink
                0x0000000000013cb0       0xa4 C:/devkitPro/libnx/lib\libnx.a(fs_dev.o)
 *fill*         0x0000000000013d54        0xc 
 .text.fsdev_write_safe
                0x0000000000013d60      0x13c C:/devkitPro/libnx/lib\libnx.a(fs_dev.o)
 *fill*         0x0000000000013e9c        0x4 
 .text.fsdev_read_safe
                0x0000000000013ea0      0x134 C:/devkitPro/libnx/lib\libnx.a(fs_dev.o)
 *fill*         0x0000000000013fd4        0xc 
 .text.fsdev_read
                0x0000000000013fe0      0x100 C:/devkitPro/libnx/lib\libnx.a(fs_dev.o)
 .text.fsdev_dirnext
                0x00000000000140e0      0x1d4 C:/devkitPro/libnx/lib\libnx.a(fs_dev.o)
 *fill*         0x00000000000142b4        0xc 
 .text.fsdev_write
                0x00000000000142c0      0x124 C:/devkitPro/libnx/lib\libnx.a(fs_dev.o)
 *fill*         0x00000000000143e4        0xc 
 .text.fsdev_seek
                0x00000000000143f0      0x110 C:/devkitPro/libnx/lib\libnx.a(fs_dev.o)
 .text.fsdev_open
                0x0000000000014500      0x230 C:/devkitPro/libnx/lib\libnx.a(fs_dev.o)
 .text.fsdevMountDevice
                0x0000000000014730      0x324 C:/devkitPro/libnx/lib\libnx.a(fs_dev.o)
                0x0000000000014730                fsdevMountDevice
 *fill*         0x0000000000014a54        0xc 
 .text.fsdevMountSdmc
                0x0000000000014a60       0x40 C:/devkitPro/libnx/lib\libnx.a(fs_dev.o)
                0x0000000000014a60                fsdevMountSdmc
 .text.__libnx_init_cwd
                0x0000000000014aa0       0xbc C:/devkitPro/libnx/lib\libnx.a(fs_dev.o)
                0x0000000000014aa0                __libnx_init_cwd
 *fill*         0x0000000000014b5c        0x4 
 .text.fsdevUnmountAll
                0x0000000000014b60       0x64 C:/devkitPro/libnx/lib\libnx.a(fs_dev.o)
                0x0000000000014b60                fsdevUnmountAll
 *fill*         0x0000000000014bc4        0xc 
 .text.decode_utf8
                0x0000000000014bd0      0x128 C:/devkitPro/libnx/lib\libnx.a(decode_utf8.o)
                0x0000000000014bd0                decode_utf8
 .text.armDCacheFlush
                0x0000000000014cf8       0x4c C:/devkitPro/libnx/lib\libnx.a(cache.o)
                0x0000000000014cf8                armDCacheFlush
 .text.__libnx_exception_entry
                0x0000000000014d44      0x1c0 C:/devkitPro/libnx/lib\libnx.a(exception.o)
                0x0000000000014d44                __libnx_exception_entry
 .text.__libnx_exception_returnentry
                0x0000000000014f04       0x18 C:/devkitPro/libnx/lib\libnx.a(exception.o)
                0x0000000000014f04                __libnx_exception_returnentry
 *fill*         0x0000000000014f1c        0x4 
 .text.condvarWaitTimeout
                0x0000000000014f20       0x70 C:/devkitPro/libnx/lib\libnx.a(condvar.o)
                0x0000000000014f20                condvarWaitTimeout
 .text.shmemLoadRemote
                0x0000000000014f90       0x14 C:/devkitPro/libnx/lib\libnx.a(shmem.o)
                0x0000000000014f90                shmemLoadRemote
 *fill*         0x0000000000014fa4        0xc 
 .text.shmemMap
                0x0000000000014fb0       0x70 C:/devkitPro/libnx/lib\libnx.a(shmem.o)
                0x0000000000014fb0                shmemMap
 .text.shmemUnmap
                0x0000000000015020       0x34 C:/devkitPro/libnx/lib\libnx.a(shmem.o)
                0x0000000000015020                shmemUnmap
 *fill*         0x0000000000015054        0xc 
 .text.shmemClose
                0x0000000000015060       0x4c C:/devkitPro/libnx/lib\libnx.a(shmem.o)
                0x0000000000015060                shmemClose
 *fill*         0x00000000000150ac        0x4 
 .text._nvCleanup
                0x00000000000150b0       0xd0 C:/devkitPro/libnx/lib\libnx.a(nv.o)
 .text._nvCmdInitialize.constprop.0
                0x0000000000015180       0xd4 C:/devkitPro/libnx/lib\libnx.a(nv.o)
 *fill*         0x0000000000015254        0xc 
 .text.__nx_nv_create_tmem
                0x0000000000015260       0x18 C:/devkitPro/libnx/lib\libnx.a(nv.o)
                0x0000000000015260                __nx_nv_create_tmem
 *fill*         0x0000000000015278        0x8 
 .text.nvInitialize
                0x0000000000015280      0x3a8 C:/devkitPro/libnx/lib\libnx.a(nv.o)
                0x0000000000015280                nvInitialize
 *fill*         0x0000000000015628        0x8 
 .text.nvExit   0x0000000000015630       0x48 C:/devkitPro/libnx/lib\libnx.a(nv.o)
                0x0000000000015630                nvExit
 *fill*         0x0000000000015678        0x8 
 .text.nvConvertError
                0x0000000000015680       0xf4 C:/devkitPro/libnx/lib\libnx.a(nv.o)
                0x0000000000015680                nvConvertError
 *fill*         0x0000000000015774        0xc 
 .text.nvOpen   0x0000000000015780      0x114 C:/devkitPro/libnx/lib\libnx.a(nv.o)
                0x0000000000015780                nvOpen
 *fill*         0x0000000000015894        0xc 
 .text.nvIoctl  0x00000000000158a0      0x310 C:/devkitPro/libnx/lib\libnx.a(nv.o)
                0x00000000000158a0                nvIoctl
 .text.nvClose  0x0000000000015bb0       0xd4 C:/devkitPro/libnx/lib\libnx.a(nv.o)
                0x0000000000015bb0                nvClose
 *fill*         0x0000000000015c84        0xc 
 .text.nvQueryEvent
                0x0000000000015c90      0x10c C:/devkitPro/libnx/lib\libnx.a(nv.o)
                0x0000000000015c90                nvQueryEvent
 *fill*         0x0000000000015d9c        0x4 
 .text._timeCleanup
                0x0000000000015da0      0x27c C:/devkitPro/libnx/lib\libnx.a(time.o)
 *fill*         0x000000000001601c        0x4 
 .text._timeCmdGetSession.constprop.0
                0x0000000000016020      0x100 C:/devkitPro/libnx/lib\libnx.a(time.o)
 .text._timeReadClockFromSharedMem
                0x0000000000016120      0x104 C:/devkitPro/libnx/lib\libnx.a(time.o)
 *fill*         0x0000000000016224        0xc 
 .text.timeInitialize
                0x0000000000016230      0x300 C:/devkitPro/libnx/lib\libnx.a(time.o)
                0x0000000000016230                timeInitialize
 .text.timeExit
                0x0000000000016530       0x48 C:/devkitPro/libnx/lib\libnx.a(time.o)
                0x0000000000016530                timeExit
 *fill*         0x0000000000016578        0x8 
 .text.timeGetServiceSession_SystemClock
                0x0000000000016580       0x38 C:/devkitPro/libnx/lib\libnx.a(time.o)
                0x0000000000016580                timeGetServiceSession_SystemClock
 *fill*         0x00000000000165b8        0x8 
 .text.timeGetCurrentTime
                0x00000000000165c0       0xfc C:/devkitPro/libnx/lib\libnx.a(time.o)
                0x00000000000165c0                timeGetCurrentTime
 *fill*         0x00000000000166bc        0x4 
 .text.timeToCalendarTimeWithMyRule
                0x00000000000166c0      0x108 C:/devkitPro/libnx/lib\libnx.a(time.o)
                0x00000000000166c0                timeToCalendarTimeWithMyRule
 *fill*         0x00000000000167c8        0x8 
 .text.timeToPosixTimeWithMyRule
                0x00000000000167d0      0x114 C:/devkitPro/libnx/lib\libnx.a(time.o)
                0x00000000000167d0                timeToPosixTimeWithMyRule
 *fill*         0x00000000000168e4        0xc 
 .text._viCleanup
                0x00000000000168f0      0x230 C:/devkitPro/libnx/lib\libnx.a(vi.o)
 .text._viCmdGetSessionNoParams.constprop.0
                0x0000000000016b20      0x100 C:/devkitPro/libnx/lib\libnx.a(vi.o)
 .text.viInitialize
                0x0000000000016c20      0x368 C:/devkitPro/libnx/lib\libnx.a(vi.o)
                0x0000000000016c20                viInitialize
 *fill*         0x0000000000016f88        0x8 
 .text.viExit   0x0000000000016f90       0x48 C:/devkitPro/libnx/lib\libnx.a(vi.o)
                0x0000000000016f90                viExit
 *fill*         0x0000000000016fd8        0x8 
 .text.viGetSession_IHOSBinderDriverRelay
                0x0000000000016fe0        0xc C:/devkitPro/libnx/lib\libnx.a(vi.o)
                0x0000000000016fe0                viGetSession_IHOSBinderDriverRelay
 *fill*         0x0000000000016fec        0x4 
 .text.viOpenDisplay
                0x0000000000016ff0      0x10c C:/devkitPro/libnx/lib\libnx.a(vi.o)
                0x0000000000016ff0                viOpenDisplay
 *fill*         0x00000000000170fc        0x4 
 .text.viCloseDisplay
                0x0000000000017100       0xec C:/devkitPro/libnx/lib\libnx.a(vi.o)
                0x0000000000017100                viCloseDisplay
 *fill*         0x00000000000171ec        0x4 
 .text.viCloseLayer
                0x00000000000171f0       0xf4 C:/devkitPro/libnx/lib\libnx.a(vi.o)
                0x00000000000171f0                viCloseLayer
 *fill*         0x00000000000172e4        0xc 
 .text.viCreateLayer
                0x00000000000172f0      0x394 C:/devkitPro/libnx/lib\libnx.a(vi.o)
                0x00000000000172f0                viCreateLayer
 *fill*         0x0000000000017684        0xc 
 .text.viSetLayerScalingMode
                0x0000000000017690       0xd8 C:/devkitPro/libnx/lib\libnx.a(vi.o)
                0x0000000000017690                viSetLayerScalingMode
 *fill*         0x0000000000017768        0x8 
 .text._nvFenceCleanup
                0x0000000000017770       0x74 C:/devkitPro/libnx/lib\libnx.a(fence.o)
 *fill*         0x00000000000177e4        0xc 
 .text.nvFenceInit
                0x00000000000177f0       0x98 C:/devkitPro/libnx/lib\libnx.a(fence.o)
                0x00000000000177f0                nvFenceInit
 *fill*         0x0000000000017888        0x8 
 .text.nvFenceExit
                0x0000000000017890       0x48 C:/devkitPro/libnx/lib\libnx.a(fence.o)
                0x0000000000017890                nvFenceExit
 *fill*         0x00000000000178d8        0x8 
 .text.nvFenceWait
                0x00000000000178e0      0x290 C:/devkitPro/libnx/lib\libnx.a(fence.o)
                0x00000000000178e0                nvFenceWait
 .text.nvMultiFenceWait
                0x0000000000017b70       0x7c C:/devkitPro/libnx/lib\libnx.a(fence.o)
                0x0000000000017b70                nvMultiFenceWait
 *fill*         0x0000000000017bec        0x4 
 .text.nvMapInit
                0x0000000000017bf0       0xac C:/devkitPro/libnx/lib\libnx.a(map.o)
                0x0000000000017bf0                nvMapInit
 *fill*         0x0000000000017c9c        0x4 
 .text.nvMapExit
                0x0000000000017ca0       0x74 C:/devkitPro/libnx/lib\libnx.a(map.o)
                0x0000000000017ca0                nvMapExit
 *fill*         0x0000000000017d14        0xc 
 .text.nvMapClose
                0x0000000000017d20       0x8c C:/devkitPro/libnx/lib\libnx.a(map.o)
                0x0000000000017d20                nvMapClose
 *fill*         0x0000000000017dac        0x4 
 .text.nvMapCreate
                0x0000000000017db0      0x160 C:/devkitPro/libnx/lib\libnx.a(map.o)
                0x0000000000017db0                nvMapCreate
 .text.nvioctlNvhostCtrl_EventSignal
                0x0000000000017f10       0x24 C:/devkitPro/libnx/lib\libnx.a(nvhost-ctrl.o)
                0x0000000000017f10                nvioctlNvhostCtrl_EventSignal
 *fill*         0x0000000000017f34        0xc 
 .text.nvioctlNvhostCtrl_EventWait
                0x0000000000017f40       0x3c C:/devkitPro/libnx/lib\libnx.a(nvhost-ctrl.o)
                0x0000000000017f40                nvioctlNvhostCtrl_EventWait
 *fill*         0x0000000000017f7c        0x4 
 .text.nvioctlNvhostCtrl_EventWaitAsync
                0x0000000000017f80       0x28 C:/devkitPro/libnx/lib\libnx.a(nvhost-ctrl.o)
                0x0000000000017f80                nvioctlNvhostCtrl_EventWaitAsync
 *fill*         0x0000000000017fa8        0x8 
 .text.nvioctlNvhostCtrl_EventRegister
                0x0000000000017fb0       0x24 C:/devkitPro/libnx/lib\libnx.a(nvhost-ctrl.o)
                0x0000000000017fb0                nvioctlNvhostCtrl_EventRegister
 *fill*         0x0000000000017fd4        0xc 
 .text.nvioctlNvhostCtrl_EventUnregister
                0x0000000000017fe0       0x24 C:/devkitPro/libnx/lib\libnx.a(nvhost-ctrl.o)
                0x0000000000017fe0                nvioctlNvhostCtrl_EventUnregister
 *fill*         0x0000000000018004        0xc 
 .text.nvioctlNvmap_Create
                0x0000000000018010       0x3c C:/devkitPro/libnx/lib\libnx.a(nvmap.o)
                0x0000000000018010                nvioctlNvmap_Create
 *fill*         0x000000000001804c        0x4 
 .text.nvioctlNvmap_Alloc
                0x0000000000018050       0x30 C:/devkitPro/libnx/lib\libnx.a(nvmap.o)
                0x0000000000018050                nvioctlNvmap_Alloc
 .text.nvioctlNvmap_Free
                0x0000000000018080       0x30 C:/devkitPro/libnx/lib\libnx.a(nvmap.o)
                0x0000000000018080                nvioctlNvmap_Free
 .text.nvioctlNvmap_GetId
                0x00000000000180b0       0x3c C:/devkitPro/libnx/lib\libnx.a(nvmap.o)
                0x00000000000180b0                nvioctlNvmap_GetId
 *fill*         0x00000000000180ec        0x4 
 .text.binderCreate
                0x00000000000180f0       0x1c C:/devkitPro/libnx/lib\libnx.a(binder.o)
                0x00000000000180f0                binderCreate
 *fill*         0x000000000001810c        0x4 
 .text.binderTransactParcel
                0x0000000000018110      0x35c C:/devkitPro/libnx/lib\libnx.a(binder.o)
                0x0000000000018110                binderTransactParcel
 *fill*         0x000000000001846c        0x4 
 .text.binderConvertErrorCode
                0x0000000000018470       0xe8 C:/devkitPro/libnx/lib\libnx.a(binder.o)
                0x0000000000018470                binderConvertErrorCode
 *fill*         0x0000000000018558        0x8 
 .text.binderAdjustRefcount
                0x0000000000018560      0x124 C:/devkitPro/libnx/lib\libnx.a(binder.o)
                0x0000000000018560                binderAdjustRefcount
 *fill*         0x0000000000018684        0xc 
 .text.binderInitSession
                0x0000000000018690       0x9c C:/devkitPro/libnx/lib\libnx.a(binder.o)
                0x0000000000018690                binderInitSession
 *fill*         0x000000000001872c        0x4 
 .text.binderClose
                0x0000000000018730       0x5c C:/devkitPro/libnx/lib\libnx.a(binder.o)
                0x0000000000018730                binderClose
 *fill*         0x000000000001878c        0x4 
 .text.binderGetNativeHandle
                0x0000000000018790      0x154 C:/devkitPro/libnx/lib\libnx.a(binder.o)
                0x0000000000018790                binderGetNativeHandle
 *fill*         0x00000000000188e4        0xc 
 .text.bqRequestBuffer
                0x00000000000188f0       0xc8 C:/devkitPro/libnx/lib\libnx.a(buffer_producer.o)
                0x00000000000188f0                bqRequestBuffer
 *fill*         0x00000000000189b8        0x8 
 .text.bqDequeueBuffer
                0x00000000000189c0      0x128 C:/devkitPro/libnx/lib\libnx.a(buffer_producer.o)
                0x00000000000189c0                bqDequeueBuffer
 *fill*         0x0000000000018ae8        0x8 
 .text.bqQueueBuffer
                0x0000000000018af0       0xc8 C:/devkitPro/libnx/lib\libnx.a(buffer_producer.o)
                0x0000000000018af0                bqQueueBuffer
 *fill*         0x0000000000018bb8        0x8 
 .text.bqCancelBuffer
                0x0000000000018bc0       0x84 C:/devkitPro/libnx/lib\libnx.a(buffer_producer.o)
                0x0000000000018bc0                bqCancelBuffer
 *fill*         0x0000000000018c44        0xc 
 .text.bqConnect
                0x0000000000018c50       0xd0 C:/devkitPro/libnx/lib\libnx.a(buffer_producer.o)
                0x0000000000018c50                bqConnect
 .text.bqDisconnect
                0x0000000000018d20       0x88 C:/devkitPro/libnx/lib\libnx.a(buffer_producer.o)
                0x0000000000018d20                bqDisconnect
 *fill*         0x0000000000018da8        0x8 
 .text.bqSetPreallocatedBuffer
                0x0000000000018db0      0x194 C:/devkitPro/libnx/lib\libnx.a(buffer_producer.o)
                0x0000000000018db0                bqSetPreallocatedBuffer
 *fill*         0x0000000000018f44        0xc 
 .text.parcelCreate
                0x0000000000018f50       0x30 C:/devkitPro/libnx/lib\libnx.a(parcel.o)
                0x0000000000018f50                parcelCreate
 .text.parcelTransact
                0x0000000000018f80      0x174 C:/devkitPro/libnx/lib\libnx.a(parcel.o)
                0x0000000000018f80                parcelTransact
 *fill*         0x00000000000190f4        0xc 
 .text.parcelWriteData
                0x0000000000019100       0x80 C:/devkitPro/libnx/lib\libnx.a(parcel.o)
                0x0000000000019100                parcelWriteData
 .text.parcelReadData
                0x0000000000019180       0x88 C:/devkitPro/libnx/lib\libnx.a(parcel.o)
                0x0000000000019180                parcelReadData
 *fill*         0x0000000000019208        0x8 
 .text.parcelWriteInt32
                0x0000000000019210       0x20 C:/devkitPro/libnx/lib\libnx.a(parcel.o)
                0x0000000000019210                parcelWriteInt32
 .text.parcelWriteUInt32
                0x0000000000019230       0x20 C:/devkitPro/libnx/lib\libnx.a(parcel.o)
                0x0000000000019230                parcelWriteUInt32
 .text.parcelWriteString16
                0x0000000000019250       0x7c C:/devkitPro/libnx/lib\libnx.a(parcel.o)
                0x0000000000019250                parcelWriteString16
 *fill*         0x00000000000192cc        0x4 
 .text.parcelWriteInterfaceToken
                0x00000000000192d0       0x30 C:/devkitPro/libnx/lib\libnx.a(parcel.o)
                0x00000000000192d0                parcelWriteInterfaceToken
 .text.parcelReadInt32
                0x0000000000019300       0x24 C:/devkitPro/libnx/lib\libnx.a(parcel.o)
                0x0000000000019300                parcelReadInt32
 *fill*         0x0000000000019324        0xc 
 .text.parcelReadFlattenedObject
                0x0000000000019330       0x68 C:/devkitPro/libnx/lib\libnx.a(parcel.o)
                0x0000000000019330                parcelReadFlattenedObject
 *fill*         0x0000000000019398        0x8 
 .text.parcelWriteFlattenedObject
                0x00000000000193a0       0x44 C:/devkitPro/libnx/lib\libnx.a(parcel.o)
                0x00000000000193a0                parcelWriteFlattenedObject
 *fill*         0x00000000000193e4       0x1c 
 .text.strncat  0x0000000000019400       0xc4 C:/devkitPro/devkitA64/bin/../lib/gcc/aarch64-none-elf/15.2.0/../../../../aarch64-none-elf/lib/pic\libc.a(libc_a-strncat.o)
                0x0000000000019400                strncat
 *fill*         0x00000000000194c4       0x1c 
 .text.sscanf   0x00000000000194e0       0xb0 C:/devkitPro/devkitA64/bin/../lib/gcc/aarch64-none-elf/15.2.0/../../../../aarch64-none-elf/lib/pic\libc.a(libc_a-sscanf.o)
                0x00000000000194e0                sscanf
 *fill*         0x0000000000019590       0x10 
 .text._fread_r
                0x00000000000195a0      0x330 C:/devkitPro/devkitA64/bin/../lib/gcc/aarch64-none-elf/15.2.0/../../../../aarch64-none-elf/lib/pic\libc.a(libc_a-fread.o)
                0x00000000000195a0                _fread_r
 *fill*         0x00000000000198d0       0x10 
 .text.fread    0x00000000000198e0       0x34 C:/devkitPro/devkitA64/bin/../lib/gcc/aarch64-none-elf/15.2.0/../../../../aarch64-none-elf/lib/pic\libc.a(libc_a-fread.o)
                0x00000000000198e0                fread
 *fill*         0x0000000000019914       0x2c 
 .text          0x0000000000019940       0xb8 C:/devkitPro/devkitA64/bin/../lib/gcc/aarch64-none-elf/15.2.0/../../../../aarch64-none-elf/lib/pic\libc.a(libc_a-strnlen.o)
                0x0000000000019940                strnlen
 *fill*         0x00000000000199f8        0x8 
 .text.bsearch  0x0000000000019a00       0xb4 C:/devkitPro/devkitA64/bin/../lib/gcc/aarch64-none-elf/15.2.0/../../../../aarch64-none-elf/lib/pic\libc.a(libc_a-bsearch.o)
                0x0000000000019a00                bsearch
 *fill*         0x0000000000019ab4        0xc 
 .text          0x0000000000019ac0      0x22c C:/devkitPro/devkitA64/bin/../lib/gcc/aarch64-none-elf/15.2.0/../../../../aarch64-none-elf/lib/pic\libc.a(libc_a-memcpy.o)
                0x0000000000019ac0                memcpy
                0x0000000000019ac0                memmove
 .text.get_arg  0x0000000000019cec       0x74 C:/devkitPro/devkitA64/bin/../lib/gcc/aarch64-none-elf/15.2.0/../../../../aarch64-none-elf/lib/pic\libc.a(libc_a-svfscanf.o)
 .text.__ssvfscanf_r
                0x0000000000019d60     0x3260 C:/devkitPro/devkitA64/bin/../lib/gcc/aarch64-none-elf/15.2.0/../../../../aarch64-none-elf/lib/pic\libc.a(libc_a-svfscanf.o)
                0x0000000000019d60                __ssvfscanf_r
 .text._fopen_r
                0x000000000001cfc0      0x120 C:/devkitPro/devkitA64/bin/../lib/gcc/aarch64-none-elf/15.2.0/../../../../aarch64-none-elf/lib/pic\libc.a(libc_a-fopen.o)
                0x000000000001cfc0                _fopen_r
 .text.fopen    0x000000000001d0e0       0x2c C:/devkitPro/devkitA64/bin/../lib/gcc/aarch64-none-elf/15.2.0/../../../../aarch64-none-elf/lib/pic\libc.a(libc_a-fopen.o)
                0x000000000001d0e0                fopen
 *fill*         0x000000000001d10c       0x14 
 .text.sulp     0x000000000001d120       0x58 C:/devkitPro/devkitA64/bin/../lib/gcc/aarch64-none-elf/15.2.0/../../../../aarch64-none-elf/lib/pic\libc.a(libc_a-strtod.o)
 *fill*         0x000000000001d178        0x8 
 .text._strtod_l
                0x000000000001d180     0x12f8 C:/devkitPro/devkitA64/bin/../lib/gcc/aarch64-none-elf/15.2.0/../../../../aarch64-none-elf/lib/pic\libc.a(libc_a-strtod.o)
                0x000000000001d180                _strtod_l
 *fill*         0x000000000001e478        0x8 
 .text._strtod_r
                0x000000000001e480       0x40 C:/devkitPro/devkitA64/bin/../lib/gcc/aarch64-none-elf/15.2.0/../../../../aarch64-none-elf/lib/pic\libc.a(libc_a-strtod.o)
                0x000000000001e480                _strtod_r
 .text.close    0x000000000001e4c0       0x1c C:/devkitPro/devkitA64/bin/../lib/gcc/aarch64-none-elf/15.2.0/../../../../aarch64-none-elf/lib/pic\libc.a(libc_a-sysclose.o)
                0x000000000001e4c0                close
 *fill*         0x000000000001e4dc        0x4 
 .text.gmtime   0x000000000001e4e0       0x28 C:/devkitPro/devkitA64/bin/../lib/gcc/aarch64-none-elf/15.2.0/../../../../aarch64-none-elf/lib/pic\libc.a(libc_a-gmtime.o)
                0x000000000001e4e0                gmtime
 *fill*         0x000000000001e508       0x18 
 .text._strtoull_l.isra.0
                0x000000000001e520      0x1a4 C:/devkitPro/devkitA64/bin/../lib/gcc/aarch64-none-elf/15.2.0/../../../../aarch64-none-elf/lib/pic\libc.a(libc_a-strtoull.o)
 *fill*         0x000000000001e6c4       0x1c 
 .text._strtoull_r
                0x000000000001e6e0       0x34 C:/devkitPro/devkitA64/bin/../lib/gcc/aarch64-none-elf/15.2.0/../../../../aarch64-none-elf/lib/pic\libc.a(libc_a-strtoull.o)
                0x000000000001e6e0                _strtoull_r
 *fill*         0x000000000001e714       0x2c 
 .text          0x000000000001e740      0x104 C:/devkitPro/devkitA64/bin/../lib/gcc/aarch64-none-elf/15.2.0/../../../../aarch64-none-elf/lib/pic\libc.a(libc_a-memset.o)
                0x000000000001e740                memset
 *fill*         0x000000000001e844       0x1c 
 .text.rshift   0x000000000001e860      0x110 C:/devkitPro/devkitA64/bin/../lib/gcc/aarch64-none-elf/15.2.0/../../../../aarch64-none-elf/lib/pic\libc.a(libc_a-gdtoa-gethex.o)
 *fill*         0x000000000001e970       0x10 
 .text.__gethex
                0x000000000001e980      0x860 C:/devkitPro/devkitA64/bin/../lib/gcc/aarch64-none-elf/15.2.0/../../../../aarch64-none-elf/lib/pic\libc.a(libc_a-gdtoa-gethex.o)
                0x000000000001e980                __gethex
 .text.snprintf
                0x000000000001f1e0       0xf8 C:/devkitPro/devkitA64/bin/../lib/gcc/aarch64-none-elf/15.2.0/../../../../aarch64-none-elf/lib/pic\libc.a(libc_a-snprintf.o)
                0x000000000001f1e0                snprintf
 *fill*         0x000000000001f2d8        0x8 
 .text.printf   0x000000000001f2e0       0x80 C:/devkitPro/devkitA64/bin/../lib/gcc/aarch64-none-elf/15.2.0/../../../../aarch64-none-elf/lib/pic\libc.a(libc_a-printf.o)
                0x000000000001f2e0                printf
 .text._strtoul_l.isra.0
                0x000000000001f360      0x1a4 C:/devkitPro/devkitA64/bin/../lib/gcc/aarch64-none-elf/15.2.0/../../../../aarch64-none-elf/lib/pic\libc.a(libc_a-strtoul.o)
 *fill*         0x000000000001f504       0x1c 
 .text._strtoul_r
                0x000000000001f520       0x34 C:/devkitPro/devkitA64/bin/../lib/gcc/aarch64-none-elf/15.2.0/../../../../aarch64-none-elf/lib/pic\libc.a(libc_a-strtoul.o)
                0x000000000001f520                _strtoul_r
 *fill*         0x000000000001f554        0xc 
 .text.strtoul  0x000000000001f560       0x40 C:/devkitPro/devkitA64/bin/../lib/gcc/aarch64-none-elf/15.2.0/../../../../aarch64-none-elf/lib/pic\libc.a(libc_a-strtoul.o)
                0x000000000001f560                strtoul
 *fill*         0x000000000001f5a0       0x20 
 .text          0x000000000001f5c0      0x12c C:/devkitPro/devkitA64/bin/../lib/gcc/aarch64-none-elf/15.2.0/../../../../aarch64-none-elf/lib/pic\libc.a(libc_a-strcpy.o)
                0x000000000001f5c0                strcpy
 *fill*         0x000000000001f6ec       0x14 
 .text._mbrtowc_r
                0x000000000001f700       0xd8 C:/devkitPro/devkitA64/bin/../lib/gcc/aarch64-none-elf/15.2.0/../../../../aarch64-none-elf/lib/pic\libc.a(libc_a-mbrtowc.o)
                0x000000000001f700                _mbrtowc_r
 *fill*         0x000000000001f7d8        0x8 
 .text.__sccl   0x000000000001f7e0       0xd0 C:/devkitPro/devkitA64/bin/../lib/gcc/aarch64-none-elf/15.2.0/../../../../aarch64-none-elf/lib/pic\libc.a(libc_a-sccl.o)
                0x000000000001f7e0                __sccl
 *fill*         0x000000000001f8b0       0x10 
 .text.aligned_alloc
                0x000000000001f8c0       0x2c C:/devkitPro/devkitA64/bin/../lib/gcc/aarch64-none-elf/15.2.0/../../../../aarch64-none-elf/lib/pic\libc.a(libc_a-aligned_alloc.o)
                0x000000000001f8c0                aligned_alloc
 *fill*         0x000000000001f8ec       0x14 
 .text._memalign_r
                0x000000000001f900      0x18c C:/devkitPro/devkitA64/bin/../lib/gcc/aarch64-none-elf/15.2.0/../../../../aarch64-none-elf/lib/pic\libc.a(libc_a-malignr.o)