Archive member included to satisfy reference by file (symbol)

C:/devkitPro/libnx/lib\libnx.a(mutex.o)
                              build/main.o (mutexLock)
C:/devkitPro/libnx/lib\libnx.a(thread.o)
                              build/main.o (threadCreate)
C:/devkitPro/libnx/lib\libnx.a(virtmem.o)
                              C:/devkitPro/libnx/lib\libnx.a(thread.o) (virtmemLock)
C:/devkitPro/libnx/lib\libnx.a(wait.o)
                              C:/devkitPro/libnx/lib\libnx.a(thread.o) (waitHandles)
C:/devkitPro/libnx/lib\libnx.a(acc.o)
                              build/main.o (accountInitialize)
C:/devkitPro/libnx/lib\libnx.a(applet.o)
                              C:/devkitPro/libnx/lib\libnx.a(acc.o) (appletStorageClose)
C:/devkitPro/libnx/lib\libnx.a(clkrst.o)
                              build/main.o (clkrstInitialize)
C:/devkitPro/libnx/lib\libnx.a(fs.o)
                              build/main.o (fsOpenBisFileSystem)
C:/devkitPro/libnx/lib\libnx.a(lbl.o)
                              build/main.o (lblInitialize)
C:/devkitPro/libnx/lib\libnx.a(nifm.o)
                              build/main.o (nifmInitialize)
C:/devkitPro/libnx/lib\libnx.a(psm.o)
                              build/main.o (psmInitialize)
C:/devkitPro/libnx/lib\libnx.a(set.o)
                              build/main.o (setsysInitialize)
C:/devkitPro/libnx/lib\libnx.a(sm.o)
                              C:/devkitPro/libnx/lib\libnx.a(acc.o) (smGetServiceWrapper)
C:/devkitPro/libnx/lib\libnx.a(tc.o)
                              build/main.o (tcInitialize)
C:/devkitPro/libnx/lib\libnx.a(wlaninf.o)
                              build/main.o (wlaninfInitialize)
C:/devkitPro/libnx/lib\libnx.a(alloc.o)
                              C:/devkitPro/libnx/lib\libnx.a(virtmem.o) (__libnx_alloc)
C:/devkitPro/libnx/lib\libnx.a(diag.o)
                              C:/devkitPro/libnx/lib\libnx.a(thread.o) (diagAbortWithResult)
C:/devkitPro/libnx/lib\libnx.a(env.o)
                              C:/devkitPro/libnx/lib\libnx.a(thread.o) (envGetMainThreadHandle)
C:/devkitPro/libnx/lib\libnx.a(hosversion.o)
                              C:/devkitPro/libnx/lib\libnx.a(acc.o) (hosversionGet)
C:/devkitPro/libnx/lib\libnx.a(pad.o)
                              build/main.o (padConfigureInput)
C:/devkitPro/libnx/lib\libnx.a(console.o)
                              build/main.o (consoleInit)
C:/devkitPro/libnx/lib\libnx.a(console_sw.o)
                              C:/devkitPro/libnx/lib\libnx.a(console.o) (getDefaultConsoleRenderer)
C:/devkitPro/libnx/lib\libnx.a(socket.o)
                              build/main.o (socketExit)
C:/devkitPro/libnx/lib\libnx.a(svc.o)
                              C:/devkitPro/libnx/lib\libnx.a(thread.o) (svcMapMemory)
C:/devkitPro/libnx/lib\libnx.a(readtp.o)
                              C:/devkitPro/libnx/lib\libnx.a(fs.o) (__aarch64_read_tp)
C:/devkitPro/libnx/lib\libnx.a(switch_crt0.o)
                              (_start)
C:/devkitPro/libnx/lib\libnx.a(default_font.bin.o)
                              C:/devkitPro/libnx/lib\libnx.a(console.o) (default_font_bin)
C:/devkitPro/libnx/lib\libnx.a(event.o)
                              C:/devkitPro/libnx/lib\libnx.a(applet.o) (eventLoadRemote)
C:/devkitPro/libnx/lib\libnx.a(random.o)
                              C:/devkitPro/libnx/lib\libnx.a(virtmem.o) (randomGet64)
C:/devkitPro/libnx/lib\libnx.a(tmem.o)
                              C:/devkitPro/libnx/lib\libnx.a(applet.o) (tmemCreate)
C:/devkitPro/libnx/lib\libnx.a(sessionmgr.o)
                              C:/devkitPro/libnx/lib\libnx.a(fs.o) (sessionmgrCreate)
C:/devkitPro/libnx/lib\libnx.a(apm.o)
                              C:/devkitPro/libnx/lib\libnx.a(applet.o) (apmInitialize)
C:/devkitPro/libnx/lib\libnx.a(bsd.o)
                              C:/devkitPro/libnx/lib\libnx.a(socket.o) (g_bsdResult)
C:/devkitPro/libnx/lib\libnx.a(hid.o)
                              C:/devkitPro/libnx/lib\libnx.a(pad.o) (hidGetNpadStyleSet)
C:/devkitPro/libnx/lib\libnx.a(ssl.o)
                              C:/devkitPro/libnx/lib\libnx.a(socket.o) (sslConnectionSetSocketDescriptor)
C:/devkitPro/libnx/lib\libnx.a(default_window.o)
                              C:/devkitPro/libnx/lib\libnx.a(console_sw.o) (nwindowGetDefault)
C:/devkitPro/libnx/lib\libnx.a(framebuffer.o)
                              C:/devkitPro/libnx/lib\libnx.a(console_sw.o) (framebufferMakeLinear)
C:/devkitPro/libnx/lib\libnx.a(native_window.o)
                              C:/devkitPro/libnx/lib\libnx.a(framebuffer.o) (nwindowIsValid)
C:/devkitPro/libnx/lib\libnx.a(argv.o)
                              C:/devkitPro/libnx/lib\libnx.a(switch_crt0.o) (__system_argc)
C:/devkitPro/libnx/lib\libnx.a(dynamic.o)
                              C:/devkitPro/libnx/lib\libnx.a(switch_crt0.o) (__nx_dynamic)
C:/devkitPro/libnx/lib\libnx.a(init.o)
                              C:/devkitPro/libnx/lib\libnx.a(switch_crt0.o) (__libnx_init)
[...]
Memory Configuration

Name             Origin             Length             Attributes
*default*        0x0000000000000000 0xffffffffffffffff

Linker script and memory map

                0x0000000000000000                PROVIDE (__start__ = 0x0)
                0x0000000000000000                . = __start__
                [!provide]                        PROVIDE (__code_start = .)

.text           0x0000000000000000    0x39470
 *(.crt0)
 .crt0          0x0000000000000000      0x130 C:/devkitPro/libnx/lib\libnx.a(switch_crt0.o)
                0x0000000000000000                _start
                0x00000000000000e0                __nx_exit
                0x00000000000000f0                __nx_mod0
 *(.text.unlikely .text.*_unlikely .text.unlikely.*)
 *(.text.exit .text.exit.*)
 *fill*         0x0000000000000130       0x10 
 .text.exit     0x0000000000000140       0x34 C:/devkitPro/devkitA64/bin/../lib/gcc/aarch64-none-elf/15.2.0/../../../../aarch64-none-elf/lib/pic\libc.a(libc_a-exit.o)
                0x0000000000000140                exit
 *(.text.startup .text.startup.*)
 *fill*         0x0000000000000174        0xc 
 .text.startup.main
                0x0000000000000180      0x2ac build/main.o
                0x0000000000000180                main
 *(.text.hot .text.hot.*)
 *(.text .stub .text.* .gnu.linkonce.t.*)
 *fill*         0x000000000000042c       0x14 
 .text.__do_global_dtors_aux
                0x0000000000000440       0x50 C:/devkitPro/devkitA64/bin/../lib/gcc/aarch64-none-elf/15.2.0/pic/crtbegin.o
 *fill*         0x0000000000000490       0x10 
 .text.frame_dummy
                0x00000000000004a0       0x24 C:/devkitPro/devkitA64/bin/../lib/gcc/aarch64-none-elf/15.2.0/pic/crtbegin.o
 *fill*         0x00000000000004c4        0xc 
 .text.centerc  0x00000000000004d0       0xb0 build/main.o
 .text.header   0x0000000000000580       0xac build/main.o
 *fill*         0x000000000000062c        0x4 
 .text.section  0x0000000000000630       0x70 build/main.o
 .text.pg4      0x00000000000006a0      0x130 build/main.o
 .text.tabs     0x00000000000007d0      0x224 build/main.o
 *fill*         0x00000000000009f4        0xc 
 .text.pg3      0x0000000000000a00      0x388 build/main.o
 *fill*         0x0000000000000d88        0x8 
 .text.footer   0x0000000000000d90       0xe4 build/main.o
 *fill*         0x0000000000000e74        0xc 
 .text.ftp_stop.part.0
                0x0000000000000e80       0x40 build/main.o
 .text.fclean.constprop.0
                0x0000000000000ec0      0x1c0 build/main.o
 .text.drawbar.constprop.0
                0x0000000000001080       0xe0 build/main.o
 .text.pg0      0x0000000000001160      0x704 build/main.o
 *fill*         0x0000000000001864        0xc 
 .text.pg1      0x0000000000001870      0x538 build/main.o
 *fill*         0x0000000000001da8        0x8 
 .text.pg2      0x0000000000001db0      0x53c build/main.o
 *fill*         0x00000000000022ec        0x4 
 .text.fsend.isra.0
                0x00000000000022f0       0x38 build/main.o
 *fill*         0x0000000000002328        0x8 
 .text.fcli     0x0000000000002330      0xe98 build/main.o
 *fill*         0x00000000000031c8        0x8 
 .text.fserve   0x00000000000031d0      0x108 build/main.o
 *fill*         0x00000000000032d8        0x8 
 .text.mutexLock
                0x00000000000032e0       0xc8 C:/devkitPro/libnx/lib\libnx.a(mutex.o)
                0x00000000000032e0                mutexLock
 *fill*         0x00000000000033a8        0x8 
 .text.mutexUnlock
                0x00000000000033b0       0x68 C:/devkitPro/libnx/lib\libnx.a(mutex.o)
                0x00000000000033b0                mutexUnlock
 *fill*         0x0000000000003418        0x8 
 .text.mutexIsLockedByCurrentThread
                0x0000000000003420       0x1c C:/devkitPro/libnx/lib\libnx.a(mutex.o)
                0x0000000000003420                mutexIsLockedByCurrentThread
 *fill*         0x000000000000343c        0x4 
 .text.rmutexLock
                0x0000000000003440       0x50 C:/devkitPro/libnx/lib\libnx.a(mutex.o)
                0x0000000000003440                rmutexLock
 .text.rmutexUnlock
                0x0000000000003490       0x18 C:/devkitPro/libnx/lib\libnx.a(mutex.o)
                0x0000000000003490                rmutexUnlock
 *fill*         0x00000000000034a8        0x8 
 .text.__libnx_init_thread
                0x00000000000034b0       0xb0 C:/devkitPro/libnx/lib\libnx.a(thread.o)
                0x00000000000034b0                __libnx_init_thread
 .text.threadCreate
                0x0000000000003560      0x34c C:/devkitPro/libnx/lib\libnx.a(thread.o)
                0x0000000000003560                threadCreate
 *fill*         0x00000000000038ac        0x4 
 .text.threadExit
                0x00000000000038b0       0xa4 C:/devkitPro/libnx/lib\libnx.a(thread.o)
                0x00000000000038b0                threadExit
 *fill*         0x0000000000003954        0xc 
 .text._EntryWrap
                0x0000000000003960       0xac C:/devkitPro/libnx/lib\libnx.a(thread.o)
 *fill*         0x0000000000003a0c        0x4 
 .text.threadStart
                0x0000000000003a10        0x8 C:/devkitPro/libnx/lib\libnx.a(thread.o)
                0x0000000000003a10                threadStart
 *fill*         0x0000000000003a18        0x8 
 .text.threadWaitForExit
                0x0000000000003a20       0x2c C:/devkitPro/libnx/lib\libnx.a(thread.o)
                0x0000000000003a20                threadWaitForExit
 *fill*         0x0000000000003a4c        0x4 
 .text.threadClose
                0x0000000000003a50       0xa4 C:/devkitPro/libnx/lib\libnx.a(thread.o)
                0x0000000000003a50                threadClose
 *fill*         0x0000000000003af4        0xc 
 .text._memregionInitWithInfo
                0x0000000000003b00       0x64 C:/devkitPro/libnx/lib\libnx.a(virtmem.o)
 *fill*         0x0000000000003b64        0xc 
 .text.__libnx_virtmem_rng
                0x0000000000003b70        0x4 C:/devkitPro/libnx/lib\libnx.a(virtmem.o)
                0x0000000000003b70                __libnx_virtmem_rng
 *fill*         0x0000000000003b74        0xc 
 .text._memregionFindRandom
                0x0000000000003b80      0x164 C:/devkitPro/libnx/lib\libnx.a(virtmem.o)
 *fill*         0x0000000000003ce4        0xc 
 .text.virtmemSetup
                0x0000000000003cf0      0x140 C:/devkitPro/libnx/lib\libnx.a(virtmem.o)
                0x0000000000003cf0                virtmemSetup
 .text.virtmemLock
                0x0000000000003e30        0xc C:/devkitPro/libnx/lib\libnx.a(virtmem.o)
                0x0000000000003e30                virtmemLock
 *fill*         0x0000000000003e3c        0x4 
 .text.virtmemUnlock
                0x0000000000003e40        0xc C:/devkitPro/libnx/lib\libnx.a(virtmem.o)
                0x0000000000003e40                virtmemUnlock
 *fill*         0x0000000000003e4c        0x4 
 .text.virtmemFindAslr
                0x0000000000003e50       0x50 C:/devkitPro/libnx/lib\libnx.a(virtmem.o)
                0x0000000000003e50                virtmemFindAslr
 .text.virtmemFindStack
                0x0000000000003ea0       0x50 C:/devkitPro/libnx/lib\libnx.a(virtmem.o)
                0x0000000000003ea0                virtmemFindStack
 .text.waitObjects
                0x0000000000003ef0      0x57c C:/devkitPro/libnx/lib\libnx.a(wait.o)
                0x0000000000003ef0                waitObjects
 *fill*         0x000000000000446c        0x4 
 .text.waitHandles
                0x0000000000004470      0x118 C:/devkitPro/libnx/lib\libnx.a(wait.o)
                0x0000000000004470                waitHandles
 *fill*         0x0000000000004588        0x8 
 .text._accountCleanup
                0x0000000000004590       0x78 C:/devkitPro/libnx/lib\libnx.a(acc.o)
 *fill*         0x0000000000004608        0x8 
 .text.accountInitialize
                0x0000000000004610      0x2cc C:/devkitPro/libnx/lib\libnx.a(acc.o)
                0x0000000000004610                accountInitialize
 *fill*         0x00000000000048dc        0x4 
 .text.accountExit
                0x00000000000048e0       0x48 C:/devkitPro/libnx/lib\libnx.a(acc.o)
                0x00000000000048e0                accountExit
 *fill*         0x0000000000004928        0x8 
 .text.accountGetProfile
                0x0000000000004930      0x10c C:/devkitPro/libnx/lib\libnx.a(acc.o)
                0x0000000000004930                accountGetProfile
 *fill*         0x0000000000004a3c        0x4 
 .text.accountProfileClose
                0x0000000000004a40       0x64 C:/devkitPro/libnx/lib\libnx.a(acc.o)
                0x0000000000004a40                accountProfileClose
 *fill*         0x0000000000004aa4        0xc 
 .text.accountProfileGet
                0x0000000000004ab0      0x1cc C:/devkitPro/libnx/lib\libnx.a(acc.o)
                0x0000000000004ab0                accountProfileGet
 *fill*         0x0000000000004c7c        0x4 
 .text.accountGetPreselectedUser
                0x0000000000004c80       0x2c C:/devkitPro/libnx/lib\libnx.a(acc.o)
                0x0000000000004c80                accountGetPreselectedUser
 *fill*         0x0000000000004cac        0x4 
 .text._appletInfiniteSleepLoop
                0x0000000000004cb0       0x18 C:/devkitPro/libnx/lib\libnx.a(applet.o)
 *fill*         0x0000000000004cc8        0x8 
 .text._appletCmdGetSession
                0x0000000000004cd0      0x108 C:/devkitPro/libnx/lib\libnx.a(applet.o)
 *fill*         0x0000000000004dd8        0x8 
 .text._appletCmdInU8NoOut
                0x0000000000004de0       0xcc C:/devkitPro/libnx/lib\libnx.a(applet.o)
 *fill*         0x0000000000004eac        0x4 
 .text._appletCmdInU32NoOut
                0x0000000000004eb0       0xcc C:/devkitPro/libnx/lib\libnx.a(applet.o)
 *fill*         0x0000000000004f7c        0x4 
 .text._appletGetSessionProxy.constprop.0
                0x0000000000004f80      0x12c C:/devkitPro/libnx/lib\libnx.a(applet.o)
 *fill*         0x00000000000050ac        0x4 
 .text._appletOpenLibraryAppletProxy.constprop.0
                0x00000000000050b0      0x148 C:/devkitPro/libnx/lib\libnx.a(applet.o)
 *fill*         0x00000000000051f8        0x8 
 .text._appletCmdGetEvent
                0x0000000000005200       0xf8 C:/devkitPro/libnx/lib\libnx.a(applet.o)
 *fill*         0x00000000000052f8        0x8 
 .text._appletStorageRW.part.0
                0x0000000000005300      0x284 C:/devkitPro/libnx/lib\libnx.a(applet.o)
 *fill*         0x0000000000005584        0xc 
 .text._appletCmdNoInOutU8.isra.0
                0x0000000000005590       0xd4 C:/devkitPro/libnx/lib\libnx.a(applet.o)
 *fill*         0x0000000000005664        0xc 
 .text._appletCmdNoInOutU32.isra.0
                0x0000000000005670       0xd4 C:/devkitPro/libnx/lib\libnx.a(applet.o)
 *fill*         0x0000000000005744        0xc 
 .text._appletCmdNoInOutU64.isra.0
                0x0000000000005750       0xd4 C:/devkitPro/libnx/lib\libnx.a(applet.o)
 *fill*         0x0000000000005824        0xc 
 .text._appletCmdNoIO.isra.0
                0x0000000000005830       0xc0 C:/devkitPro/libnx/lib\libnx.a(applet.o)
 .text.appletGetAppletType
                0x00000000000058f0       0x10 C:/devkitPro/libnx/lib\libnx.a(applet.o)
                0x00000000000058f0                appletGetAppletType
 .text.appletSetFocusHandlingMode
                0x0000000000005900      0x1b8 C:/devkitPro/libnx/lib\libnx.a(applet.o)
                0x0000000000005900                appletSetFocusHandlingMode
 *fill*         0x0000000000005ab8        0x8 
 .text.appletSetCpuBoostMode
                0x0000000000005ac0       0x5c C:/devkitPro/libnx/lib\libnx.a(applet.o)
                0x0000000000005ac0                appletSetCpuBoostMode
 *fill*         0x0000000000005b1c        0x4 
 .text.appletCreateManagedDisplayLayer
                0x0000000000005b20       0x2c C:/devkitPro/libnx/lib\libnx.a(applet.o)
                0x0000000000005b20                appletCreateManagedDisplayLayer
 *fill*         0x0000000000005b4c        0x4 
 .text.appletGetAppletResourceUserId
                0x0000000000005b50        0xc C:/devkitPro/libnx/lib\libnx.a(applet.o)
                0x0000000000005b50                appletGetAppletResourceUserId
 *fill*         0x0000000000005b5c        0x4 
 .text._appletHolderCreateState
                0x0000000000005b60      0x138 C:/devkitPro/libnx/lib\libnx.a(applet.o)
 *fill*         0x0000000000005c98        0x8 
 .text.appletHolderClose
                0x0000000000005ca0       0xb0 C:/devkitPro/libnx/lib\libnx.a(applet.o)
                0x0000000000005ca0                appletHolderClose
 .text.appletHolderGetLibraryAppletInfo
                0x0000000000005d50       0x24 C:/devkitPro/libnx/lib\libnx.a(applet.o)
                0x0000000000005d50                appletHolderGetLibraryAppletInfo
 *fill*         0x0000000000005d74        0xc 
 .text.appletStorageClose
                0x0000000000005d80       0x90 C:/devkitPro/libnx/lib\libnx.a(applet.o)
                0x0000000000005d80                appletStorageClose
 .text.appletStorageGetSize
                0x0000000000005e10       0xe0 C:/devkitPro/libnx/lib\libnx.a(applet.o)
                0x0000000000005e10                appletStorageGetSize
 .text.appletStorageRead
                0x0000000000005ef0       0x18 C:/devkitPro/libnx/lib\libnx.a(applet.o)
                0x0000000000005ef0                appletStorageRead
 *fill*         0x0000000000005f08        0x8 
 .text.appletPopLaunchParameter
                0x0000000000005f10      0x154 C:/devkitPro/libnx/lib\libnx.a(applet.o)
                0x0000000000005f10                appletPopLaunchParameter
 *fill*         0x0000000000006064        0xc 
 .text.appletNotifyRunning
                0x0000000000006070       0x90 C:/devkitPro/libnx/lib\libnx.a(applet.o)
                0x0000000000006070                appletNotifyRunning
 .text.appletSetGamePlayRecordingState
                0x0000000000006100       0x78 C:/devkitPro/libnx/lib\libnx.a(applet.o)
                0x0000000000006100                appletSetGamePlayRecordingState
 *fill*         0x0000000000006178        0x8 
 .text._appletCleanup
                0x0000000000006180      0xad4 C:/devkitPro/libnx/lib\libnx.a(applet.o)
 *fill*         0x0000000000006c54        0xc 
 .text.appletExit
                0x0000000000006c60       0x48 C:/devkitPro/libnx/lib\libnx.a(applet.o)
                0x0000000000006c60                appletExit
 *fill*         0x0000000000006ca8        0x8 
 .text.appletGetLibraryAppletInfo
                0x0000000000006cb0       0x40 C:/devkitPro/libnx/lib\libnx.a(applet.o)
                0x0000000000006cb0                appletGetLibraryAppletInfo
 .text.appletInitialize
                0x0000000000006cf0      0xc14 C:/devkitPro/libnx/lib\libnx.a(applet.o)
                0x0000000000006cf0                appletInitialize
 *fill*         0x0000000000007904        0xc 
 .text._appletExitProcess
                0x0000000000007910       0x24 C:/devkitPro/libnx/lib\libnx.a(applet.o)
 *fill*         0x0000000000007934        0xc 
 .text.appletGetOperationMode
                0x0000000000007940        0xc C:/devkitPro/libnx/lib\libnx.a(applet.o)
                0x0000000000007940                appletGetOperationMode
 *fill*         0x000000000000794c        0x4 
 .text.appletGetMessage
                0x0000000000007950       0x74 C:/devkitPro/libnx/lib\libnx.a(applet.o)
                0x0000000000007950                appletGetMessage
 *fill*         0x00000000000079c4        0xc 
 .text.appletProcessMessage
                0x00000000000079d0      0x264 C:/devkitPro/libnx/lib\libnx.a(applet.o)
                0x00000000000079d0                appletProcessMessage
 *fill*         0x0000000000007c34        0xc 
 .text.appletMainLoop
                0x0000000000007c40       0x34 C:/devkitPro/libnx/lib\libnx.a(applet.o)
                0x0000000000007c40                appletMainLoop
 *fill*         0x0000000000007c74        0xc 
 .text._clkrstCleanup
                0x0000000000007c80       0x78 C:/devkitPro/libnx/lib\libnx.a(clkrst.o)
 *fill*         0x0000000000007cf8        0x8 
 .text.clkrstInitialize
                0x0000000000007d00       0xc0 C:/devkitPro/libnx/lib\libnx.a(clkrst.o)
                0x0000000000007d00                clkrstInitialize
 .text.clkrstExit
                0x0000000000007dc0       0x48 C:/devkitPro/libnx/lib\libnx.a(clkrst.o)
                0x0000000000007dc0                clkrstExit
 *fill*         0x0000000000007e08        0x8 
 .text.clkrstOpenSession
                0x0000000000007e10      0x10c C:/devkitPro/libnx/lib\libnx.a(clkrst.o)
                0x0000000000007e10                clkrstOpenSession
 *fill*         0x0000000000007f1c        0x4 
 .text.clkrstCloseSession
                0x0000000000007f20       0x64 C:/devkitPro/libnx/lib\libnx.a(clkrst.o)
                0x0000000000007f20                clkrstCloseSession
 *fill*         0x0000000000007f84        0xc 
 .text.clkrstGetClockRate
                0x0000000000007f90       0xcc C:/devkitPro/libnx/lib\libnx.a(clkrst.o)
                0x0000000000007f90                clkrstGetClockRate
 *fill*         0x000000000000805c        0x4 
 .text._fsCleanup
                0x0000000000008060       0xb4 C:/devkitPro/libnx/lib\libnx.a(fs.o)
 *fill*         0x0000000000008114        0xc 
 .text._fsCmdNoIO
                0x0000000000008120      0x1c0 C:/devkitPro/libnx/lib\libnx.a(fs.o)
 .text._fsFsCmdWithInPath
                0x00000000000082e0      0x1e0 C:/devkitPro/libnx/lib\libnx.a(fs.o)
 .text._fsFsCmdWithTwoInPaths
                0x00000000000084c0      0x1f8 C:/devkitPro/libnx/lib\libnx.a(fs.o)
 *fill*         0x00000000000086b8        0x8 
 .text._fsFsOpenCommon
                0x00000000000086c0      0x28c C:/devkitPro/libnx/lib\libnx.a(fs.o)
 *fill*         0x000000000000894c        0x4 
 .text._fsFsCmdWithInPathAndOutU64
                0x0000000000008950      0x1fc C:/devkitPro/libnx/lib\libnx.a(fs.o)
 *fill*         0x0000000000008b4c        0x4 
 .text._fsObjectClose
                0x0000000000008b50       0xf8 C:/devkitPro/libnx/lib\libnx.a(fs.o)
 *fill*         0x0000000000008c48        0x8 
 .text._fsCmdGetSession.constprop.0
                0x0000000000008c50      0x17c C:/devkitPro/libnx/lib\libnx.a(fs.o)
 *fill*         0x0000000000008dcc        0x4 
 .text.fsInitialize
                0x0000000000008dd0      0x2f8 C:/devkitPro/libnx/lib\libnx.a(fs.o)
                0x0000000000008dd0                fsInitialize
 *fill*         0x00000000000090c8        0x8 
 .text.fsExit   0x00000000000090d0       0x48 C:/devkitPro/libnx/lib\libnx.a(fs.o)
                0x00000000000090d0                fsExit
 *fill*         0x0000000000009118        0x8 
 .text.fsOpenBisFileSystem
                0x0000000000009120      0x1cc C:/devkitPro/libnx/lib\libnx.a(fs.o)
                0x0000000000009120                fsOpenBisFileSystem
 *fill*         0x00000000000092ec        0x4 
 .text.fsOpenSdCardFileSystem
                0x00000000000092f0        0x8 C:/devkitPro/libnx/lib\libnx.a(fs.o)
                0x00000000000092f0                fsOpenSdCardFileSystem
 *fill*         0x00000000000092f8        0x8 
 .text.fsFsCreateFile
                0x0000000000009300      0x1ec C:/devkitPro/libnx/lib\libnx.a(fs.o)
                0x0000000000009300                fsFsCreateFile
 *fill*         0x00000000000094ec        0x4 
 .text.fsFsDeleteFile
                0x00000000000094f0        0x8 C:/devkitPro/libnx/lib\libnx.a(fs.o)
                0x00000000000094f0                fsFsDeleteFile
 *fill*         0x00000000000094f8        0x8 
 .text.fsFsCreateDirectory
                0x0000000000009500        0x8 C:/devkitPro/libnx/lib\libnx.a(fs.o)
                0x0000000000009500                fsFsCreateDirectory
 *fill*         0x0000000000009508        0x8 
 .text.fsFsDeleteDirectory
                0x0000000000009510        0x8 C:/devkitPro/libnx/lib\libnx.a(fs.o)
                0x0000000000009510                fsFsDeleteDirectory
 *fill*         0x0000000000009518        0x8 
 .text.fsFsRenameFile
                0x0000000000009520        0x8 C:/devkitPro/libnx/lib\libnx.a(fs.o)
                0x0000000000009520                fsFsRenameFile
 *fill*         0x0000000000009528        0x8 
 .text.fsFsRenameDirectory
                0x0000000000009530        0x8 C:/devkitPro/libnx/lib\libnx.a(fs.o)
                0x0000000000009530                fsFsRenameDirectory
 *fill*         0x0000000000009538        0x8 
 .text.fsFsGetEntryType
                0x0000000000009540      0x1f0 C:/devkitPro/libnx/lib\libnx.a(fs.o)
                0x0000000000009540                fsFsGetEntryType
 .text.fsFsOpenFile
                0x0000000000009730        0x8 C:/devkitPro/libnx/lib\libnx.a(fs.o)
                0x0000000000009730                fsFsOpenFile
 *fill*         0x0000000000009738        0x8 
 .text.fsFsOpenDirectory
                0x0000000000009740        0x8 C:/devkitPro/libnx/lib\libnx.a(fs.o)
                0x0000000000009740                fsFsOpenDirectory
 *fill*         0x0000000000009748        0x8 
 .text.fsFsGetFreeSpace
                0x0000000000009750        0x8 C:/devkitPro/libnx/lib\libnx.a(fs.o)
                0x0000000000009750                fsFsGetFreeSpace
 *fill*         0x0000000000009758        0x8 
 .text.fsFsGetTotalSpace
                0x0000000000009760        0x8 C:/devkitPro/libnx/lib\libnx.a(fs.o)
                0x0000000000009760                fsFsGetTotalSpace
 *fill*         0x0000000000009768        0x8 
 .text.fsFsGetFileTimeStampRaw
                0x0000000000009770      0x230 C:/devkitPro/libnx/lib\libnx.a(fs.o)
                0x0000000000009770                fsFsGetFileTimeStampRaw
 .text.fsFsClose
                0x00000000000099a0        0x4 C:/devkitPro/libnx/lib\libnx.a(fs.o)
                0x00000000000099a0                fsFsClose
 *fill*         0x00000000000099a4        0xc 
 .text.fsFileRead
                0x00000000000099b0      0x214 C:/devkitPro/libnx/lib\libnx.a(fs.o)
                0x00000000000099b0                fsFileRead
 *fill*         0x0000000000009bc4        0xc 
 .text.fsFileWrite
                0x0000000000009bd0      0x1f8 C:/devkitPro/libnx/lib\libnx.a(fs.o)
                0x0000000000009bd0                fsFileWrite
 *fill*         0x0000000000009dc8        0x8 
 .text.fsFileFlush
                0x0000000000009dd0        0x8 C:/devkitPro/libnx/lib\libnx.a(fs.o)
                0x0000000000009dd0                fsFileFlush
 *fill*         0x0000000000009dd8        0x8 
 .text.fsFileSetSize
                0x0000000000009de0      0x1c0 C:/devkitPro/libnx/lib\libnx.a(fs.o)
                0x0000000000009de0                fsFileSetSize
 .text.fsFileGetSize
                0x0000000000009fa0      0x1d4 C:/devkitPro/libnx/lib\libnx.a(fs.o)
                0x0000000000009fa0                fsFileGetSize
 *fill*         0x000000000000a174        0xc 
 .text.fsFileClose
                0x000000000000a180        0x4 C:/devkitPro/libnx/lib\libnx.a(fs.o)
                0x000000000000a180                fsFileClose
 *fill*         0x000000000000a184        0xc 
 .text.fsDirClose
                0x000000000000a190        0x4 C:/devkitPro/libnx/lib\libnx.a(fs.o)
                0x000000000000a190                fsDirClose
 *fill*         0x000000000000a194        0xc 
 .text.fsDirRead
                0x000000000000a1a0      0x204 C:/devkitPro/libnx/lib\libnx.a(fs.o)
                0x000000000000a1a0                fsDirRead
 *fill*         0x000000000000a3a4        0xc 
 .text._lblCmdNoInOutFloat
                0x000000000000a3b0       0xd0 C:/devkitPro/libnx/lib\libnx.a(lbl.o)
 .text._lblCleanup
                0x000000000000a480       0x78 C:/devkitPro/libnx/lib\libnx.a(lbl.o)
 *fill*         0x000000000000a4f8        0x8 
 .text.lblInitialize
                0x000000000000a500       0x98 C:/devkitPro/libnx/lib\libnx.a(lbl.o)
                0x000000000000a500                lblInitialize
 *fill*         0x000000000000a598        0x8 
 .text.lblExit  0x000000000000a5a0       0x48 C:/devkitPro/libnx/lib\libnx.a(lbl.o)
                0x000000000000a5a0                lblExit
 *fill*         0x000000000000a5e8        0x8 
 .text.lblGetBrightnessSettingAppliedToBacklight
                0x000000000000a5f0        0x8 C:/devkitPro/libnx/lib\libnx.a(lbl.o)
                0x000000000000a5f0                lblGetBrightnessSettingAppliedToBacklight
 *fill*         0x000000000000a5f8        0x8 
 .text._nifmCleanup
                0x000000000000a600      0x13c C:/devkitPro/libnx/lib\libnx.a(nifm.o)
 *fill*         0x000000000000a73c        0x4 
 .text.nifmInitialize
                0x000000000000a740      0x3c8 C:/devkitPro/libnx/lib\libnx.a(nifm.o)
                0x000000000000a740                nifmInitialize
 *fill*         0x000000000000ab08        0x8 
 .text.nifmExit
                0x000000000000ab10       0x48 C:/devkitPro/libnx/lib\libnx.a(nifm.o)
                0x000000000000ab10                nifmExit
 *fill*         0x000000000000ab58        0x8 
 .text.nifmGetCurrentIpAddress
                0x000000000000ab60       0xe8 C:/devkitPro/libnx/lib\libnx.a(nifm.o)
                0x000000000000ab60                nifmGetCurrentIpAddress
 *fill*         0x000000000000ac48        0x8 
 .text.nifmGetCurrentIpConfigInfo
                0x000000000000ac50      0x138 C:/devkitPro/libnx/lib\libnx.a(nifm.o)
                0x000000000000ac50                nifmGetCurrentIpConfigInfo
 *fill*         0x000000000000ad88        0x8 
 .text.nifmGetInternetConnectionStatus
                0x000000000000ad90      0x110 C:/devkitPro/libnx/lib\libnx.a(nifm.o)
                0x000000000000ad90                nifmGetInternetConnectionStatus
 .text._psmCleanup
                0x000000000000aea0       0x78 C:/devkitPro/libnx/lib\libnx.a(psm.o)
 *fill*         0x000000000000af18        0x8 
 .text._psmCmdNoInOutU32.constprop.0
                0x000000000000af20       0xd0 C:/devkitPro/libnx/lib\libnx.a(psm.o)
 .text.psmInitialize
                0x000000000000aff0       0x98 C:/devkitPro/libnx/lib\libnx.a(psm.o)
                0x000000000000aff0                psmInitialize
 *fill*         0x000000000000b088        0x8 
 .text.psmExit  0x000000000000b090       0x48 C:/devkitPro/libnx/lib\libnx.a(psm.o)
                0x000000000000b090                psmExit
 *fill*         0x000000000000b0d8        0x8 
 .text.psmGetBatteryChargePercentage
                0x000000000000b0e0        0x8 C:/devkitPro/libnx/lib\libnx.a(psm.o)
                0x000000000000b0e0                psmGetBatteryChargePercentage
 *fill*         0x000000000000b0e8        0x8 
 .text.psmGetChargerType
                0x000000000000b0f0        0x8 C:/devkitPro/libnx/lib\libnx.a(psm.o)
                0x000000000000b0f0                psmGetChargerType
 *fill*         0x000000000000b0f8        0x8 
 .text._setsysGetFirmwareVersionImpl
                0x000000000000b100       0xd0 C:/devkitPro/libnx/lib\libnx.a(set.o)
 .text._setsysCleanup
                0x000000000000b1d0       0x78 C:/devkitPro/libnx/lib\libnx.a(set.o)
 *fill*         0x000000000000b248        0x8 
 .text.setsysInitialize
                0x000000000000b250       0xa0 C:/devkitPro/libnx/lib\libnx.a(set.o)
                0x000000000000b250                setsysInitialize
 .text.setsysExit
                0x000000000000b2f0       0x48 C:/devkitPro/libnx/lib\libnx.a(set.o)
                0x000000000000b2f0                setsysExit
 *fill*         0x000000000000b338        0x8 
 .text.setsysGetFirmwareVersion
                0x000000000000b340       0x48 C:/devkitPro/libnx/lib\libnx.a(set.o)
                0x000000000000b340                setsysGetFirmwareVersion
 *fill*         0x000000000000b388        0x8 
 .text.setsysGetSerialNumber
                0x000000000000b390       0xd8 C:/devkitPro/libnx/lib\libnx.a(set.o)
                0x000000000000b390                setsysGetSerialNumber
 *fill*         0x000000000000b468        0x8 
 .text._smCmifCmdInPid
                0x000000000000b470       0xcc C:/devkitPro/libnx/lib\libnx.a(sm.o)
 *fill*         0x000000000000b53c        0x4 
 .text._smCleanup
                0x000000000000b540       0x78 C:/devkitPro/libnx/lib\libnx.a(sm.o)
 *fill*         0x000000000000b5b8        0x8 
 .text.smAddOverrideHandle
                0x000000000000b5c0       0x48 C:/devkitPro/libnx/lib\libnx.a(sm.o)
                0x000000000000b5c0                smAddOverrideHandle
 *fill*         0x000000000000b608        0x8 
 .text.smGetServiceOverride
                0x000000000000b610       0x54 C:/devkitPro/libnx/lib\libnx.a(sm.o)
                0x000000000000b610                smGetServiceOverride
 *fill*         0x000000000000b664        0xc 
 .text.smInitialize
                0x000000000000b670      0x1ac C:/devkitPro/libnx/lib\libnx.a(sm.o)
                0x000000000000b670                smInitialize
 *fill*         0x000000000000b81c        0x4 
 .text.smExit   0x000000000000b820       0x48 C:/devkitPro/libnx/lib\libnx.a(sm.o)
                0x000000000000b820                smExit
 *fill*         0x000000000000b868        0x8 
 .text.smGetServiceOriginal
                0x000000000000b870       0xd0 C:/devkitPro/libnx/lib\libnx.a(sm.o)
                0x000000000000b870                smGetServiceOriginal
 .text.smGetServiceWrapper
                0x000000000000b940      0x120 C:/devkitPro/libnx/lib\libnx.a(sm.o)
                0x000000000000b940                smGetServiceWrapper
 .text._tcCleanup
                0x000000000000ba60       0x78 C:/devkitPro/libnx/lib\libnx.a(tc.o)
 *fill*         0x000000000000bad8        0x8 
 .text.tcInitialize
                0x000000000000bae0       0x94 C:/devkitPro/libnx/lib\libnx.a(tc.o)
                0x000000000000bae0                tcInitialize
 *fill*         0x000000000000bb74        0xc 
 .text.tcExit   0x000000000000bb80       0x48 C:/devkitPro/libnx/lib\libnx.a(tc.o)
                0x000000000000bb80                tcExit
 *fill*         0x000000000000bbc8        0x8 
 .text.tcGetSkinTemperatureMilliC
                0x000000000000bbd0       0xf8 C:/devkitPro/libnx/lib\libnx.a(tc.o)
                0x000000000000bbd0                tcGetSkinTemperatureMilliC
 *fill*         0x000000000000bcc8        0x8 
 .text._wlaninfCleanup
                0x000000000000bcd0       0x78 C:/devkitPro/libnx/lib\libnx.a(wlaninf.o)
 *fill*         0x000000000000bd48        0x8 
 .text._wlaninfCmdNoInOutU32.constprop.0
                0x000000000000bd50       0xd0 C:/devkitPro/libnx/lib\libnx.a(wlaninf.o)
 .text.wlaninfInitialize
                0x000000000000be20       0xc4 C:/devkitPro/libnx/lib\libnx.a(wlaninf.o)
                0x000000000000be20                wlaninfInitialize
 *fill*         0x000000000000bee4        0xc 
 .text.wlaninfExit
                0x000000000000bef0       0x48 C:/devkitPro/libnx/lib\libnx.a(wlaninf.o)
                0x000000000000bef0                wlaninfExit
 *fill*         0x000000000000bf38        0x8 
 .text.wlaninfGetState
                0x000000000000bf40       0x40 C:/devkitPro/libnx/lib\libnx.a(wlaninf.o)
                0x000000000000bf40                wlaninfGetState
 .text.wlaninfGetRSSI
                0x000000000000bf80        0x8 C:/devkitPro/libnx/lib\libnx.a(wlaninf.o)
                0x000000000000bf80                wlaninfGetRSSI
 *fill*         0x000000000000bf88        0x8 
 .text.__libnx_alloc
                0x000000000000bf90        0x4 C:/devkitPro/libnx/lib\libnx.a(alloc.o)
                0x000000000000bf90                __libnx_alloc
 *fill*         0x000000000000bf94        0xc 
 .text.__libnx_aligned_alloc
                0x000000000000bfa0       0x14 C:/devkitPro/libnx/lib\libnx.a(alloc.o)
                0x000000000000bfa0                __libnx_aligned_alloc
 *fill*         0x000000000000bfb4        0xc 
 .text.__libnx_free
                0x000000000000bfc0        0x4 C:/devkitPro/libnx/lib\libnx.a(alloc.o)
                0x000000000000bfc0                __libnx_free
 *fill*         0x000000000000bfc4        0xc 
 .text.diagAbortWithResult
                0x000000000000bfd0       0x1c C:/devkitPro/libnx/lib\libnx.a(diag.o)
                0x000000000000bfd0                diagAbortWithResult
 *fill*         0x000000000000bfec        0x4 
 .text.envSetup
                0x000000000000bff0      0x208 C:/devkitPro/libnx/lib\libnx.a(env.o)
                0x000000000000bff0                envSetup
 *fill*         0x000000000000c1f8        0x8 
 .text.envGetMainThreadHandle
                0x000000000000c200       0x20 C:/devkitPro/libnx/lib\libnx.a(env.o)
                0x000000000000c200                envGetMainThreadHandle
 .text.envIsNso
                0x000000000000c220        0xc C:/devkitPro/libnx/lib\libnx.a(env.o)
                0x000000000000c220                envIsNso
 *fill*         0x000000000000c22c        0x4 
 .text.envHasHeapOverride
                0x000000000000c230       0x14 C:/devkitPro/libnx/lib\libnx.a(env.o)
                0x000000000000c230                envHasHeapOverride
 *fill*         0x000000000000c244        0xc 
 .text.envGetHeapOverrideAddr
                0x000000000000c250        0xc C:/devkitPro/libnx/lib\libnx.a(env.o)
                0x000000000000c250                envGetHeapOverrideAddr
 *fill*         0x000000000000c25c        0x4 
 .text.envGetHeapOverrideSize
                0x000000000000c260        0xc C:/devkitPro/libnx/lib\libnx.a(env.o)
                0x000000000000c260                envGetHeapOverrideSize
 *fill*         0x000000000000c26c        0x4 
 .text.envHasArgv
                0x000000000000c270       0x14 C:/devkitPro/libnx/lib\libnx.a(env.o)
                0x000000000000c270                envHasArgv
 *fill*         0x000000000000c284        0xc 
 .text.envGetArgv
                0x000000000000c290        0xc C:/devkitPro/libnx/lib\libnx.a(env.o)
                0x000000000000c290                envGetArgv
 *fill*         0x000000000000c29c        0x4 
 .text.envGetExitFuncPtr
                0x000000000000c2a0        0xc C:/devkitPro/libnx/lib\libnx.a(env.o)
                0x000000000000c2a0                envGetExitFuncPtr
 *fill*         0x000000000000c2ac        0x4 
 .text.envSetExitFuncPtr
                0x000000000000c2b0        0xc C:/devkitPro/libnx/lib\libnx.a(env.o)
                0x000000000000c2b0                envSetExitFuncPtr
 *fill*         0x000000000000c2bc        0x4 
 .text.envHasRandomSeed
                0x000000000000c2c0        0xc C:/devkitPro/libnx/lib\libnx.a(env.o)
                0x000000000000c2c0                envHasRandomSeed
 *fill*         0x000000000000c2cc        0x4 
 .text.envGetRandomSeed
                0x000000000000c2d0       0x10 C:/devkitPro/libnx/lib\libnx.a(env.o)
                0x000000000000c2d0                envGetRandomSeed
 .text.envGetUserIdStorage
                0x000000000000c2e0        0xc C:/devkitPro/libnx/lib\libnx.a(env.o)
                0x000000000000c2e0                envGetUserIdStorage
 *fill*         0x000000000000c2ec        0x4 
 .text.hosversionGet
                0x000000000000c2f0       0x14 C:/devkitPro/libnx/lib\libnx.a(hosversion.o)
                0x000000000000c2f0                hosversionGet
 *fill*         0x000000000000c304        0xc 
 .text.hosversionSet
                0x000000000000c310       0x10 C:/devkitPro/libnx/lib\libnx.a(hosversion.o)
                0x000000000000c310                hosversionSet
 .text.padConfigureInput
                0x000000000000c320       0x9c C:/devkitPro/libnx/lib\libnx.a(pad.o)
                0x000000000000c320                padConfigureInput
 *fill*         0x000000000000c3bc        0x4 
 .text.padInitializeWithMask
                0x000000000000c3c0       0x24 C:/devkitPro/libnx/lib\libnx.a(pad.o)
                0x000000000000c3c0                padInitializeWithMask
 *fill*         0x000000000000c3e4        0xc 
 .text.padUpdate
                0x000000000000c3f0      0x29c C:/devkitPro/libnx/lib\libnx.a(pad.o)
                0x000000000000c3f0                padUpdate
 *fill*         0x000000000000c68c        0x4 
 .text.consoleDrawChar
                0x000000000000c690       0x50 C:/devkitPro/libnx/lib\libnx.a(console.o)
 .text.consoleNewRow
                0x000000000000c6e0       0xb8 C:/devkitPro/libnx/lib\libnx.a(console.o)
 *fill*         0x000000000000c798        0x8 
 .text.consolePrintChar.part.0
                0x000000000000c7a0      0x194 C:/devkitPro/libnx/lib\libnx.a(console.o)
 *fill*         0x000000000000c934        0xc 
 .text.con_write
                0x000000000000c940      0xdf8 C:/devkitPro/libnx/lib\libnx.a(console.o)
 *fill*         0x000000000000d738        0x8 
 .text.consoleInit
                0x000000000000d740      0x160 C:/devkitPro/libnx/lib\libnx.a(console.o)
                0x000000000000d740                consoleInit
 .text.consoleExit
                0x000000000000d8a0       0x44 C:/devkitPro/libnx/lib\libnx.a(console.o)
                0x000000000000d8a0                consoleExit
 *fill*         0x000000000000d8e4        0xc 
 .text.consoleUpdate
                0x000000000000d8f0       0x2c C:/devkitPro/libnx/lib\libnx.a(console.o)
                0x000000000000d8f0                consoleUpdate
 *fill*         0x000000000000d91c        0x4 
 .text.consoleClear
                0x000000000000d920       0x98 C:/devkitPro/libnx/lib\libnx.a(console.o)
                0x000000000000d920                consoleClear
 *fill*         0x000000000000d9b8        0x8 
 .text.ConsoleSwRenderer_drawChar
                0x000000000000d9c0      0x1bc C:/devkitPro/libnx/lib\libnx.a(console_sw.o)
 *fill*         0x000000000000db7c        0x4 
 .text.ConsoleSwRenderer_init
                0x000000000000db80       0xe8 C:/devkitPro/libnx/lib\libnx.a(console_sw.o)
 *fill*         0x000000000000dc68        0x8 
 .text.ConsoleSwRenderer_flushAndSwap
                0x000000000000dc70       0x78 C:/devkitPro/libnx/lib\libnx.a(console_sw.o)
 *fill*         0x000000000000dce8        0x8 
 .text.ConsoleSwRenderer_scrollWindow
                0x000000000000dcf0       0xdc C:/devkitPro/libnx/lib\libnx.a(console_sw.o)
 *fill*         0x000000000000ddcc        0x4 
 .text.ConsoleSwRenderer_deinit
                0x000000000000ddd0       0x50 C:/devkitPro/libnx/lib\libnx.a(console_sw.o)
 .text.getDefaultConsoleRenderer
                0x000000000000de20        0xc C:/devkitPro/libnx/lib\libnx.a(console_sw.o)
                0x000000000000de20                getDefaultConsoleRenderer
 *fill*         0x000000000000de2c        0x4 
 .text._socketGetFd
                0x000000000000de30       0x7c C:/devkitPro/libnx/lib\libnx.a(socket.o)
 *fill*         0x000000000000deac        0x4 
 .text._socketParseBsdResult.part.0
                0x000000000000deb0       0xa4 C:/devkitPro/libnx/lib\libnx.a(socket.o)
 *fill*         0x000000000000df54        0xc 
 .text._socketRead
                0x000000000000df60       0x50 C:/devkitPro/libnx/lib\libnx.a(socket.o)
 .text._socketWrite
                0x000000000000dfb0       0x50 C:/devkitPro/libnx/lib\libnx.a(socket.o)
 .text._socketClose
                0x000000000000e000       0x44 C:/devkitPro/libnx/lib\libnx.a(socket.o)
 *fill*         0x000000000000e044        0xc 
 .text._socketOpen
                0x000000000000e050       0x8c C:/devkitPro/libnx/lib\libnx.a(socket.o)
 *fill*         0x000000000000e0dc        0x4 
 .text.socketExit
                0x000000000000e0e0       0x1c C:/devkitPro/libnx/lib\libnx.a(socket.o)
                0x000000000000e0e0                socketExit
 *fill*         0x000000000000e0fc        0x4 
 .text.socketInitialize
                0x000000000000e100      0x1b4 C:/devkitPro/libnx/lib\libnx.a(socket.o)
                0x000000000000e100                socketInitialize
 *fill*         0x000000000000e2b4        0xc 
 .text.socket   0x000000000000e2c0       0x98 C:/devkitPro/libnx/lib\libnx.a(socket.o)
                0x000000000000e2c0                socket
 *fill*         0x000000000000e358        0x8 
 .text.recv     0x000000000000e360       0x5c C:/devkitPro/libnx/lib\libnx.a(socket.o)
                0x000000000000e360                recv
 *fill*         0x000000000000e3bc        0x4 
 .text.send     0x000000000000e3c0       0x5c C:/devkitPro/libnx/lib\libnx.a(socket.o)
                0x000000000000e3c0                send
 *fill*         0x000000000000e41c        0x4 
 .text.accept   0x000000000000e420       0xa0 C:/devkitPro/libnx/lib\libnx.a(socket.o)
                0x000000000000e420                accept
 .text.bind     0x000000000000e4c0       0x60 C:/devkitPro/libnx/lib\libnx.a(socket.o)
                0x000000000000e4c0                bind
 .text.getsockname
                0x000000000000e520       0x58 C:/devkitPro/libnx/lib\libnx.a(socket.o)
                0x000000000000e520                getsockname
 *fill*         0x000000000000e578        0x8 
 .text.listen   0x000000000000e580       0x58 C:/devkitPro/libnx/lib\libnx.a(socket.o)
                0x000000000000e580                listen
 *fill*         0x000000000000e5d8        0x8 
 .text.setsockopt
                0x000000000000e5e0       0x68 C:/devkitPro/libnx/lib\libnx.a(socket.o)
                0x000000000000e5e0                setsockopt
 *fill*         0x000000000000e648        0x8 
 .text.shutdown
                0x000000000000e650       0x58 C:/devkitPro/libnx/lib\libnx.a(socket.o)
                0x000000000000e650                shutdown
 .text.svcSetHeapSize
                0x000000000000e6a8       0x14 C:/devkitPro/libnx/lib\libnx.a(svc.o)
                0x000000000000e6a8                svcSetHeapSize
 .text.svcSetMemoryPermission
                0x000000000000e6bc        0x8 C:/devkitPro/libnx/lib\libnx.a(svc.o)
                0x000000000000e6bc                svcSetMemoryPermission
 .text.svcSetMemoryAttribute
                0x000000000000e6c4        0x8 C:/devkitPro/libnx/lib\libnx.a(svc.o)
                0x000000000000e6c4                svcSetMemoryAttribute
 .text.svcMapMemory
                0x000000000000e6cc        0x8 C:/devkitPro/libnx/lib\libnx.a(svc.o)
                0x000000000000e6cc                svcMapMemory
 .text.svcUnmapMemory
                0x000000000000e6d4        0x8 C:/devkitPro/libnx/lib\libnx.a(svc.o)
                0x000000000000e6d4                svcUnmapMemory
 .text.svcQueryMemory
                0x000000000000e6dc       0x14 C:/devkitPro/libnx/lib\libnx.a(svc.o)
                0x000000000000e6dc                svcQueryMemory
 .text.svcExitProcess
                0x000000000000e6f0        0x8 C:/devkitPro/libnx/lib\libnx.a(svc.o)
                0x000000000000e6f0                svcExitProcess
 .text.svcCreateThread
                0x000000000000e6f8       0x14 C:/devkitPro/libnx/lib\libnx.a(svc.o)
                0x000000000000e6f8                svcCreateThread
 .text.svcStartThread
                0x000000000000e70c        0x8 C:/devkitPro/libnx/lib\libnx.a(svc.o)
                0x000000000000e70c                svcStartThread
 .text.svcExitThread
                0x000000000000e714        0x8 C:/devkitPro/libnx/lib\libnx.a(svc.o)
                0x000000000000e714                svcExitThread
 .text.svcSleepThread
                0x000000000000e71c        0x8 C:/devkitPro/libnx/lib\libnx.a(svc.o)
                0x000000000000e71c                svcSleepThread
 .text.svcMapSharedMemory
                0x000000000000e724        0x8 C:/devkitPro/libnx/lib\libnx.a(svc.o)
                0x000000000000e724                svcMapSharedMemory
 .text.svcUnmapSharedMemory
                0x000000000000e72c        0x8 C:/devkitPro/libnx/lib\libnx.a(svc.o)
                0x000000000000e72c                svcUnmapSharedMemory
 .text.svcCreateTransferMemory
                0x000000000000e734       0x14 C:/devkitPro/libnx/lib\libnx.a(svc.o)
                0x000000000000e734                svcCreateTransferMemory
 .text.svcCloseHandle
                0x000000000000e748        0x8 C:/devkitPro/libnx/lib\libnx.a(svc.o)
                0x000000000000e748                svcCloseHandle
 .text.svcResetSignal
                0x000000000000e750        0x8 C:/devkitPro/libnx/lib\libnx.a(svc.o)
                0x000000000000e750                svcResetSignal
 .text.svcWaitSynchronization
                0x000000000000e758       0x14 C:/devkitPro/libnx/lib\libnx.a(svc.o)
                0x000000000000e758                svcWaitSynchronization
 .text.svcArbitrateLock
                0x000000000000e76c        0x8 C:/devkitPro/libnx/lib\libnx.a(svc.o)
                0x000000000000e76c                svcArbitrateLock
 .text.svcArbitrateUnlock
                0x000000000000e774        0x8 C:/devkitPro/libnx/lib\libnx.a(svc.o)
                0x000000000000e774                svcArbitrateUnlock
 .text.svcWaitProcessWideKeyAtomic
                0x000000000000e77c        0x8 C:/devkitPro/libnx/lib\libnx.a(svc.o)
                0x000000000000e77c                svcWaitProcessWideKeyAtomic
 .text.svcSignalProcessWideKey
                0x000000000000e784        0x8 C:/devkitPro/libnx/lib\libnx.a(svc.o)
                0x000000000000e784                svcSignalProcessWideKey
 .text.svcConnectToNamedPort
                0x000000000000e78c       0x14 C:/devkitPro/libnx/lib\libnx.a(svc.o)
                0x000000000000e78c                svcConnectToNamedPort
 .text.svcSendSyncRequest
                0x000000000000e7a0        0x8 C:/devkitPro/libnx/lib\libnx.a(svc.o)
                0x000000000000e7a0                svcSendSyncRequest
 .text.svcBreak
                0x000000000000e7a8        0x8 C:/devkitPro/libnx/lib\libnx.a(svc.o)
                0x000000000000e7a8                svcBreak
 .text.svcReturnFromException
                0x000000000000e7b0        0x8 C:/devkitPro/libnx/lib\libnx.a(svc.o)
                0x000000000000e7b0                svcReturnFromException
 .text.svcGetInfo
                0x000000000000e7b8       0x14 C:/devkitPro/libnx/lib\libnx.a(svc.o)
                0x000000000000e7b8                svcGetInfo
 .text.svcUnmapTransferMemory
                0x000000000000e7cc        0x8 C:/devkitPro/libnx/lib\libnx.a(svc.o)
                0x000000000000e7cc                svcUnmapTransferMemory
 .text.__aarch64_read_tp
                0x000000000000e7d4        0xc C:/devkitPro/libnx/lib\libnx.a(readtp.o)
                0x000000000000e7d4                __aarch64_read_tp
 .text.eventLoadRemote
                0x000000000000e7e0        0xc C:/devkitPro/libnx/lib\libnx.a(event.o)
                0x000000000000e7e0                eventLoadRemote
 *fill*         0x000000000000e7ec        0x4 
 .text.eventWait
                0x000000000000e7f0       0x34 C:/devkitPro/libnx/lib\libnx.a(event.o)
                0x000000000000e7f0                eventWait
 *fill*         0x000000000000e824        0xc 
 .text.eventClose
                0x000000000000e830       0x54 C:/devkitPro/libnx/lib\libnx.a(event.o)
                0x000000000000e830                eventClose
 *fill*         0x000000000000e884        0xc 
 .text.randomGet
                0x000000000000e890      0x410 C:/devkitPro/libnx/lib\libnx.a(random.o)
                0x000000000000e890                randomGet
 .text.randomGet64
                0x000000000000eca0       0x20 C:/devkitPro/libnx/lib\libnx.a(random.o)
                0x000000000000eca0                randomGet64
 .text.tmemCreate
                0x000000000000ecc0       0xa8 C:/devkitPro/libnx/lib\libnx.a(tmem.o)
                0x000000000000ecc0                tmemCreate
 *fill*         0x000000000000ed68        0x8 
 .text.tmemCreateFromMemory
                0x000000000000ed70       0x2c C:/devkitPro/libnx/lib\libnx.a(tmem.o)
                0x000000000000ed70                tmemCreateFromMemory
 *fill*         0x000000000000ed9c        0x4 
 .text.tmemUnmap
                0x000000000000eda0       0x34 C:/devkitPro/libnx/lib\libnx.a(tmem.o)
                0x000000000000eda0                tmemUnmap
 *fill*         0x000000000000edd4        0xc 
 .text.tmemCloseHandle
                0x000000000000ede0       0x30 C:/devkitPro/libnx/lib\libnx.a(tmem.o)
                0x000000000000ede0                tmemCloseHandle
 .text.tmemWaitForPermission
                0x000000000000ee10       0x9c C:/devkitPro/libnx/lib\libnx.a(tmem.o)
                0x000000000000ee10                tmemWaitForPermission
 *fill*         0x000000000000eeac        0x4 
 .text.tmemClose
                0x000000000000eeb0       0x50 C:/devkitPro/libnx/lib\libnx.a(tmem.o)
                0x000000000000eeb0                tmemClose
 .text.sessionmgrCreate
                0x000000000000ef00      0x184 C:/devkitPro/libnx/lib\libnx.a(sessionmgr.o)
                0x000000000000ef00                sessionmgrCreate
 *fill*         0x000000000000f084        0xc 
 .text.sessionmgrClose
                0x000000000000f090       0x84 C:/devkitPro/libnx/lib\libnx.a(sessionmgr.o)
                0x000000000000f090                sessionmgrClose
 *fill*         0x000000000000f114        0xc 
 .text.sessionmgrAttachClient
                0x000000000000f120       0xa8 C:/devkitPro/libnx/lib\libnx.a(sessionmgr.o)
                0x000000000000f120                sessionmgrAttachClient
 *fill*         0x000000000000f1c8        0x8 
 .text.sessionmgrDetachClient
                0x000000000000f1d0       0x60 C:/devkitPro/libnx/lib\libnx.a(sessionmgr.o)
                0x000000000000f1d0                sessionmgrDetachClient
 .text._apmCleanup
                0x000000000000f230       0xd4 C:/devkitPro/libnx/lib\libnx.a(apm.o)
 *fill*         0x000000000000f304        0xc 
 .text.apmInitialize
                0x000000000000f310      0x194 C:/devkitPro/libnx/lib\libnx.a(apm.o)
                0x000000000000f310                apmInitialize
 *fill*         0x000000000000f4a4        0xc 
 .text.apmExit  0x000000000000f4b0       0x48 C:/devkitPro/libnx/lib\libnx.a(apm.o)
                0x000000000000f4b0                apmExit
 *fill*         0x000000000000f4f8        0x8 
 .text.apmSetPerformanceConfiguration
                0x000000000000f500       0xc8 C:/devkitPro/libnx/lib\libnx.a(apm.o)
                0x000000000000f500                apmSetPerformanceConfiguration
 *fill*         0x000000000000f5c8        0x8 
 .text._bsdCleanup
                0x000000000000f5d0       0xf4 C:/devkitPro/libnx/lib\libnx.a(bsd.o)
 *fill*         0x000000000000f6c4        0xc 
 .text._bsdCmdInDomainTypeProtocol
                0x000000000000f6d0      0x144 C:/devkitPro/libnx/lib\libnx.a(bsd.o)
 *fill*         0x000000000000f814        0xc 
 .text._bsdCmdInSockfdOutSockaddr
                0x000000000000f820      0x1ec C:/devkitPro/libnx/lib\libnx.a(bsd.o)
 *fill*         0x000000000000fa0c        0x4 
 .text._bsdCmdInSockfdSockaddr
                0x000000000000fa10      0x1ac C:/devkitPro/libnx/lib\libnx.a(bsd.o)
 *fill*         0x000000000000fbbc        0x4 
 .text._bsdRegisterClient.constprop.0
                0x000000000000fbc0      0x124 C:/devkitPro/libnx/lib\libnx.a(bsd.o)
 *fill*         0x000000000000fce4        0xc 
 .text.bsdInitialize
                0x000000000000fcf0      0x358 C:/devkitPro/libnx/lib\libnx.a(bsd.o)
                0x000000000000fcf0                bsdInitialize
 *fill*         0x0000000000010048        0x8 
 .text.bsdExit  0x0000000000010050       0x48 C:/devkitPro/libnx/lib\libnx.a(bsd.o)
                0x0000000000010050                bsdExit
 *fill*         0x0000000000010098        0x8 
 .text.bsdSocket
                0x00000000000100a0        0x8 C:/devkitPro/libnx/lib\libnx.a(bsd.o)
                0x00000000000100a0                bsdSocket
 *fill*         0x00000000000100a8        0x8 
 .text.bsdOpen  0x00000000000100b0      0x1c8 C:/devkitPro/libnx/lib\libnx.a(bsd.o)
                0x00000000000100b0                bsdOpen
 *fill*         0x0000000000010278        0x8 
 .text.bsdRecv  0x0000000000010280      0x1bc C:/devkitPro/libnx/lib\libnx.a(bsd.o)
                0x0000000000010280                bsdRecv
 *fill*         0x000000000001043c        0x4 
 .text.bsdSend  0x0000000000010440      0x1c8 C:/devkitPro/libnx/lib\libnx.a(bsd.o)
                0x0000000000010440                bsdSend
 *fill*         0x0000000000010608        0x8 
 .text.bsdAccept
                0x0000000000010610        0x8 C:/devkitPro/libnx/lib\libnx.a(bsd.o)
                0x0000000000010610                bsdAccept
 *fill*         0x0000000000010618        0x8 
 .text.bsdBind  0x0000000000010620        0x8 C:/devkitPro/libnx/lib\libnx.a(bsd.o)
                0x0000000000010620                bsdBind
 *fill*         0x0000000000010628        0x8 
 .text.bsdGetSockName
                0x0000000000010630        0x8 C:/devkitPro/libnx/lib\libnx.a(bsd.o)
                0x0000000000010630                bsdGetSockName
 *fill*         0x0000000000010638        0x8 
 .text.bsdListen
                0x0000000000010640      0x140 C:/devkitPro/libnx/lib\libnx.a(bsd.o)
                0x0000000000010640                bsdListen
 .text.bsdSetSockOpt
                0x0000000000010780      0x1c4 C:/devkitPro/libnx/lib\libnx.a(bsd.o)
                0x0000000000010780                bsdSetSockOpt
 *fill*         0x0000000000010944        0xc 
 .text.bsdShutdown
                0x0000000000010950      0x140 C:/devkitPro/libnx/lib\libnx.a(bsd.o)
                0x0000000000010950                bsdShutdown
 .text.bsdWrite
                0x0000000000010a90      0x1bc C:/devkitPro/libnx/lib\libnx.a(bsd.o)
                0x0000000000010a90                bsdWrite
 *fill*         0x0000000000010c4c        0x4 
 .text.bsdRead  0x0000000000010c50      0x1b0 C:/devkitPro/libnx/lib\libnx.a(bsd.o)
                0x0000000000010c50                bsdRead
 .text.bsdClose
                0x0000000000010e00      0x134 C:/devkitPro/libnx/lib\libnx.a(bsd.o)
                0x0000000000010e00                bsdClose
 *fill*         0x0000000000010f34        0xc 
 .text._hidCleanup
                0x0000000000010f40      0x12c C:/devkitPro/libnx/lib\libnx.a(hid.o)
 *fill*         0x000000000001106c        0x4 
 .text._hidCmdInAruidNoOut
                0x0000000000011070       0xd4 C:/devkitPro/libnx/lib\libnx.a(hid.o)
 *fill*         0x0000000000011144        0xc 
 .text._hidCmdInU32AruidNoOut
                0x0000000000011150       0xe0 C:/devkitPro/libnx/lib\libnx.a(hid.o)
 .text._hidGetStates
                0x0000000000011230      0x194 C:/devkitPro/libnx/lib\libnx.a(hid.o)
 *fill*         0x00000000000113c4        0xc 
 .text.hidInitialize
                0x00000000000113d0      0x26c C:/devkitPro/libnx/lib\libnx.a(hid.o)
                0x00000000000113d0                hidInitialize
 *fill*         0x000000000001163c        0x4 
 .text.hidExit  0x0000000000011640       0x48 C:/devkitPro/libnx/lib\libnx.a(hid.o)
                0x0000000000011640                hidExit
 *fill*         0x0000000000011688        0x8 
 .text.hidGetSharedmemAddr
                0x0000000000011690        0xc C:/devkitPro/libnx/lib\libnx.a(hid.o)
                0x0000000000011690                hidGetSharedmemAddr
 *fill*         0x000000000001169c        0x4 
 .text.hidGetNpadStyleSet
                0x00000000000116a0       0x90 C:/devkitPro/libnx/lib\libnx.a(hid.o)
                0x00000000000116a0                hidGetNpadStyleSet
 .text.hidInitializeNpad
                0x0000000000011730       0x84 C:/devkitPro/libnx/lib\libnx.a(hid.o)
                0x0000000000011730                hidInitializeNpad
 *fill*         0x00000000000117b4        0xc 
 .text.hidGetNpadStatesFullKey
                0x00000000000117c0       0xa4 C:/devkitPro/libnx/lib\libnx.a(hid.o)
                0x00000000000117c0                hidGetNpadStatesFullKey
 *fill*         0x0000000000011864        0xc 
 .text.hidGetNpadStatesHandheld
                0x0000000000011870       0xa4 C:/devkitPro/libnx/lib\libnx.a(hid.o)
                0x0000000000011870                hidGetNpadStatesHandheld
 *fill*         0x0000000000011914        0xc 
 .text.hidGetNpadStatesJoyDual
                0x0000000000011920       0xa4 C:/devkitPro/libnx/lib\libnx.a(hid.o)
                0x0000000000011920                hidGetNpadStatesJoyDual
 *fill*         0x00000000000119c4        0xc 
 .text.hidGetNpadStatesJoyLeft
                0x00000000000119d0       0xa4 C:/devkitPro/libnx/lib\libnx.a(hid.o)
                0x00000000000119d0                hidGetNpadStatesJoyLeft
 *fill*         0x0000000000011a74        0xc 
 .text.hidGetNpadStatesJoyRight
                0x0000000000011a80       0xa4 C:/devkitPro/libnx/lib\libnx.a(hid.o)
                0x0000000000011a80                hidGetNpadStatesJoyRight
 *fill*         0x0000000000011b24        0xc 
 .text.hidGetNpadStatesGc
                0x0000000000011b30      0x144 C:/devkitPro/libnx/lib\libnx.a(hid.o)
                0x0000000000011b30                hidGetNpadStatesGc
 *fill*         0x0000000000011c74        0xc 
 .text.hidGetNpadStatesSystemExt
                0x0000000000011c80       0xa8 C:/devkitPro/libnx/lib\libnx.a(hid.o)
                0x0000000000011c80                hidGetNpadStatesSystemExt
 *fill*         0x0000000000011d28        0x8 
 .text.hidSetSupportedNpadStyleSet
                0x0000000000011d30        0x8 C:/devkitPro/libnx/lib\libnx.a(hid.o)
                0x0000000000011d30                hidSetSupportedNpadStyleSet
 *fill*         0x0000000000011d38        0x8 
 .text.hidSetSupportedNpadIdType
                0x0000000000011d40      0x100 C:/devkitPro/libnx/lib\libnx.a(hid.o)
                0x0000000000011d40                hidSetSupportedNpadIdType
 .text.nwindowGetDefault
                0x0000000000011e40        0xc C:/devkitPro/libnx/lib\libnx.a(default_window.o)
                0x0000000000011e40                nwindowGetDefault
 *fill*         0x0000000000011e4c        0x4 
 .text.__nx_win_init
                0x0000000000011e50       0xa4 C:/devkitPro/libnx/lib\libnx.a(default_window.o)
                0x0000000000011e50                __nx_win_init
 *fill*         0x0000000000011ef4        0xc 
 .text.__nx_win_exit
                0x0000000000011f00       0x34 C:/devkitPro/libnx/lib\libnx.a(default_window.o)
                0x0000000000011f00                __nx_win_exit
 *fill*         0x0000000000011f34        0xc 
 .text.framebufferMakeLinear
                0x0000000000011f40       0x8c C:/devkitPro/libnx/lib\libnx.a(framebuffer.o)
                0x0000000000011f40                framebufferMakeLinear
 *fill*         0x0000000000011fcc        0x4 
 .text.framebufferClose
                0x0000000000011fd0       0x84 C:/devkitPro/libnx/lib\libnx.a(framebuffer.o)
                0x0000000000011fd0                framebufferClose
 *fill*         0x0000000000012054        0xc 
 .text.framebufferCreate
                0x0000000000012060      0x290 C:/devkitPro/libnx/lib\libnx.a(framebuffer.o)
                0x0000000000012060                framebufferCreate
 .text.framebufferBegin
                0x00000000000122f0       0x7c C:/devkitPro/libnx/lib\libnx.a(framebuffer.o)
                0x00000000000122f0                framebufferBegin
 *fill*         0x000000000001236c        0x4 
 .text.framebufferEnd
                0x0000000000012370      0x198 C:/devkitPro/libnx/lib\libnx.a(framebuffer.o)
                0x0000000000012370                framebufferEnd
 *fill*         0x0000000000012508        0x8 
 .text.nwindowIsValid
                0x0000000000012510       0x24 C:/devkitPro/libnx/lib\libnx.a(native_window.o)
                0x0000000000012510                nwindowIsValid
 *fill*         0x0000000000012534        0xc 
 .text.nwindowClose
                0x0000000000012540       0x7c C:/devkitPro/libnx/lib\libnx.a(native_window.o)
                0x0000000000012540                nwindowClose
 *fill*         0x00000000000125bc        0x4 
 .text.nwindowCreate
                0x00000000000125c0       0xf8 C:/devkitPro/libnx/lib\libnx.a(native_window.o)
                0x00000000000125c0                nwindowCreate
 *fill*         0x00000000000126b8        0x8 
 .text.nwindowCreateFromLayer
                0x00000000000126c0       0x38 C:/devkitPro/libnx/lib\libnx.a(native_window.o)
                0x00000000000126c0                nwindowCreateFromLayer
 *fill*         0x00000000000126f8        0x8 
 .text.nwindowSetDimensions
                0x0000000000012700       0x84 C:/devkitPro/libnx/lib\libnx.a(native_window.o)
                0x0000000000012700                nwindowSetDimensions
 *fill*         0x0000000000012784        0xc 
 .text.nwindowConfigureBuffer
                0x0000000000012790      0x180 C:/devkitPro/libnx/lib\libnx.a(native_window.o)
                0x0000000000012790                nwindowConfigureBuffer
 .text.nwindowDequeueBuffer
                0x0000000000012910      0x1cc C:/devkitPro/libnx/lib\libnx.a(native_window.o)
                0x0000000000012910                nwindowDequeueBuffer
 *fill*         0x0000000000012adc        0x4 
 .text.nwindowQueueBuffer
                0x0000000000012ae0      0x12c C:/devkitPro/libnx/lib\libnx.a(native_window.o)
                0x0000000000012ae0                nwindowQueueBuffer
 *fill*         0x0000000000012c0c        0x4 
 .text.nwindowReleaseBuffers
                0x0000000000012c10       0xbc C:/devkitPro/libnx/lib\libnx.a(native_window.o)
                0x0000000000012c10                nwindowReleaseBuffers
 *fill*         0x0000000000012ccc        0x4 
 .text.argvSetup
                0x0000000000012cd0      0x314 C:/devkitPro/libnx/lib\libnx.a(argv.o)
                0x0000000000012cd0                argvSetup
 *fill*         0x0000000000012fe4        0xc 
 .text.__nx_dynamic
                0x0000000000012ff0      0x1fc C:/devkitPro/libnx/lib\libnx.a(dynamic.o)
                0x0000000000012ff0                __nx_dynamic
 *fill*         0x00000000000131ec        0x4 
 .text.__libnx_initheap
                0x00000000000131f0       0xd0 C:/devkitPro/libnx/lib\libnx.a(init.o)
                0x00000000000131f0                __libnx_initheap
 .text.__appInit
                0x00000000000132c0       0xec C:/devkitPro/libnx/lib\libnx.a(init.o)
                0x00000000000132c0                __appInit
 *fill*         0x00000000000133ac        0x4 
 .text.__appExit
                0x00000000000133b0       0x44 C:/devkitPro/libnx/lib\libnx.a(init.o)
                0x00000000000133b0                __appExit
 *fill*         0x00000000000133f4        0xc 
 .text.__libnx_init
                0x0000000000013400       0x2c C:/devkitPro/libnx/lib\libnx.a(init.o)
                0x0000000000013400                __libnx_init
 *fill*         0x000000000001342c        0x4 
 .text.__libnx_exit
                0x0000000000013430       0x1c C:/devkitPro/libnx/lib\libnx.a(init.o)
                0x0000000000013430                __libnx_exit
 *fill*         0x000000000001344c        0x4 
 .text.__syscall_exit
                0x0000000000013450       0x1c C:/devkitPro/libnx/lib\libnx.a(newlib.o)
                0x0000000000013450                __syscall_exit
 *fill*         0x000000000001346c        0x4 
 .text.__syscall_getreent
                0x0000000000013470       0x34 C:/devkitPro/libnx/lib\libnx.a(newlib.o)
                0x0000000000013470                __syscall_getreent
 *fill*         0x00000000000134a4        0xc 
 .text.__syscall_lock_acquire
                0x00000000000134b0        0x4 C:/devkitPro/libnx/lib\libnx.a(newlib.o)
                0x00000000000134b0                __syscall_lock_acquire
 *fill*         0x00000000000134b4        0xc 
 .text.__syscall_lock_release
                0x00000000000134c0        0x4 C:/devkitPro/libnx/lib\libnx.a(newlib.o)
                0x00000000000134c0                __syscall_lock_release
 *fill*         0x00000000000134c4        0xc 
 .text.__syscall_lock_acquire_recursive
                0x00000000000134d0        0x4 C:/devkitPro/libnx/lib\libnx.a(newlib.o)
                0x00000000000134d0                __syscall_lock_acquire_recursive
 *fill*         0x00000000000134d4        0xc 
 .text.__syscall_lock_release_recursive
                0x00000000000134e0        0x4 C:/devkitPro/libnx/lib\libnx.a(newlib.o)
                0x00000000000134e0                __syscall_lock_release_recursive
 *fill*         0x00000000000134e4        0xc 
 .text.__libnx_init_time
                0x00000000000134f0      0x25c C:/devkitPro/libnx/lib\libnx.a(newlib.o)
                0x00000000000134f0                __libnx_init_time
 *fill*         0x000000000001374c        0x4 
 .text.__syscall_gettod_r
                0x0000000000013750       0x88 C:/devkitPro/libnx/lib\libnx.a(newlib.o)
                0x0000000000013750                __syscall_gettod_r
 *fill*         0x00000000000137d8        0x8 
 .text.newlibSetup
                0x00000000000137e0       0x98 C:/devkitPro/libnx/lib\libnx.a(newlib.o)
                0x00000000000137e0                newlibSetup
 *fill*         0x0000000000013878        0x8 
 .text.nxlinkSetup
                0x0000000000013880       0xe8 C:/devkitPro/libnx/lib\libnx.a(nxlink.o)
                0x0000000000013880                nxlinkSetup
 *fill*         0x0000000000013968        0x8 
 .text._convert_errno
                0x0000000000013970       0x30 C:/devkitPro/libnx/lib\libnx.a(convert_errno.o)
                0x0000000000013970                _convert_errno
 .text.fsdev_link
                0x00000000000139a0       0x10 C:/devkitPro/libnx/lib\libnx.a(fs_dev.o)
 .text.fsdev_dirreset
                0x00000000000139b0       0x10 C:/devkitPro/libnx/lib\libnx.a(fs_dev.o)
 .text.fsdev_chmod
                0x00000000000139c0       0x10 C:/devkitPro/libnx/lib\libnx.a(fs_dev.o)
 .text.error_cmp
                0x00000000000139d0       0x18 C:/devkitPro/libnx/lib\libnx.a(fs_dev.o)
 *fill*         0x00000000000139e8        0x8 
 .text.fsdev_dirclose
                0x00000000000139f0       0x20 C:/devkitPro/libnx/lib\libnx.a(fs_dev.o)
 .text.fsdev_close
                0x0000000000013a10       0x1c C:/devkitPro/libnx/lib\libnx.a(fs_dev.o)
 *fill*         0x0000000000013a2c        0x4 
 .text.fsdev_converttimetoutc
                0x0000000000013a30       0x74 C:/devkitPro/libnx/lib\libnx.a(fs_dev.o)
 *fill*         0x0000000000013aa4        0xc 
 .text.fsdevFindDevice.part.0
                0x0000000000013ab0       0xf8 C:/devkitPro/libnx/lib\libnx.a(fs_dev.o)
 *fill*         0x0000000000013ba8        0x8 
 .text.fsdev_fixpath
                0x0000000000013bb0      0x1cc C:/devkitPro/libnx/lib\libnx.a(fs_dev.o)
 *fill*         0x0000000000013d7c        0x4 
 .text._fsdevUnmountDeviceStruct.part.0
                0x0000000000013d80       0x9c C:/devkitPro/libnx/lib\libnx.a(fs_dev.o)
 *fill*         0x0000000000013e1c        0x4 
 .text.fsdev_fchmod
                0x0000000000013e20       0x10 C:/devkitPro/libnx/lib\libnx.a(fs_dev.o)
 .text.fsdev_diropen
                0x0000000000013e30      0x100 C:/devkitPro/libnx/lib\libnx.a(fs_dev.o)
 .text.fsdev_statvfs
                0x0000000000013f30       0xf8 C:/devkitPro/libnx/lib\libnx.a(fs_dev.o)
 *fill*         0x0000000000014028        0x8 
 .text.fsdev_fsync
                0x0000000000014030       0x7c C:/devkitPro/libnx/lib\libnx.a(fs_dev.o)
 *fill*         0x00000000000140ac        0x4 
 .text.fsdev_fstat
                0x00000000000140b0       0xec C:/devkitPro/libnx/lib\libnx.a(fs_dev.o)
 *fill*         0x000000000001419c        0x4 
 .text.fsdev_ftruncate
                0x00000000000141a0       0x94 C:/devkitPro/libnx/lib\libnx.a(fs_dev.o)
 *fill*         0x0000000000014234        0xc 
 .text.fsdev_stat
                0x0000000000014240      0x1d8 C:/devkitPro/libnx/lib\libnx.a(fs_dev.o)
 *fill*         0x0000000000014418        0x8 
 .text.fsdev_rename
                0x0000000000014420      0x14c C:/devkitPro/libnx/lib\libnx.a(fs_dev.o)
 *fill*         0x000000000001456c        0x4 
 .text.fsdev_chdir
                0x0000000000014570      0x13c C:/devkitPro/libnx/lib\libnx.a(fs_dev.o)
 *fill*         0x00000000000146ac        0x4 
 .text.fsdev_rmdir
                0x00000000000146b0       0xa4 C:/devkitPro/libnx/lib\libnx.a(fs_dev.o)
 *fill*         0x0000000000014754        0xc 
 .text.fsdev_mkdir
                0x0000000000014760       0xa4 C:/devkitPro/libnx/lib\libnx.a(fs_dev.o)
 *fill*         0x0000000000014804        0xc 
 .text.fsdev_unlink
                0x0000000000014810       0xa4 C:/devkitPro/libnx/lib\libnx.a(fs_dev.o)
 *fill*         0x00000000000148b4        0xc 
 .text.fsdev_write_safe
                0x00000000000148c0      0x13c C:/devkitPro/libnx/lib\libnx.a(fs_dev.o)
 *fill*         0x00000000000149fc        0x4 
 .text.fsdev_read_safe
                0x0000000000014a00      0x134 C:/devkitPro/libnx/lib\libnx.a(fs_dev.o)
 *fill*         0x0000000000014b34        0xc 
 .text.fsdev_read
                0x0000000000014b40      0x100 C:/devkitPro/libnx/lib\libnx.a(fs_dev.o)
 .text.fsdev_dirnext
                0x0000000000014c40      0x1d4 C:/devkitPro/libnx/lib\libnx.a(fs_dev.o)
 *fill*         0x0000000000014e14        0xc 
 .text.fsdev_write
                0x0000000000014e20      0x124 C:/devkitPro/libnx/lib\libnx.a(fs_dev.o)
 *fill*         0x0000000000014f44        0xc 
 .text.fsdev_seek
                0x0000000000014f50      0x110 C:/devkitPro/libnx/lib\libnx.a(fs_dev.o)
 .text.fsdev_open
                0x0000000000015060      0x230 C:/devkitPro/libnx/lib\libnx.a(fs_dev.o)
 .text.fsdevMountDevice
                0x0000000000015290      0x324 C:/devkitPro/libnx/lib\libnx.a(fs_dev.o)
                0x0000000000015290                fsdevMountDevice
 *fill*         0x00000000000155b4        0xc 
 .text.fsdevMountSdmc
                0x00000000000155c0       0x40 C:/devkitPro/libnx/lib\libnx.a(fs_dev.o)
                0x00000000000155c0                fsdevMountSdmc
 .text.__libnx_init_cwd
                0x0000000000015600       0xbc C:/devkitPro/libnx/lib\libnx.a(fs_dev.o)
                0x0000000000015600                __libnx_init_cwd
 *fill*         0x00000000000156bc        0x4 
 .text.fsdevUnmountAll
                0x00000000000156c0       0x64 C:/devkitPro/libnx/lib\libnx.a(fs_dev.o)
                0x00000000000156c0                fsdevUnmountAll
 *fill*         0x0000000000015724        0xc 
 .text.decode_utf8
                0x0000000000015730      0x128 C:/devkitPro/libnx/lib\libnx.a(decode_utf8.o)
                0x0000000000015730                decode_utf8
 .text.armDCacheFlush
                0x0000000000015858       0x4c C:/devkitPro/libnx/lib\libnx.a(cache.o)
                0x0000000000015858                armDCacheFlush
 .text.__libnx_exception_entry
                0x00000000000158a4      0x1c0 C:/devkitPro/libnx/lib\libnx.a(exception.o)
                0x00000000000158a4                __libnx_exception_entry
 .text.__libnx_exception_returnentry
                0x0000000000015a64       0x18 C:/devkitPro/libnx/lib\libnx.a(exception.o)
                0x0000000000015a64                __libnx_exception_returnentry
 *fill*         0x0000000000015a7c        0x4 
 .text.condvarWaitTimeout
                0x0000000000015a80       0x70 C:/devkitPro/libnx/lib\libnx.a(condvar.o)
                0x0000000000015a80                condvarWaitTimeout
 .text.shmemLoadRemote
                0x0000000000015af0       0x14 C:/devkitPro/libnx/lib\libnx.a(shmem.o)
                0x0000000000015af0                shmemLoadRemote
 *fill*         0x0000000000015b04        0xc 
 .text.shmemMap
                0x0000000000015b10       0x70 C:/devkitPro/libnx/lib\libnx.a(shmem.o)
                0x0000000000015b10                shmemMap
 .text.shmemUnmap
                0x0000000000015b80       0x34 C:/devkitPro/libnx/lib\libnx.a(shmem.o)
                0x0000000000015b80                shmemUnmap
 *fill*         0x0000000000015bb4        0xc 
 .text.shmemClose
                0x0000000000015bc0       0x4c C:/devkitPro/libnx/lib\libnx.a(shmem.o)
                0x0000000000015bc0                shmemClose
 *fill*         0x0000000000015c0c        0x4 
 .text._nvCleanup
                0x0000000000015c10       0xd0 C:/devkitPro/libnx/lib\libnx.a(nv.o)
 .text._nvCmdInitialize.constprop.0
                0x0000000000015ce0       0xd4 C:/devkitPro/libnx/lib\libnx.a(nv.o)
 *fill*         0x0000000000015db4        0xc 
 .text.__nx_nv_create_tmem
                0x0000000000015dc0       0x18 C:/devkitPro/libnx/lib\libnx.a(nv.o)
                0x0000000000015dc0                __nx_nv_create_tmem
 *fill*         0x0000000000015dd8        0x8 
 .text.nvInitialize
                0x0000000000015de0      0x3a8 C:/devkitPro/libnx/lib\libnx.a(nv.o)
                0x0000000000015de0                nvInitialize
 *fill*         0x0000000000016188        0x8 
 .text.nvExit   0x0000000000016190       0x48 C:/devkitPro/libnx/lib\libnx.a(nv.o)
                0x0000000000016190                nvExit
 *fill*         0x00000000000161d8        0x8 
 .text.nvConvertError
                0x00000000000161e0       0xf4 C:/devkitPro/libnx/lib\libnx.a(nv.o)
                0x00000000000161e0                nvConvertError
 *fill*         0x00000000000162d4        0xc 
 .text.nvOpen   0x00000000000162e0      0x114 C:/devkitPro/libnx/lib\libnx.a(nv.o)
                0x00000000000162e0                nvOpen
 *fill*         0x00000000000163f4        0xc 
 .text.nvIoctl  0x0000000000016400      0x310 C:/devkitPro/libnx/lib\libnx.a(nv.o)
                0x0000000000016400                nvIoctl
 .text.nvClose  0x0000000000016710       0xd4 C:/devkitPro/libnx/lib\libnx.a(nv.o)
                0x0000000000016710                nvClose
 *fill*         0x00000000000167e4        0xc 
 .text.nvQueryEvent
                0x00000000000167f0      0x10c C:/devkitPro/libnx/lib\libnx.a(nv.o)
                0x00000000000167f0                nvQueryEvent
 *fill*         0x00000000000168fc        0x4 
 .text._timeCleanup
                0x0000000000016900      0x27c C:/devkitPro/libnx/lib\libnx.a(time.o)
 *fill*         0x0000000000016b7c        0x4 
 .text._timeCmdGetSession.constprop.0
                0x0000000000016b80      0x100 C:/devkitPro/libnx/lib\libnx.a(time.o)
 .text._timeReadClockFromSharedMem
                0x0000000000016c80      0x104 C:/devkitPro/libnx/lib\libnx.a(time.o)
 *fill*         0x0000000000016d84        0xc 
 .text.timeInitialize
                0x0000000000016d90      0x300 C:/devkitPro/libnx/lib\libnx.a(time.o)
                0x0000000000016d90                timeInitialize
 .text.timeExit
                0x0000000000017090       0x48 C:/devkitPro/libnx/lib\libnx.a(time.o)
                0x0000000000017090                timeExit
 *fill*         0x00000000000170d8        0x8 
 .text.timeGetServiceSession_SystemClock
                0x00000000000170e0       0x38 C:/devkitPro/libnx/lib\libnx.a(time.o)
                0x00000000000170e0                timeGetServiceSession_SystemClock
 *fill*         0x0000000000017118        0x8 
 .text.timeGetCurrentTime
                0x0000000000017120       0xfc C:/devkitPro/libnx/lib\libnx.a(time.o)
                0x0000000000017120                timeGetCurrentTime
 *fill*         0x000000000001721c        0x4 
 .text.timeToCalendarTimeWithMyRule
                0x0000000000017220      0x108 C:/devkitPro/libnx/lib\libnx.a(time.o)
                0x0000000000017220                timeToCalendarTimeWithMyRule
 *fill*         0x0000000000017328        0x8 
 .text.timeToPosixTimeWithMyRule
                0x0000000000017330      0x114 C:/devkitPro/libnx/lib\libnx.a(time.o)
                0x0000000000017330                timeToPosixTimeWithMyRule
 *fill*         0x0000000000017444        0xc 
 .text._viCleanup
                0x0000000000017450      0x230 C:/devkitPro/libnx/lib\libnx.a(vi.o)
 .text._viCmdGetSessionNoParams.constprop.0
                0x0000000000017680      0x100 C:/devkitPro/libnx/lib\libnx.a(vi.o)
 .text.viInitialize
                0x0000000000017780      0x368 C:/devkitPro/libnx/lib\libnx.a(vi.o)
                0x0000000000017780                viInitialize
 *fill*         0x0000000000017ae8        0x8 
 .text.viExit   0x0000000000017af0       0x48 C:/devkitPro/libnx/lib\libnx.a(vi.o)
                0x0000000000017af0                viExit
 *fill*         0x0000000000017b38        0x8 
 .text.viGetSession_IHOSBinderDriverRelay
                0x0000000000017b40        0xc C:/devkitPro/libnx/lib\libnx.a(vi.o)
                0x0000000000017b40                viGetSession_IHOSBinderDriverRelay
 *fill*         0x0000000000017b4c        0x4 
 .text.viOpenDisplay
                0x0000000000017b50      0x10c C:/devkitPro/libnx/lib\libnx.a(vi.o)
                0x0000000000017b50                viOpenDisplay
 *fill*         0x0000000000017c5c        0x4 
 .text.viCloseDisplay
                0x0000000000017c60       0xec C:/devkitPro/libnx/lib\libnx.a(vi.o)
                0x0000000000017c60                viCloseDisplay
 *fill*         0x0000000000017d4c        0x4 
 .text.viCloseLayer
                0x0000000000017d50       0xf4 C:/devkitPro/libnx/lib\libnx.a(vi.o)
                0x0000000000017d50                viCloseLayer
 *fill*         0x0000000000017e44        0xc 
 .text.viCreateLayer
                0x0000000000017e50      0x394 C:/devkitPro/libnx/lib\libnx.a(vi.o)
                0x0000000000017e50                viCreateLayer
 *fill*         0x00000000000181e4        0xc 
 .text.viSetLayerScalingMode
                0x00000000000181f0       0xd8 C:/devkitPro/libnx/lib\libnx.a(vi.o)
                0x00000000000181f0                viSetLayerScalingMode
 *fill*         0x00000000000182c8        0x8 
 .text._nvFenceCleanup
                0x00000000000182d0       0x74 C:/devkitPro/libnx/lib\libnx.a(fence.o)
 *fill*         0x0000000000018344        0xc 
 .text.nvFenceInit
                0x0000000000018350       0x98 C:/devkitPro/libnx/lib\libnx.a(fence.o)
                0x0000000000018350                nvFenceInit
 *fill*         0x00000000000183e8        0x8 
 .text.nvFenceExit
                0x00000000000183f0       0x48 C:/devkitPro/libnx/lib\libnx.a(fence.o)
                0x00000000000183f0                nvFenceExit
 *fill*         0x0000000000018438        0x8 
 .text.nvFenceWait
                0x0000000000018440      0x290 C:/devkitPro/libnx/lib\libnx.a(fence.o)
                0x0000000000018440                nvFenceWait
 .text.nvMultiFenceWait
                0x00000000000186d0       0x7c C:/devkitPro/libnx/lib\libnx.a(fence.o)
                0x00000000000186d0                nvMultiFenceWait
 *fill*         0x000000000001874c        0x4 
 .text.nvMapInit
                0x0000000000018750       0xac C:/devkitPro/libnx/lib\libnx.a(map.o)
                0x0000000000018750                nvMapInit
 *fill*         0x00000000000187fc        0x4 
 .text.nvMapExit
                0x0000000000018800       0x74 C:/devkitPro/libnx/lib\libnx.a(map.o)
                0x0000000000018800                nvMapExit
 *fill*         0x0000000000018874        0xc 
 .text.nvMapClose
                0x0000000000018880       0x8c C:/devkitPro/libnx/lib\libnx.a(map.o)
                0x0000000000018880                nvMapClose
 *fill*         0x000000000001890c        0x4 
 .text.nvMapCreate
                0x0000000000018910      0x160 C:/devkitPro/libnx/lib\libnx.a(map.o)
                0x0000000000018910                nvMapCreate
 .text.nvioctlNvhostCtrl_EventSignal
                0x0000000000018a70       0x24 C:/devkitPro/libnx/lib\libnx.a(nvhost-ctrl.o)
                0x0000000000018a70                nvioctlNvhostCtrl_EventSignal
 *fill*         0x0000000000018a94        0xc 
 .text.nvioctlNvhostCtrl_EventWait
                0x0000000000018aa0       0x3c C:/devkitPro/libnx/lib\libnx.a(nvhost-ctrl.o)
                0x0000000000018aa0                nvioctlNvhostCtrl_EventWait
 *fill*         0x0000000000018adc        0x4 
 .text.nvioctlNvhostCtrl_EventWaitAsync
                0x0000000000018ae0       0x28 C:/devkitPro/libnx/lib\libnx.a(nvhost-ctrl.o)
                0x0000000000018ae0                nvioctlNvhostCtrl_EventWaitAsync
 *fill*         0x0000000000018b08        0x8 
 .text.nvioctlNvhostCtrl_EventRegister
                0x0000000000018b10       0x24 C:/devkitPro/libnx/lib\libnx.a(nvhost-ctrl.o)
                0x0000000000018b10                nvioctlNvhostCtrl_EventRegister
 *fill*         0x0000000000018b34        0xc 
 .text.nvioctlNvhostCtrl_EventUnregister
                0x0000000000018b40       0x24 C:/devkitPro/libnx/lib\libnx.a(nvhost-ctrl.o)
                0x0000000000018b40                nvioctlNvhostCtrl_EventUnregister
 *fill*         0x0000000000018b64        0xc 
 .text.nvioctlNvmap_Create
                0x0000000000018b70       0x3c C:/devkitPro/libnx/lib\libnx.a(nvmap.o)
                0x0000000000018b70                nvioctlNvmap_Create
 *fill*         0x0000000000018bac        0x4 
 .text.nvioctlNvmap_Alloc
                0x0000000000018bb0       0x30 C:/devkitPro/libnx/lib\libnx.a(nvmap.o)
                0x0000000000018bb0                nvioctlNvmap_Alloc
 .text.nvioctlNvmap_Free
                0x0000000000018be0       0x30 C:/devkitPro/libnx/lib\libnx.a(nvmap.o)
                0x0000000000018be0                nvioctlNvmap_Free
 .text.nvioctlNvmap_GetId
                0x0000000000018c10       0x3c C:/devkitPro/libnx/lib\libnx.a(nvmap.o)
                0x0000000000018c10                nvioctlNvmap_GetId
 *fill*         0x0000000000018c4c        0x4 
 .text.binderCreate
                0x0000000000018c50       0x1c C:/devkitPro/libnx/lib\libnx.a(binder.o)
                0x0000000000018c50                binderCreate
 *fill*         0x0000000000018c6c        0x4 
 .text.binderTransactParcel
                0x0000000000018c70      0x35c C:/devkitPro/libnx/lib\libnx.a(binder.o)
                0x0000000000018c70                binderTransactParcel
 *fill*         0x0000000000018fcc        0x4 
 .text.binderConvertErrorCode
                0x0000000000018fd0       0xe8 C:/devkitPro/libnx/lib\libnx.a(binder.o)
                0x0000000000018fd0                binderConvertErrorCode
 *fill*         0x00000000000190b8        0x8 
 .text.binderAdjustRefcount
                0x00000000000190c0      0x124 C:/devkitPro/libnx/lib\libnx.a(binder.o)
                0x00000000000190c0                binderAdjustRefcount
 *fill*         0x00000000000191e4        0xc 
 .text.binderInitSession
                0x00000000000191f0       0x9c C:/devkitPro/libnx/lib\libnx.a(binder.o)
                0x00000000000191f0                binderInitSession
 *fill*         0x000000000001928c        0x4 
 .text.binderClose
                0x0000000000019290       0x5c C:/devkitPro/libnx/lib\libnx.a(binder.o)
                0x0000000000019290                binderClose
 *fill*         0x00000000000192ec        0x4 
 .text.binderGetNativeHandle
                0x00000000000192f0      0x154 C:/devkitPro/libnx/lib\libnx.a(binder.o)
                0x00000000000192f0                binderGetNativeHandle
 *fill*         0x0000000000019444        0xc 
 .text.bqRequestBuffer
                0x0000000000019450       0xc8 C:/devkitPro/libnx/lib\libnx.a(buffer_producer.o)
                0x0000000000019450                bqRequestBuffer
 *fill*         0x0000000000019518        0x8 
 .text.bqDequeueBuffer
                0x0000000000019520      0x128 C:/devkitPro/libnx/lib\libnx.a(buffer_producer.o)
                0x0000000000019520                bqDequeueBuffer
 *fill*         0x0000000000019648        0x8 
 .text.bqQueueBuffer
                0x0000000000019650       0xc8 C:/devkitPro/libnx/lib\libnx.a(buffer_producer.o)
                0x0000000000019650                bqQueueBuffer
 *fill*         0x0000000000019718        0x8 
 .text.bqCancelBuffer
                0x0000000000019720       0x84 C:/devkitPro/libnx/lib\libnx.a(buffer_producer.o)
                0x0000000000019720                bqCancelBuffer
 *fill*         0x00000000000197a4        0xc 
 .text.bqConnect
                0x00000000000197b0       0xd0 C:/devkitPro/libnx/lib\libnx.a(buffer_producer.o)
                0x00000000000197b0                bqConnect
 .text.bqDisconnect
                0x0000000000019880       0x88 C:/devkitPro/libnx/lib\libnx.a(buffer_producer.o)
                0x0000000000019880                bqDisconnect
 *fill*         0x0000000000019908        0x8 
 .text.bqSetPreallocatedBuffer
                0x0000000000019910      0x194 C:/devkitPro/libnx/lib\libnx.a(buffer_producer.o)
                0x0000000000019910                bqSetPreallocatedBuffer
 *fill*         0x0000000000019aa4        0xc 
 .text.parcelCreate
                0x0000000000019ab0       0x30 C:/devkitPro/libnx/lib\libnx.a(parcel.o)
                0x0000000000019ab0                parcelCreate
 .text.parcelTransact
                0x0000000000019ae0      0x174 C:/devkitPro/libnx/lib\libnx.a(parcel.o)
                0x0000000000019ae0                parcelTransact
 *fill*         0x0000000000019c54        0xc 
 .text.parcelWriteData
                0x0000000000019c60       0x80 C:/devkitPro/libnx/lib\libnx.a(parcel.o)
                0x0000000000019c60                parcelWriteData
 .text.parcelReadData
                0x0000000000019ce0       0x88 C:/devkitPro/libnx/lib\libnx.a(parcel.o)
                0x0000000000019ce0                parcelReadData
 *fill*         0x0000000000019d68        0x8 
 .text.parcelWriteInt32
                0x0000000000019d70       0x20 C:/devkitPro/libnx/lib\libnx.a(parcel.o)
                0x0000000000019d70                parcelWriteInt32
 .text.parcelWriteUInt32
                0x0000000000019d90       0x20 C:/devkitPro/libnx/lib\libnx.a(parcel.o)
                0x0000000000019d90                parcelWriteUInt32
 .text.parcelWriteString16
                0x0000000000019db0       0x7c C:/devkitPro/libnx/lib\libnx.a(parcel.o)
                0x0000000000019db0                parcelWriteString16
 *fill*         0x0000000000019e2c        0x4 
 .text.parcelWriteInterfaceToken
                0x0000000000019e30       0x30 C:/devkitPro/libnx/lib\libnx.a(parcel.o)
                0x0000000000019e30                parcelWriteInterfaceToken
 .text.parcelReadInt32
                0x0000000000019e60       0x24 C:/devkitPro/libnx/lib\libnx.a(parcel.o)
                0x0000000000019e60                parcelReadInt32
 *fill*         0x0000000000019e84        0xc 
 .text.parcelReadFlattenedObject
                0x0000000000019e90       0x68 C:/devkitPro/libnx/lib\libnx.a(parcel.o)
                0x0000000000019e90                parcelReadFlattenedObject
 *fill*         0x0000000000019ef8        0x8 
 .text.parcelWriteFlattenedObject
                0x0000000000019f00       0x44 C:/devkitPro/libnx/lib\libnx.a(parcel.o)
                0x0000000000019f00                parcelWriteFlattenedObject
 *fill*         0x0000000000019f44       0x1c 
 .text.strncat  0x0000000000019f60       0xc4 C:/devkitPro/devkitA64/bin/../lib/gcc/aarch64-none-elf/15.2.0/../../../../aarch64-none-elf/lib/pic\libc.a(libc_a-strncat.o)
                0x0000000000019f60                strncat
 *fill*         0x000000000001a024       0x1c 
 .text.sscanf   0x000000000001a040       0xb0 C:/devkitPro/devkitA64/bin/../lib/gcc/aarch64-none-elf/15.2.0/../../../../aarch64-none-elf/lib/pic\libc.a(libc_a-sscanf.o)
                0x000000000001a040                sscanf
 *fill*         0x000000000001a0f0       0x10 
 .text._fread_r
                0x000000000001a100      0x330 C:/devkitPro/devkitA64/bin/../lib/gcc/aarch64-none-elf/15.2.0/../../../../aarch64-none-elf/lib/pic\libc.a(libc_a-fread.o)
                0x000000000001a100                _fread_r
 *fill*         0x000000000001a430       0x10 
 .text.fread    0x000000000001a440       0x34 C:/devkitPro/devkitA64/bin/../lib/gcc/aarch64-none-elf/15.2.0/../../../../aarch64-none-elf/lib/pic\libc.a(libc_a-fread.o)
                0x000000000001a440                fread
 *fill*         0x000000000001a474        0xc 
 .text          0x000000000001a480       0xb8 C:/devkitPro/devkitA64/bin/../lib/gcc/aarch64-none-elf/15.2.0/../../../../aarch64-none-elf/lib/pic\libc.a(libc_a-strnlen.o)
                0x000000000001a480                strnlen
 *fill*         0x000000000001a538        0x8 
 .text.bsearch  0x000000000001a540       0xb4 C:/devkitPro/devkitA64/bin/../lib/gcc/aarch64-none-elf/15.2.0/../../../../aarch64-none-elf/lib/pic\libc.a(libc_a-bsearch.o)
                0x000000000001a540                bsearch
 *fill*         0x000000000001a5f4        0xc 
 .text          0x000000000001a600      0x22c C:/devkitPro/devkitA64/bin/../lib/gcc/aarch64-none-elf/15.2.0/../../../../aarch64-none-elf/lib/pic\libc.a(libc_a-memcpy.o)
                0x000000000001a600                memcpy
                0x000000000001a600                memmove
 .text.get_arg  0x000000000001a82c       0x74 C:/devkitPro/devkitA64/bin/../lib/gcc/aarch64-none-elf/15.2.0/../../../../aarch64-none-elf/lib/pic\libc.a(libc_a-svfscanf.o)
 .text.__ssvfscanf_r
                0x000000000001a8a0     0x3260 C:/devkitPro/devkitA64/bin/../lib/gcc/aarch64-none-elf/15.2.0/../../../../aarch64-none-elf/lib/pic\libc.a(libc_a-svfscanf.o)
                0x000000000001a8a0                __ssvfscanf_r
 .text._fopen_r
                0x000000000001db00      0x120 C:/devkitPro/devkitA64/bin/../lib/gcc/aarch64-none-elf/15.2.0/../../../../aarch64-none-elf/lib/pic\libc.a(libc_a-fopen.o)
                0x000000000001db00                _fopen_r
 .text.fopen    0x000000000001dc20       0x2c C:/devkitPro/devkitA64/bin/../lib/gcc/aarch64-none-elf/15.2.0/../../../../aarch64-none-elf/lib/pic\libc.a(libc_a-fopen.o)
                0x000000000001dc20                fopen
 *fill*         0x000000000001dc4c       0x14 
 .text.sulp     0x000000000001dc60       0x58 C:/devkitPro/devkitA64/bin/../lib/gcc/aarch64-none-elf/15.2.0/../../../../aarch64-none-elf/lib/pic\libc.a(libc_a-strtod.o)
 *fill*         0x000000000001dcb8        0x8 
 .text._strtod_l
                0x000000000001dcc0     0x12f8 C:/devkitPro/devkitA64/bin/../lib/gcc/aarch64-none-elf/15.2.0/../../../../aarch64-none-elf/lib/pic\libc.a(libc_a-strtod.o)
                0x000000000001dcc0                _strtod_l
 *fill*         0x000000000001efb8        0x8 
 .text._strtod_r
                0x000000000001efc0       0x40 C:/devkitPro/devkitA64/bin/../lib/gcc/aarch64-none-elf/15.2.0/../../../../aarch64-none-elf/lib/pic\libc.a(libc_a-strtod.o)
                0x000000000001efc0                _strtod_r
 .text.close    0x000000000001f000       0x1c C:/devkitPro/devkitA64/bin/../lib/gcc/aarch64-none-elf/15.2.0/../../../../aarch64-none-elf/lib/pic\libc.a(libc_a-sysclose.o)
                0x000000000001f000                close
 *fill*         0x000000000001f01c        0x4 
 .text.gmtime   0x000000000001f020       0x28 C:/devkitPro/devkitA64/bin/../lib/gcc/aarch64-none-elf/15.2.0/../../../../aarch64-none-elf/lib/pic\libc.a(libc_a-gmtime.o)
                0x000000000001f020                gmtime
 *fill*         0x000000000001f048       0x18 
 .text._strtoull_l.isra.0
                0x000000000001f060      0x1a4 C:/devkitPro/devkitA64/bin/../lib/gcc/aarch64-none-elf/15.2.0/../../../../aarch64-none-elf/lib/pic\libc.a(libc_a-strtoull.o)
 *fill*         0x000000000001f204       0x1c 
 .text._strtoull_r
                0x000000000001f220       0x34 C:/devkitPro/devkitA64/bin/../lib/gcc/aarch64-none-elf/15.2.0/../../../../aarch64-none-elf/lib/pic\libc.a(libc_a-strtoull.o)
                0x000000000001f220                _strtoull_r
 *fill*         0x000000000001f254       0x2c 
 .text          0x000000000001f280      0x104 C:/devkitPro/devkitA64/bin/../lib/gcc/aarch64-none-elf/15.2.0/../../../../aarch64-none-elf/lib/pic\libc.a(libc_a-memset.o)
                0x000000000001f280                memset
 *fill*         0x000000000001f384       0x1c 
 .text.rshift   0x000000000001f3a0      0x110 C:/devkitPro/devkitA64/bin/../lib/gcc/aarch64-none-elf/15.2.0/../../../../aarch64-none-elf/lib/pic\libc.a(libc_a-gdtoa-gethex.o)
 *fill*         0x000000000001f4b0       0x10 
 .text.__gethex
                0x000000000001f4c0      0x860 C:/devkitPro/devkitA64/bin/../lib/gcc/aarch64-none-elf/15.2.0/../../../../aarch64-none-elf/lib/pic\libc.a(libc_a-gdtoa-gethex.o)
                0x000000000001f4c0                __gethex
 .text.snprintf
                0x000000000001fd20       0xf8 C:/devkitPro/devkitA64/bin/../lib/gcc/aarch64-none-elf/15.2.0/../../../../aarch64-none-elf/lib/pic\libc.a(libc_a-snprintf.o)
                0x000000000001fd20                snprintf
 *fill*         0x000000000001fe18        0x8 
 .text.printf   0x000000000001fe20       0x80 C:/devkitPro/devkitA64/bin/../lib/gcc/aarch64-none-elf/15.2.0/../../../../aarch64-none-elf/lib/pic\libc.a(libc_a-printf.o)
                0x000000000001fe20                printf
 .text._strtoul_l.isra.0
                0x000000000001fea0      0x1a4 C:/devkitPro/devkitA64/bin/../lib/gcc/aarch64-none-elf/15.2.0/../../../../aarch64-none-elf/lib/pic\libc.a(libc_a-strtoul.o)
 *fill*         0x0000000000020044       0x1c 
 .text._strtoul_r
                0x0000000000020060       0x34 C:/devkitPro/devkitA64/bin/../lib/gcc/aarch64-none-elf/15.2.0/../../../../aarch64-none-elf/lib/pic\libc.a(libc_a-strtoul.o)
                0x0000000000020060                _strtoul_r
 *fill*         0x0000000000020094        0xc 
 .text.strtoul  0x00000000000200a0       0x40 C:/devkitPro/devkitA64/bin/../lib/gcc/aarch64-none-elf/15.2.0/../../../../aarch64-none-elf/lib/pic\libc.a(libc_a-strtoul.o)
                0x00000000000200a0                strtoul
 *fill*         0x00000000000200e0       0x20 
 .text          0x0000000000020100      0x12c C:/devkitPro/devkitA64/bin/../lib/gcc/aarch64-none-elf/15.2.0/../../../../aarch64-none-elf/lib/pic\libc.a(libc_a-strcpy.o)
                0x0000000000020100                strcpy
 *fill*         0x000000000002022c       0x14 
 .text._mbrtowc_r
                0x0000000000020240       0xd8 C:/devkitPro/devkitA64/bin/../lib/gcc/aarch64-none-elf/15.2.0/../../../../aarch64-none-elf/lib/pic\libc.a(libc_a-mbrtowc.o)
                0x0000000000020240                _mbrtowc_r
 *fill*         0x0000000000020318        0x8 
 .text._remove_r